<?xml version="1.0"?>
<link_info>
   <banner>TI ARM Linker Unix v16.9.6.LTS</banner>
   <copyright>Copyright (c) 1996-2017 Texas Instruments Incorporated</copyright>
   <link_time>0x5b3bf4bb</link_time>
   <link_errors>0x0</link_errors>
   <output_file>boostxl_edumkii_lightsensor_msp432p401r_MSP_EXP432P401R_nortos_ccs.out</output_file>
   <entry_point>
      <name>_c_int00</name>
      <address>0x1611</address>
   </entry_point>
   <input_file_list>
      <input_file id="fl-2">
         <path>./</path>
         <kind>object</kind>
         <file>HAL_I2C.obj</file>
         <name>HAL_I2C.obj</name>
      </input_file>
      <input_file id="fl-3">
         <path>./</path>
         <kind>object</kind>
         <file>HAL_OPT3001.obj</file>
         <name>HAL_OPT3001.obj</name>
      </input_file>
      <input_file id="fl-4">
         <path>./</path>
         <kind>object</kind>
         <file>main.obj</file>
         <name>main.obj</name>
      </input_file>
      <input_file id="fl-5">
         <path>./</path>
         <kind>object</kind>
         <file>system_msp432p401r.obj</file>
         <name>system_msp432p401r.obj</name>
      </input_file>
      <input_file id="fl-6">
         <path>./LcdDriver/</path>
         <kind>object</kind>
         <file>Crystalfontz128x128_ST7735.obj</file>
         <name>Crystalfontz128x128_ST7735.obj</name>
      </input_file>
      <input_file id="fl-7">
         <path>./LcdDriver/</path>
         <kind>object</kind>
         <file>HAL_MSP_EXP432P401R_Crystalfontz128x128_ST7735.obj</file>
         <name>HAL_MSP_EXP432P401R_Crystalfontz128x128_ST7735.obj</name>
      </input_file>
      <input_file id="fl-8">
         <path>./ccs/</path>
         <kind>object</kind>
         <file>startup_msp432p401r_ccs.obj</file>
         <name>startup_msp432p401r_ccs.obj</name>
      </input_file>
      <input_file id="fl-13">
         <kind>object</kind>
         <file>&lt;internal&gt;</file>
         <name>&lt;internal&gt;</name>
      </input_file>
      <input_file id="fl-14">
         <path>/home/david/ti/simplelink_msp432p4_sdk_2_20_00_12/source/ti/grlib/lib/ccs/m4f/</path>
         <kind>archive</kind>
         <file>grlib.a</file>
         <name>circle.obj</name>
      </input_file>
      <input_file id="fl-15">
         <path>/home/david/ti/simplelink_msp432p4_sdk_2_20_00_12/source/ti/grlib/lib/ccs/m4f/</path>
         <kind>archive</kind>
         <file>grlib.a</file>
         <name>context.obj</name>
      </input_file>
      <input_file id="fl-16">
         <path>/home/david/ti/simplelink_msp432p4_sdk_2_20_00_12/source/ti/grlib/lib/ccs/m4f/</path>
         <kind>archive</kind>
         <file>grlib.a</file>
         <name>display.obj</name>
      </input_file>
      <input_file id="fl-17">
         <path>/home/david/ti/simplelink_msp432p4_sdk_2_20_00_12/source/ti/grlib/lib/ccs/m4f/</path>
         <kind>archive</kind>
         <file>grlib.a</file>
         <name>line.obj</name>
      </input_file>
      <input_file id="fl-18">
         <path>/home/david/ti/simplelink_msp432p4_sdk_2_20_00_12/source/ti/devices/msp432p4xx/driverlib/ccs/</path>
         <kind>archive</kind>
         <file>msp432p4xx_driverlib.lib</file>
         <name>gpio.o</name>
      </input_file>
      <input_file id="fl-19">
         <path>/home/david/ti/simplelink_msp432p4_sdk_2_20_00_12/source/ti/devices/msp432p4xx/driverlib/ccs/</path>
         <kind>archive</kind>
         <file>msp432p4xx_driverlib.lib</file>
         <name>i2c.o</name>
      </input_file>
      <input_file id="fl-1a">
         <path>/home/david/ti/simplelink_msp432p4_sdk_2_20_00_12/source/ti/devices/msp432p4xx/driverlib/ccs/</path>
         <kind>archive</kind>
         <file>msp432p4xx_driverlib.lib</file>
         <name>interrupt.o</name>
      </input_file>
      <input_file id="fl-1b">
         <path>/home/david/ti/simplelink_msp432p4_sdk_2_20_00_12/source/ti/devices/msp432p4xx/driverlib/ccs/</path>
         <kind>archive</kind>
         <file>msp432p4xx_driverlib.lib</file>
         <name>spi.o</name>
      </input_file>
      <input_file id="fl-1c">
         <path>/home/david/ti/simplelink_msp432p4_sdk_2_20_00_12/source/ti/devices/msp432p4xx/driverlib/ccs/</path>
         <kind>archive</kind>
         <file>msp432p4xx_driverlib.lib</file>
         <name>cpu.o</name>
      </input_file>
      <input_file id="fl-d2">
         <path>/home/david/ti/ccsv7/tools/compiler/ti-cgt-arm_16.9.6.LTS/lib/</path>
         <kind>archive</kind>
         <file>rtsv7M4_T_le_v4SPD16_eabi.lib</file>
         <name>boot.obj</name>
      </input_file>
      <input_file id="fl-d3">
         <path>/home/david/ti/ccsv7/tools/compiler/ti-cgt-arm_16.9.6.LTS/lib/</path>
         <kind>archive</kind>
         <file>rtsv7M4_T_le_v4SPD16_eabi.lib</file>
         <name>copy_decompress_lzss.obj</name>
      </input_file>
      <input_file id="fl-d4">
         <path>/home/david/ti/ccsv7/tools/compiler/ti-cgt-arm_16.9.6.LTS/lib/</path>
         <kind>archive</kind>
         <file>rtsv7M4_T_le_v4SPD16_eabi.lib</file>
         <name>copy_decompress_none.obj</name>
      </input_file>
      <input_file id="fl-d5">
         <path>/home/david/ti/ccsv7/tools/compiler/ti-cgt-arm_16.9.6.LTS/lib/</path>
         <kind>archive</kind>
         <file>rtsv7M4_T_le_v4SPD16_eabi.lib</file>
         <name>copy_zero_init.obj</name>
      </input_file>
      <input_file id="fl-d6">
         <path>/home/david/ti/ccsv7/tools/compiler/ti-cgt-arm_16.9.6.LTS/lib/</path>
         <kind>archive</kind>
         <file>rtsv7M4_T_le_v4SPD16_eabi.lib</file>
         <name>exit.obj</name>
      </input_file>
      <input_file id="fl-d7">
         <path>/home/david/ti/ccsv7/tools/compiler/ti-cgt-arm_16.9.6.LTS/lib/</path>
         <kind>archive</kind>
         <file>rtsv7M4_T_le_v4SPD16_eabi.lib</file>
         <name>fd_add_t2.obj</name>
      </input_file>
      <input_file id="fl-d8">
         <path>/home/david/ti/ccsv7/tools/compiler/ti-cgt-arm_16.9.6.LTS/lib/</path>
         <kind>archive</kind>
         <file>rtsv7M4_T_le_v4SPD16_eabi.lib</file>
         <name>fd_mul_t2.obj</name>
      </input_file>
      <input_file id="fl-d9">
         <path>/home/david/ti/ccsv7/tools/compiler/ti-cgt-arm_16.9.6.LTS/lib/</path>
         <kind>archive</kind>
         <file>rtsv7M4_T_le_v4SPD16_eabi.lib</file>
         <name>fd_toi_t2.obj</name>
      </input_file>
      <input_file id="fl-da">
         <path>/home/david/ti/ccsv7/tools/compiler/ti-cgt-arm_16.9.6.LTS/lib/</path>
         <kind>archive</kind>
         <file>rtsv7M4_T_le_v4SPD16_eabi.lib</file>
         <name>i_tofd_t2.obj</name>
      </input_file>
      <input_file id="fl-db">
         <path>/home/david/ti/ccsv7/tools/compiler/ti-cgt-arm_16.9.6.LTS/lib/</path>
         <kind>archive</kind>
         <file>rtsv7M4_T_le_v4SPD16_eabi.lib</file>
         <name>memcpy_t2.obj</name>
      </input_file>
      <input_file id="fl-dc">
         <path>/home/david/ti/ccsv7/tools/compiler/ti-cgt-arm_16.9.6.LTS/lib/</path>
         <kind>archive</kind>
         <file>rtsv7M4_T_le_v4SPD16_eabi.lib</file>
         <name>memset_t2.obj</name>
      </input_file>
      <input_file id="fl-dd">
         <path>/home/david/ti/ccsv7/tools/compiler/ti-cgt-arm_16.9.6.LTS/lib/</path>
         <kind>archive</kind>
         <file>rtsv7M4_T_le_v4SPD16_eabi.lib</file>
         <name>mpu_init.obj</name>
      </input_file>
      <input_file id="fl-de">
         <path>/home/david/ti/ccsv7/tools/compiler/ti-cgt-arm_16.9.6.LTS/lib/</path>
         <kind>archive</kind>
         <file>rtsv7M4_T_le_v4SPD16_eabi.lib</file>
         <name>pre_init.obj</name>
      </input_file>
      <input_file id="fl-df">
         <path>/home/david/ti/ccsv7/tools/compiler/ti-cgt-arm_16.9.6.LTS/lib/</path>
         <kind>archive</kind>
         <file>rtsv7M4_T_le_v4SPD16_eabi.lib</file>
         <name>s_round.obj</name>
      </input_file>
      <input_file id="fl-e0">
         <path>/home/david/ti/ccsv7/tools/compiler/ti-cgt-arm_16.9.6.LTS/lib/</path>
         <kind>archive</kind>
         <file>rtsv7M4_T_le_v4SPD16_eabi.lib</file>
         <name>stkdepth_vars.obj</name>
      </input_file>
      <input_file id="fl-e1">
         <path>/home/david/ti/ccsv7/tools/compiler/ti-cgt-arm_16.9.6.LTS/lib/</path>
         <kind>archive</kind>
         <file>rtsv7M4_T_le_v4SPD16_eabi.lib</file>
         <name>_lock.obj</name>
      </input_file>
      <input_file id="fl-e2">
         <path>/home/david/ti/ccsv7/tools/compiler/ti-cgt-arm_16.9.6.LTS/lib/</path>
         <kind>archive</kind>
         <file>rtsv7M4_T_le_v4SPD16_eabi.lib</file>
         <name>args_main.obj</name>
      </input_file>
      <input_file id="fl-e3">
         <path>/home/david/ti/ccsv7/tools/compiler/ti-cgt-arm_16.9.6.LTS/lib/</path>
         <kind>archive</kind>
         <file>rtsv7M4_T_le_v4SPD16_eabi.lib</file>
         <name>autoinit.obj</name>
      </input_file>
      <input_file id="fl-e4">
         <path>/home/david/ti/ccsv7/tools/compiler/ti-cgt-arm_16.9.6.LTS/lib/</path>
         <kind>archive</kind>
         <file>rtsv7M4_T_le_v4SPD16_eabi.lib</file>
         <name>cpy_tbl.obj</name>
      </input_file>
      <input_file id="fl-e5">
         <path>/home/david/ti/ccsv7/tools/compiler/ti-cgt-arm_16.9.6.LTS/lib/</path>
         <kind>archive</kind>
         <file>rtsv7M4_T_le_v4SPD16_eabi.lib</file>
         <name>fd_cmp_t2.obj</name>
      </input_file>
      <input_file id="fl-e6">
         <path>/home/david/ti/ccsv7/tools/compiler/ti-cgt-arm_16.9.6.LTS/lib/</path>
         <kind>archive</kind>
         <file>rtsv7M4_T_le_v4SPD16_eabi.lib</file>
         <name>s_floor.obj</name>
      </input_file>
      <input_file id="fl-e7">
         <path>/home/david/ti/ccsv7/tools/compiler/ti-cgt-arm_16.9.6.LTS/lib/</path>
         <kind>archive</kind>
         <file>rtsv7M4_T_le_v4SPD16_eabi.lib</file>
         <name>startup.obj</name>
      </input_file>
   </input_file_list>
   <object_component_list>
      <object_component id="oc-2c">
         <name>.intvecs:retain</name>
         <load_address>0x0</load_address>
         <run_address>0x0</run_address>
         <size>0xe4</size>
         <input_file_ref idref="fl-8"/>
      </object_component>
      <object_component id="oc-115">
         <name>.text:Graphics_fillCircle</name>
         <load_address>0xe4</load_address>
         <run_address>0xe4</run_address>
         <size>0x22a</size>
         <input_file_ref idref="fl-14"/>
      </object_component>
      <object_component id="oc-1f5">
         <name>.text:Crystalfontz128x128_PixelDrawMultiple</name>
         <load_address>0x30e</load_address>
         <run_address>0x30e</run_address>
         <size>0x1d8</size>
         <input_file_ref idref="fl-6"/>
      </object_component>
      <object_component id="oc-df">
         <name>.text</name>
         <load_address>0x4e6</load_address>
         <run_address>0x4e6</run_address>
         <size>0x1b6</size>
         <input_file_ref idref="fl-d7"/>
      </object_component>
      <object_component id="oc-b6">
         <name>.text:main</name>
         <load_address>0x69c</load_address>
         <run_address>0x69c</run_address>
         <size>0x148</size>
         <input_file_ref idref="fl-4"/>
      </object_component>
      <object_component id="oc-1d4">
         <name>.text:Crystalfontz128x128_SetDrawFrame</name>
         <load_address>0x7e4</load_address>
         <run_address>0x7e4</run_address>
         <size>0x134</size>
         <input_file_ref idref="fl-6"/>
      </object_component>
      <object_component id="oc-152">
         <name>.text:Crystalfontz128x128_Init</name>
         <load_address>0x918</load_address>
         <run_address>0x918</run_address>
         <size>0x12c</size>
         <input_file_ref idref="fl-6"/>
      </object_component>
      <object_component id="oc-da">
         <name>.text</name>
         <load_address>0xa44</load_address>
         <run_address>0xa44</run_address>
         <size>0xfc</size>
         <input_file_ref idref="fl-d8"/>
      </object_component>
      <object_component id="oc-172">
         <name>.text</name>
         <load_address>0xb40</load_address>
         <run_address>0xb40</run_address>
         <size>0xf8</size>
         <input_file_ref idref="fl-e6"/>
      </object_component>
      <object_component id="oc-87">
         <name>.text:T32_INT1_IRQHandler</name>
         <load_address>0xc38</load_address>
         <run_address>0xc38</run_address>
         <size>0xd8</size>
         <input_file_ref idref="fl-4"/>
      </object_component>
      <object_component id="oc-fe">
         <name>.text:AccelerometerSetup</name>
         <load_address>0xd10</load_address>
         <run_address>0xd10</run_address>
         <size>0xc8</size>
         <input_file_ref idref="fl-4"/>
      </object_component>
      <object_component id="oc-104">
         <name>.text</name>
         <load_address>0xdd8</load_address>
         <run_address>0xdd8</run_address>
         <size>0xc0</size>
         <input_file_ref idref="fl-df"/>
      </object_component>
      <object_component id="oc-260">
         <name>.text:SPI_initMaster</name>
         <load_address>0xe98</load_address>
         <run_address>0xe98</run_address>
         <size>0xb0</size>
         <input_file_ref idref="fl-1b"/>
      </object_component>
      <object_component id="oc-207">
         <name>.text:Crystalfontz128x128_RectFill</name>
         <load_address>0xf48</load_address>
         <run_address>0xf48</run_address>
         <size>0x9c</size>
         <input_file_ref idref="fl-6"/>
      </object_component>
      <object_component id="oc-18d">
         <name>.text:Graphics_drawLineH</name>
         <load_address>0xfe4</load_address>
         <run_address>0xfe4</run_address>
         <size>0x9c</size>
         <input_file_ref idref="fl-17"/>
      </object_component>
      <object_component id="oc-3b">
         <name>.text</name>
         <load_address>0x1080</load_address>
         <run_address>0x1080</run_address>
         <size>0x9c</size>
         <input_file_ref idref="fl-db"/>
      </object_component>
      <object_component id="oc-253">
         <name>.text:GPIO_setAsPeripheralModuleFunctionOutputPin</name>
         <load_address>0x111c</load_address>
         <run_address>0x111c</run_address>
         <size>0x88</size>
         <input_file_ref idref="fl-18"/>
      </object_component>
      <object_component id="oc-178">
         <name>.text:__aeabi_cdcmple</name>
         <load_address>0x11a4</load_address>
         <run_address>0x11a4</run_address>
         <size>0x86</size>
         <input_file_ref idref="fl-e5"/>
      </object_component>
      <object_component id="oc-221">
         <name>.text:__aeabi_cdrcmple</name>
         <load_address>0x122a</load_address>
         <run_address>0x122a</run_address>
         <size>0x86</size>
         <input_file_ref idref="fl-e5"/>
      </object_component>
      <object_component id="oc-f8">
         <name>.text:Setup</name>
         <load_address>0x12b0</load_address>
         <run_address>0x12b0</run_address>
         <size>0x80</size>
         <input_file_ref idref="fl-4"/>
      </object_component>
      <object_component id="oc-47">
         <name>.text</name>
         <load_address>0x1330</load_address>
         <run_address>0x1330</run_address>
         <size>0x7a</size>
         <input_file_ref idref="fl-dc"/>
      </object_component>
      <object_component id="oc-7b">
         <name>.text:Default_Handler</name>
         <load_address>0x13aa</load_address>
         <run_address>0x13aa</run_address>
         <size>0x2</size>
         <input_file_ref idref="fl-8"/>
      </object_component>
      <object_component id="oc-c9">
         <name>.text:SystemInit</name>
         <load_address>0x13ac</load_address>
         <run_address>0x13ac</run_address>
         <size>0x78</size>
         <input_file_ref idref="fl-5"/>
      </object_component>
      <object_component id="oc-5f">
         <name>.text</name>
         <load_address>0x1424</load_address>
         <run_address>0x1424</run_address>
         <size>0x70</size>
         <input_file_ref idref="fl-e3"/>
      </object_component>
      <object_component id="oc-14">
         <name>.text:decompress:lzss</name>
         <load_address>0x1494</load_address>
         <run_address>0x1494</run_address>
         <size>0x68</size>
         <input_file_ref idref="fl-d3"/>
      </object_component>
      <object_component id="oc-1fb">
         <name>.text:Crystalfontz128x128_LineDrawH</name>
         <load_address>0x14fc</load_address>
         <run_address>0x14fc</run_address>
         <size>0x60</size>
         <input_file_ref idref="fl-6"/>
      </object_component>
      <object_component id="oc-201">
         <name>.text:Crystalfontz128x128_LineDrawV</name>
         <load_address>0x155c</load_address>
         <run_address>0x155c</run_address>
         <size>0x60</size>
         <input_file_ref idref="fl-6"/>
      </object_component>
      <object_component id="oc-158">
         <name>.text:Crystalfontz128x128_SetOrientation</name>
         <load_address>0x15bc</load_address>
         <run_address>0x15bc</run_address>
         <size>0x54</size>
         <input_file_ref idref="fl-6"/>
      </object_component>
      <object_component id="oc-26">
         <name>.text</name>
         <load_address>0x1610</load_address>
         <run_address>0x1610</run_address>
         <size>0x54</size>
         <input_file_ref idref="fl-d2"/>
      </object_component>
      <object_component id="oc-6b">
         <name>.text</name>
         <load_address>0x1664</load_address>
         <run_address>0x1664</run_address>
         <size>0x54</size>
         <input_file_ref idref="fl-d6"/>
      </object_component>
      <object_component id="oc-15e">
         <name>.text:Graphics_initContext</name>
         <load_address>0x16b8</load_address>
         <run_address>0x16b8</run_address>
         <size>0x52</size>
         <input_file_ref idref="fl-15"/>
      </object_component>
      <object_component id="oc-53">
         <name>.text</name>
         <load_address>0x170a</load_address>
         <run_address>0x170a</run_address>
         <size>0x2</size>
         <input_file_ref idref="fl-dd"/>
      </object_component>
      <object_component id="oc-81">
         <name>.text:ADC14_IRQHandler</name>
         <load_address>0x170c</load_address>
         <run_address>0x170c</run_address>
         <size>0x4c</size>
         <input_file_ref idref="fl-4"/>
      </object_component>
      <object_component id="oc-a8">
         <name>.text</name>
         <load_address>0x1758</load_address>
         <run_address>0x1758</run_address>
         <size>0x4c</size>
         <input_file_ref idref="fl-e4"/>
      </object_component>
      <object_component id="oc-146">
         <name>.text:__NVIC_SetPriority</name>
         <load_address>0x17a4</load_address>
         <run_address>0x17a4</run_address>
         <size>0x48</size>
         <input_file_ref idref="fl-4"/>
      </object_component>
      <object_component id="oc-10a">
         <name>.text</name>
         <load_address>0x17ec</load_address>
         <run_address>0x17ec</run_address>
         <size>0x48</size>
         <input_file_ref idref="fl-d9"/>
      </object_component>
      <object_component id="oc-1ef">
         <name>.text:Crystalfontz128x128_PixelDraw</name>
         <load_address>0x1834</load_address>
         <run_address>0x1834</run_address>
         <size>0x40</size>
         <input_file_ref idref="fl-6"/>
      </object_component>
      <object_component id="oc-259">
         <name>.text:GPIO_setAsOutputPin</name>
         <load_address>0x1874</load_address>
         <run_address>0x1874</run_address>
         <size>0x40</size>
         <input_file_ref idref="fl-18"/>
      </object_component>
      <object_component id="oc-1b6">
         <name>.text:HAL_LCD_SpiInit</name>
         <load_address>0x18b4</load_address>
         <run_address>0x18b4</run_address>
         <size>0x40</size>
         <input_file_ref idref="fl-7"/>
      </object_component>
      <object_component id="oc-2a6">
         <name>.text:is_A_Module</name>
         <load_address>0x18f4</load_address>
         <run_address>0x18f4</run_address>
         <size>0x40</size>
         <input_file_ref idref="fl-1b"/>
      </object_component>
      <object_component id="oc-1c8">
         <name>.text:HAL_LCD_writeCommand</name>
         <load_address>0x1934</load_address>
         <run_address>0x1934</run_address>
         <size>0x38</size>
         <input_file_ref idref="fl-7"/>
      </object_component>
      <object_component id="oc-243">
         <name>.text:Graphics_drawHorizontalLineOnDisplay</name>
         <load_address>0x196c</load_address>
         <run_address>0x196c</run_address>
         <size>0x36</size>
         <input_file_ref idref="fl-16"/>
      </object_component>
      <object_component id="oc-1b0">
         <name>.text:HAL_LCD_PortInit</name>
         <load_address>0x19a2</load_address>
         <run_address>0x19a2</run_address>
         <size>0x30</size>
         <input_file_ref idref="fl-7"/>
      </object_component>
      <object_component id="oc-ae">
         <name>.text</name>
         <load_address>0x19d2</load_address>
         <run_address>0x19d2</run_address>
         <size>0x2</size>
         <input_file_ref idref="fl-e7"/>
      </object_component>
      <object_component id="oc-14c">
         <name>.text:__NVIC_EnableIRQ</name>
         <load_address>0x19d4</load_address>
         <run_address>0x19d4</run_address>
         <size>0x30</size>
         <input_file_ref idref="fl-4"/>
      </object_component>
      <object_component id="oc-d5">
         <name>.text</name>
         <load_address>0x1a04</load_address>
         <run_address>0x1a04</run_address>
         <size>0x2e</size>
         <input_file_ref idref="fl-da"/>
      </object_component>
      <object_component id="oc-219">
         <name>.text:Crystalfontz128x128_ClearScreen</name>
         <load_address>0x1a34</load_address>
         <run_address>0x1a34</run_address>
         <size>0x2c</size>
         <input_file_ref idref="fl-6"/>
      </object_component>
      <object_component id="oc-1ce">
         <name>.text:HAL_LCD_writeData</name>
         <load_address>0x1a60</load_address>
         <run_address>0x1a60</run_address>
         <size>0x2c</size>
         <input_file_ref idref="fl-7"/>
      </object_component>
      <object_component id="oc-20d">
         <name>.text:Crystalfontz128x128_ColorTranslate</name>
         <load_address>0x1a8c</load_address>
         <run_address>0x1a8c</run_address>
         <size>0x28</size>
         <input_file_ref idref="fl-6"/>
      </object_component>
      <object_component id="oc-1c2">
         <name>.text:GPIO_setOutputHighOnPin</name>
         <load_address>0x1ab4</load_address>
         <run_address>0x1ab4</run_address>
         <size>0x28</size>
         <input_file_ref idref="fl-18"/>
      </object_component>
      <object_component id="oc-1bc">
         <name>.text:GPIO_setOutputLowOnPin</name>
         <load_address>0x1adc</load_address>
         <run_address>0x1adc</run_address>
         <size>0x28</size>
         <input_file_ref idref="fl-18"/>
      </object_component>
      <object_component id="oc-266">
         <name>.text:SPI_enableModule</name>
         <load_address>0x1b04</load_address>
         <run_address>0x1b04</run_address>
         <size>0x1c</size>
         <input_file_ref idref="fl-1b"/>
      </object_component>
      <object_component id="oc-1e6">
         <name>.text:Graphics_clearDisplayOnDisplay</name>
         <load_address>0x1b20</load_address>
         <run_address>0x1b20</run_address>
         <size>0x1a</size>
         <input_file_ref idref="fl-16"/>
      </object_component>
      <object_component id="oc-65">
         <name>.text</name>
         <load_address>0x1b3c</load_address>
         <run_address>0x1b3c</run_address>
         <size>0x18</size>
         <input_file_ref idref="fl-e2"/>
      </object_component>
      <object_component id="oc-2ae">
         <name>.text:EUSCI_A_SPI_enable</name>
         <load_address>0x1b54</load_address>
         <run_address>0x1b54</run_address>
         <size>0x16</size>
         <input_file_ref idref="fl-1b"/>
      </object_component>
      <object_component id="oc-2b4">
         <name>.text:EUSCI_B_SPI_enable</name>
         <load_address>0x1b6a</load_address>
         <run_address>0x1b6a</run_address>
         <size>0x16</size>
         <input_file_ref idref="fl-1b"/>
      </object_component>
      <object_component id="oc-10f">
         <name>.text:Graphics_setForegroundColor</name>
         <load_address>0x1b80</load_address>
         <run_address>0x1b80</run_address>
         <size>0x16</size>
         <input_file_ref idref="fl-15"/>
      </object_component>
      <object_component id="oc-180">
         <name>.text:Graphics_translateColorOnDisplay</name>
         <load_address>0x1b96</load_address>
         <run_address>0x1b96</run_address>
         <size>0x16</size>
         <input_file_ref idref="fl-16"/>
      </object_component>
      <object_component id="oc-128">
         <name>.text</name>
         <load_address>0x1bac</load_address>
         <run_address>0x1bac</run_address>
         <size>0x14</size>
         <input_file_ref idref="fl-e1"/>
      </object_component>
      <object_component id="oc-164">
         <name>.text:Graphics_clearDisplay</name>
         <load_address>0x1bc0</load_address>
         <run_address>0x1bc0</run_address>
         <size>0x12</size>
         <input_file_ref idref="fl-15"/>
      </object_component>
      <object_component id="oc-1a">
         <name>.text:decompress:none</name>
         <load_address>0x1bd2</load_address>
         <run_address>0x1bd2</run_address>
         <size>0xe</size>
         <input_file_ref idref="fl-d4"/>
      </object_component>
      <object_component id="oc-75">
         <name>.text:Reset_Handler</name>
         <load_address>0x1be0</load_address>
         <run_address>0x1be0</run_address>
         <size>0xc</size>
         <input_file_ref idref="fl-8"/>
      </object_component>
      <object_component id="oc-20">
         <name>.text:decompress:ZI</name>
         <load_address>0x1bec</load_address>
         <run_address>0x1bec</run_address>
         <size>0xc</size>
         <input_file_ref idref="fl-d5"/>
      </object_component>
      <object_component id="oc-213">
         <name>.text:Crystalfontz128x128_Flush</name>
         <load_address>0x1bf8</load_address>
         <run_address>0x1bf8</run_address>
         <size>0xa</size>
         <input_file_ref idref="fl-6"/>
      </object_component>
      <object_component id="oc-59">
         <name>.text</name>
         <load_address>0x1c02</load_address>
         <run_address>0x1c02</run_address>
         <size>0x4</size>
         <input_file_ref idref="fl-de"/>
      </object_component>
      <object_component id="oc-275">
         <name>.const:GPIO_PORT_TO_BASE</name>
         <load_address>0x1c08</load_address>
         <run_address>0x1c08</run_address>
         <size>0x30</size>
         <input_file_ref idref="fl-18"/>
      </object_component>
      <object_component id="oc-16d">
         <name>.const:g_sCrystalfontz128x128_funcs</name>
         <load_address>0x1c38</load_address>
         <run_address>0x1c38</run_address>
         <size>0x20</size>
         <input_file_ref idref="fl-6"/>
      </object_component>
      <object_component id="oc-26c">
         <name>.const:$P$T0$1</name>
         <load_address>0x1c58</load_address>
         <run_address>0x1c58</run_address>
         <size>0x1c</size>
         <input_file_ref idref="fl-7"/>
      </object_component>
      <object_component id="oc-291">
         <name>.const:$P$T0$1</name>
         <load_address>0x1c74</load_address>
         <run_address>0x1c74</run_address>
         <size>0x8</size>
         <input_file_ref idref="fl-6"/>
      </object_component>
      <object_component id="oc-302">
         <name>.cinit..data.load</name>
         <load_address>0x1c80</load_address>
         <run_address>0x1c80</run_address>
         <size>0x23</size>
      </object_component>
      <object_component id="oc-300">
         <name>__TI_handler_table</name>
         <load_address>0x1ca4</load_address>
         <run_address>0x1ca4</run_address>
         <size>0xc</size>
      </object_component>
      <object_component id="oc-303">
         <name>.cinit..bss.load</name>
         <load_address>0x1cb0</load_address>
         <run_address>0x1cb0</run_address>
         <size>0x8</size>
      </object_component>
      <object_component id="oc-301">
         <name>__TI_cinit_table</name>
         <load_address>0x1cb8</load_address>
         <run_address>0x1cb8</run_address>
         <size>0x10</size>
      </object_component>
      <object_component id="oc-2dd">
         <name>.binit</name>
         <load_address>0x0</load_address>
         <run_address>0x0</run_address>
         <size>0x0</size>
      </object_component>
      <object_component id="oc-d1">
         <name>.data</name>
         <load_address>0x20000000</load_address>
         <run_address>0x20000000</run_address>
         <size>0x58</size>
         <input_file_ref idref="fl-4"/>
      </object_component>
      <object_component id="oc-16a">
         <name>.data:g_sCrystalfontz128x128</name>
         <load_address>0x20000058</load_address>
         <run_address>0x20000058</run_address>
         <size>0x10</size>
         <input_file_ref idref="fl-6"/>
      </object_component>
      <object_component id="oc-be">
         <name>.data:$O1$$</name>
         <load_address>0x20000068</load_address>
         <run_address>0x20000068</run_address>
         <size>0xc</size>
         <input_file_ref idref="fl-d6"/>
      </object_component>
      <object_component id="oc-71">
         <name>.data</name>
         <load_address>0x2000007c</load_address>
         <run_address>0x2000007c</run_address>
         <size>0x4</size>
         <input_file_ref idref="fl-e0"/>
      </object_component>
      <object_component id="oc-c1">
         <name>.data:$O1$$</name>
         <load_address>0x20000074</load_address>
         <run_address>0x20000074</run_address>
         <size>0x8</size>
         <input_file_ref idref="fl-e1"/>
      </object_component>
      <object_component id="oc-11b">
         <name>.common:g_sContext</name>
         <uninitialized>true</uninitialized>
         <run_address>0x20000080</run_address>
         <size>0x1c</size>
      </object_component>
      <object_component id="oc-1e3">
         <name>.common:Lcd_Orientation</name>
         <uninitialized>true</uninitialized>
         <run_address>0x200000a4</run_address>
         <size>0x1</size>
      </object_component>
      <object_component id="oc-1da">
         <name>.common:Lcd_ScreenWidth</name>
         <uninitialized>true</uninitialized>
         <run_address>0x2000009e</run_address>
         <size>0x2</size>
      </object_component>
      <object_component id="oc-1dd">
         <name>.common:Lcd_ScreenHeigth</name>
         <uninitialized>true</uninitialized>
         <run_address>0x2000009c</run_address>
         <size>0x2</size>
      </object_component>
      <object_component id="oc-1de">
         <name>.common:Lcd_PenSolid</name>
         <uninitialized>true</uninitialized>
         <run_address>0x200000a5</run_address>
         <size>0x1</size>
      </object_component>
      <object_component id="oc-1df">
         <name>.common:Lcd_FontSolid</name>
         <uninitialized>true</uninitialized>
         <run_address>0x200000a3</run_address>
         <size>0x1</size>
      </object_component>
      <object_component id="oc-1e0">
         <name>.common:Lcd_FlagRead</name>
         <uninitialized>true</uninitialized>
         <run_address>0x200000a2</run_address>
         <size>0x1</size>
      </object_component>
      <object_component id="oc-1e1">
         <name>.common:Lcd_TouchTrim</name>
         <uninitialized>true</uninitialized>
         <run_address>0x200000a0</run_address>
         <size>0x2</size>
      </object_component>
      <object_component id="oc-2f">
         <name>.stack</name>
         <uninitialized>true</uninitialized>
         <run_address>0x2000fe00</run_address>
         <size>0x0</size>
         <input_file_ref idref="fl-d2"/>
      </object_component>
      <object_component id="oc-304">
         <name>.stack</name>
         <uninitialized>true</uninitialized>
         <run_address>0x2000fe00</run_address>
         <size>0x0</size>
      </object_component>
      <object_component id="oc-252">
         <name>.debug_info</name>
         <load_address>0x0</load_address>
         <run_address>0x0</run_address>
         <size>0x9bf</size>
         <input_file_ref idref="fl-2"/>
      </object_component>
      <object_component id="oc-29f">
         <name>.debug_info</name>
         <load_address>0x9bf</load_address>
         <run_address>0x9bf</run_address>
         <size>0x9a</size>
         <input_file_ref idref="fl-2"/>
      </object_component>
      <object_component id="oc-1a6">
         <name>.debug_info</name>
         <load_address>0xa59</load_address>
         <run_address>0xa59</run_address>
         <size>0x1055</size>
         <input_file_ref idref="fl-2"/>
      </object_component>
      <object_component id="oc-1a1">
         <name>.debug_info</name>
         <load_address>0x1aae</load_address>
         <run_address>0x1aae</run_address>
         <size>0x37e2</size>
         <input_file_ref idref="fl-2"/>
      </object_component>
      <object_component id="oc-24d">
         <name>.debug_info</name>
         <load_address>0x5290</load_address>
         <run_address>0x5290</run_address>
         <size>0x8b</size>
         <input_file_ref idref="fl-2"/>
      </object_component>
      <object_component id="oc-19c">
         <name>.debug_info</name>
         <load_address>0x531b</load_address>
         <run_address>0x531b</run_address>
         <size>0x18b</size>
         <input_file_ref idref="fl-2"/>
      </object_component>
      <object_component id="oc-270">
         <name>.debug_info</name>
         <load_address>0x54a6</load_address>
         <run_address>0x54a6</run_address>
         <size>0x131</size>
         <input_file_ref idref="fl-2"/>
      </object_component>
      <object_component id="oc-36">
         <name>.debug_info</name>
         <load_address>0x55d7</load_address>
         <run_address>0x55d7</run_address>
         <size>0x84</size>
         <input_file_ref idref="fl-3"/>
      </object_component>
      <object_component id="oc-11c">
         <name>.debug_info</name>
         <load_address>0x565b</load_address>
         <run_address>0x565b</run_address>
         <size>0x9ed</size>
         <input_file_ref idref="fl-4"/>
      </object_component>
      <object_component id="oc-d2">
         <name>.debug_info</name>
         <load_address>0x6048</load_address>
         <run_address>0x6048</run_address>
         <size>0x1e1</size>
         <input_file_ref idref="fl-4"/>
      </object_component>
      <object_component id="oc-14d">
         <name>.debug_info</name>
         <load_address>0x6229</load_address>
         <run_address>0x6229</run_address>
         <size>0x207</size>
         <input_file_ref idref="fl-4"/>
      </object_component>
      <object_component id="oc-147">
         <name>.debug_info</name>
         <load_address>0x6430</load_address>
         <run_address>0x6430</run_address>
         <size>0x23e</size>
         <input_file_ref idref="fl-4"/>
      </object_component>
      <object_component id="oc-f9">
         <name>.debug_info</name>
         <load_address>0x666e</load_address>
         <run_address>0x666e</run_address>
         <size>0x20f</size>
         <input_file_ref idref="fl-4"/>
      </object_component>
      <object_component id="oc-ff">
         <name>.debug_info</name>
         <load_address>0x687d</load_address>
         <run_address>0x687d</run_address>
         <size>0x16e</size>
         <input_file_ref idref="fl-4"/>
      </object_component>
      <object_component id="oc-b7">
         <name>.debug_info</name>
         <load_address>0x69eb</load_address>
         <run_address>0x69eb</run_address>
         <size>0x2b5</size>
         <input_file_ref idref="fl-4"/>
      </object_component>
      <object_component id="oc-82">
         <name>.debug_info</name>
         <load_address>0x6ca0</load_address>
         <run_address>0x6ca0</run_address>
         <size>0x13a</size>
         <input_file_ref idref="fl-4"/>
      </object_component>
      <object_component id="oc-88">
         <name>.debug_info</name>
         <load_address>0x6dda</load_address>
         <run_address>0x6dda</run_address>
         <size>0x222</size>
         <input_file_ref idref="fl-4"/>
      </object_component>
      <object_component id="oc-197">
         <name>.debug_info</name>
         <load_address>0x6ffc</load_address>
         <run_address>0x6ffc</run_address>
         <size>0x439</size>
         <input_file_ref idref="fl-4"/>
      </object_component>
      <object_component id="oc-ca">
         <name>.debug_info</name>
         <load_address>0x7435</load_address>
         <run_address>0x7435</run_address>
         <size>0x15b</size>
         <input_file_ref idref="fl-5"/>
      </object_component>
      <object_component id="oc-1db">
         <name>.debug_info</name>
         <load_address>0x7590</load_address>
         <run_address>0x7590</run_address>
         <size>0x978</size>
         <input_file_ref idref="fl-6"/>
      </object_component>
      <object_component id="oc-16b">
         <name>.debug_info</name>
         <load_address>0x7f08</load_address>
         <run_address>0x7f08</run_address>
         <size>0x13d</size>
         <input_file_ref idref="fl-6"/>
      </object_component>
      <object_component id="oc-16e">
         <name>.debug_info</name>
         <load_address>0x8045</load_address>
         <run_address>0x8045</run_address>
         <size>0x149</size>
         <input_file_ref idref="fl-6"/>
      </object_component>
      <object_component id="oc-292">
         <name>.debug_info</name>
         <load_address>0x818e</load_address>
         <run_address>0x818e</run_address>
         <size>0x11e</size>
         <input_file_ref idref="fl-6"/>
      </object_component>
      <object_component id="oc-153">
         <name>.debug_info</name>
         <load_address>0x82ac</load_address>
         <run_address>0x82ac</run_address>
         <size>0x410</size>
         <input_file_ref idref="fl-6"/>
      </object_component>
      <object_component id="oc-1d5">
         <name>.debug_info</name>
         <load_address>0x86bc</load_address>
         <run_address>0x86bc</run_address>
         <size>0x31c</size>
         <input_file_ref idref="fl-6"/>
      </object_component>
      <object_component id="oc-159">
         <name>.debug_info</name>
         <load_address>0x89d8</load_address>
         <run_address>0x89d8</run_address>
         <size>0x278</size>
         <input_file_ref idref="fl-6"/>
      </object_component>
      <object_component id="oc-1f0">
         <name>.debug_info</name>
         <load_address>0x8c50</load_address>
         <run_address>0x8c50</run_address>
         <size>0x2bd</size>
         <input_file_ref idref="fl-6"/>
      </object_component>
      <object_component id="oc-1f6">
         <name>.debug_info</name>
         <load_address>0x8f0d</load_address>
         <run_address>0x8f0d</run_address>
         <size>0x412</size>
         <input_file_ref idref="fl-6"/>
      </object_component>
      <object_component id="oc-1fc">
         <name>.debug_info</name>
         <load_address>0x931f</load_address>
         <run_address>0x931f</run_address>
         <size>0x2d8</size>
         <input_file_ref idref="fl-6"/>
      </object_component>
      <object_component id="oc-202">
         <name>.debug_info</name>
         <load_address>0x95f7</load_address>
         <run_address>0x95f7</run_address>
         <size>0x2d8</size>
         <input_file_ref idref="fl-6"/>
      </object_component>
      <object_component id="oc-208">
         <name>.debug_info</name>
         <load_address>0x98cf</load_address>
         <run_address>0x98cf</run_address>
         <size>0x309</size>
         <input_file_ref idref="fl-6"/>
      </object_component>
      <object_component id="oc-20e">
         <name>.debug_info</name>
         <load_address>0x9bd8</load_address>
         <run_address>0x9bd8</run_address>
         <size>0x226</size>
         <input_file_ref idref="fl-6"/>
      </object_component>
      <object_component id="oc-214">
         <name>.debug_info</name>
         <load_address>0x9dfe</load_address>
         <run_address>0x9dfe</run_address>
         <size>0x1e1</size>
         <input_file_ref idref="fl-6"/>
      </object_component>
      <object_component id="oc-21a">
         <name>.debug_info</name>
         <load_address>0x9fdf</load_address>
         <run_address>0x9fdf</run_address>
         <size>0x251</size>
         <input_file_ref idref="fl-6"/>
      </object_component>
      <object_component id="oc-284">
         <name>.debug_info</name>
         <load_address>0xa230</load_address>
         <run_address>0xa230</run_address>
         <size>0x37e2</size>
         <input_file_ref idref="fl-6"/>
      </object_component>
      <object_component id="oc-2bd">
         <name>.debug_info</name>
         <load_address>0xda12</load_address>
         <run_address>0xda12</run_address>
         <size>0x893</size>
         <input_file_ref idref="fl-7"/>
      </object_component>
      <object_component id="oc-26d">
         <name>.debug_info</name>
         <load_address>0xe2a5</load_address>
         <run_address>0xe2a5</run_address>
         <size>0x131</size>
         <input_file_ref idref="fl-7"/>
      </object_component>
      <object_component id="oc-1b1">
         <name>.debug_info</name>
         <load_address>0xe3d6</load_address>
         <run_address>0xe3d6</run_address>
         <size>0x288</size>
         <input_file_ref idref="fl-7"/>
      </object_component>
      <object_component id="oc-1b7">
         <name>.debug_info</name>
         <load_address>0xe65e</load_address>
         <run_address>0xe65e</run_address>
         <size>0x251</size>
         <input_file_ref idref="fl-7"/>
      </object_component>
      <object_component id="oc-1c9">
         <name>.debug_info</name>
         <load_address>0xe8af</load_address>
         <run_address>0xe8af</run_address>
         <size>0x248</size>
         <input_file_ref idref="fl-7"/>
      </object_component>
      <object_component id="oc-1cf">
         <name>.debug_info</name>
         <load_address>0xeaf7</load_address>
         <run_address>0xeaf7</run_address>
         <size>0x1fb</size>
         <input_file_ref idref="fl-7"/>
      </object_component>
      <object_component id="oc-8f">
         <name>.debug_info</name>
         <load_address>0xecf2</load_address>
         <run_address>0xecf2</run_address>
         <size>0x2e9</size>
         <input_file_ref idref="fl-8"/>
      </object_component>
      <object_component id="oc-2d">
         <name>.debug_info</name>
         <load_address>0xefdb</load_address>
         <run_address>0xefdb</run_address>
         <size>0x127</size>
         <input_file_ref idref="fl-8"/>
      </object_component>
      <object_component id="oc-76">
         <name>.debug_info</name>
         <load_address>0xf102</load_address>
         <run_address>0xf102</run_address>
         <size>0x18a</size>
         <input_file_ref idref="fl-8"/>
      </object_component>
      <object_component id="oc-7c">
         <name>.debug_info</name>
         <load_address>0xf28c</load_address>
         <run_address>0xf28c</run_address>
         <size>0x172</size>
         <input_file_ref idref="fl-8"/>
      </object_component>
      <object_component id="oc-194">
         <name>.debug_info</name>
         <load_address>0xf3fe</load_address>
         <run_address>0xf3fe</run_address>
         <size>0x488</size>
         <input_file_ref idref="fl-14"/>
      </object_component>
      <object_component id="oc-118">
         <name>.debug_info</name>
         <load_address>0xf886</load_address>
         <run_address>0xf886</run_address>
         <size>0x29e</size>
         <input_file_ref idref="fl-14"/>
      </object_component>
      <object_component id="oc-239">
         <name>.debug_info</name>
         <load_address>0xfb24</load_address>
         <run_address>0xfb24</run_address>
         <size>0x26b</size>
         <input_file_ref idref="fl-14"/>
      </object_component>
      <object_component id="oc-234">
         <name>.debug_info</name>
         <load_address>0xfd8f</load_address>
         <run_address>0xfd8f</run_address>
         <size>0x439</size>
         <input_file_ref idref="fl-14"/>
      </object_component>
      <object_component id="oc-23e">
         <name>.debug_info</name>
         <load_address>0x101c8</load_address>
         <run_address>0x101c8</run_address>
         <size>0x297</size>
         <input_file_ref idref="fl-14"/>
      </object_component>
      <object_component id="oc-279">
         <name>.debug_info</name>
         <load_address>0x1045f</load_address>
         <run_address>0x1045f</run_address>
         <size>0xef</size>
         <input_file_ref idref="fl-14"/>
      </object_component>
      <object_component id="oc-188">
         <name>.debug_info</name>
         <load_address>0x1054e</load_address>
         <run_address>0x1054e</run_address>
         <size>0xbb</size>
         <input_file_ref idref="fl-14"/>
      </object_component>
      <object_component id="oc-187">
         <name>.debug_info</name>
         <load_address>0x10609</load_address>
         <run_address>0x10609</run_address>
         <size>0x55d</size>
         <input_file_ref idref="fl-15"/>
      </object_component>
      <object_component id="oc-15f">
         <name>.debug_info</name>
         <load_address>0x10b66</load_address>
         <run_address>0x10b66</run_address>
         <size>0x1eb</size>
         <input_file_ref idref="fl-15"/>
      </object_component>
      <object_component id="oc-110">
         <name>.debug_info</name>
         <load_address>0x10d51</load_address>
         <run_address>0x10d51</run_address>
         <size>0x1f2</size>
         <input_file_ref idref="fl-15"/>
      </object_component>
      <object_component id="oc-165">
         <name>.debug_info</name>
         <load_address>0x10f43</load_address>
         <run_address>0x10f43</run_address>
         <size>0x1bf</size>
         <input_file_ref idref="fl-15"/>
      </object_component>
      <object_component id="oc-231">
         <name>.debug_info</name>
         <load_address>0x11102</load_address>
         <run_address>0x11102</run_address>
         <size>0x3f7</size>
         <input_file_ref idref="fl-16"/>
      </object_component>
      <object_component id="oc-244">
         <name>.debug_info</name>
         <load_address>0x114f9</load_address>
         <run_address>0x114f9</run_address>
         <size>0x21d</size>
         <input_file_ref idref="fl-16"/>
      </object_component>
      <object_component id="oc-181">
         <name>.debug_info</name>
         <load_address>0x11716</load_address>
         <run_address>0x11716</run_address>
         <size>0x1df</size>
         <input_file_ref idref="fl-16"/>
      </object_component>
      <object_component id="oc-1e7">
         <name>.debug_info</name>
         <load_address>0x118f5</load_address>
         <run_address>0x118f5</run_address>
         <size>0x1d7</size>
         <input_file_ref idref="fl-16"/>
      </object_component>
      <object_component id="oc-24a">
         <name>.debug_info</name>
         <load_address>0x11acc</load_address>
         <run_address>0x11acc</run_address>
         <size>0x537</size>
         <input_file_ref idref="fl-17"/>
      </object_component>
      <object_component id="oc-18f">
         <name>.debug_info</name>
         <load_address>0x12003</load_address>
         <run_address>0x12003</run_address>
         <size>0x212</size>
         <input_file_ref idref="fl-17"/>
      </object_component>
      <object_component id="oc-2c0">
         <name>.debug_info</name>
         <load_address>0x12215</load_address>
         <run_address>0x12215</run_address>
         <size>0x6fd</size>
         <input_file_ref idref="fl-18"/>
      </object_component>
      <object_component id="oc-276">
         <name>.debug_info</name>
         <load_address>0x12912</load_address>
         <run_address>0x12912</run_address>
         <size>0x131</size>
         <input_file_ref idref="fl-18"/>
      </object_component>
      <object_component id="oc-25a">
         <name>.debug_info</name>
         <load_address>0x12a43</load_address>
         <run_address>0x12a43</run_address>
         <size>0x24e</size>
         <input_file_ref idref="fl-18"/>
      </object_component>
      <object_component id="oc-254">
         <name>.debug_info</name>
         <load_address>0x12c91</load_address>
         <run_address>0x12c91</run_address>
         <size>0x2a1</size>
         <input_file_ref idref="fl-18"/>
      </object_component>
      <object_component id="oc-1c3">
         <name>.debug_info</name>
         <load_address>0x12f32</load_address>
         <run_address>0x12f32</run_address>
         <size>0x256</size>
         <input_file_ref idref="fl-18"/>
      </object_component>
      <object_component id="oc-1bd">
         <name>.debug_info</name>
         <load_address>0x13188</load_address>
         <run_address>0x13188</run_address>
         <size>0x254</size>
         <input_file_ref idref="fl-18"/>
      </object_component>
      <object_component id="oc-2cb">
         <name>.debug_info</name>
         <load_address>0x133dc</load_address>
         <run_address>0x133dc</run_address>
         <size>0x1055</size>
         <input_file_ref idref="fl-18"/>
      </object_component>
      <object_component id="oc-2c6">
         <name>.debug_info</name>
         <load_address>0x14431</load_address>
         <run_address>0x14431</run_address>
         <size>0x431a</size>
         <input_file_ref idref="fl-18"/>
      </object_component>
      <object_component id="oc-2ad">
         <name>.debug_info</name>
         <load_address>0x1874b</load_address>
         <run_address>0x1874b</run_address>
         <size>0x6f1</size>
         <input_file_ref idref="fl-1b"/>
      </object_component>
      <object_component id="oc-2a7">
         <name>.debug_info</name>
         <load_address>0x18e3c</load_address>
         <run_address>0x18e3c</run_address>
         <size>0x1c3</size>
         <input_file_ref idref="fl-1b"/>
      </object_component>
      <object_component id="oc-261">
         <name>.debug_info</name>
         <load_address>0x18fff</load_address>
         <run_address>0x18fff</run_address>
         <size>0x227</size>
         <input_file_ref idref="fl-1b"/>
      </object_component>
      <object_component id="oc-267">
         <name>.debug_info</name>
         <load_address>0x19226</load_address>
         <run_address>0x19226</run_address>
         <size>0x231</size>
         <input_file_ref idref="fl-1b"/>
      </object_component>
      <object_component id="oc-2b5">
         <name>.debug_info</name>
         <load_address>0x19457</load_address>
         <run_address>0x19457</run_address>
         <size>0x1e5</size>
         <input_file_ref idref="fl-1b"/>
      </object_component>
      <object_component id="oc-2af">
         <name>.debug_info</name>
         <load_address>0x1963c</load_address>
         <run_address>0x1963c</run_address>
         <size>0x1e5</size>
         <input_file_ref idref="fl-1b"/>
      </object_component>
      <object_component id="oc-2d0">
         <name>.debug_info</name>
         <load_address>0x19821</load_address>
         <run_address>0x19821</run_address>
         <size>0x131</size>
         <input_file_ref idref="fl-1b"/>
      </object_component>
      <object_component id="oc-27">
         <name>.debug_info</name>
         <load_address>0x19952</load_address>
         <run_address>0x19952</run_address>
         <size>0x160</size>
         <input_file_ref idref="fl-d2"/>
      </object_component>
      <object_component id="oc-95">
         <name>.debug_info</name>
         <load_address>0x19ab2</load_address>
         <run_address>0x19ab2</run_address>
         <size>0x293</size>
         <input_file_ref idref="fl-d3"/>
      </object_component>
      <object_component id="oc-15">
         <name>.debug_info</name>
         <load_address>0x19d45</load_address>
         <run_address>0x19d45</run_address>
         <size>0x245</size>
         <input_file_ref idref="fl-d3"/>
      </object_component>
      <object_component id="oc-31">
         <name>.debug_info</name>
         <load_address>0x19f8a</load_address>
         <run_address>0x19f8a</run_address>
         <size>0x60</size>
         <input_file_ref idref="fl-d3"/>
      </object_component>
      <object_component id="oc-90">
         <name>.debug_info</name>
         <load_address>0x19fea</load_address>
         <run_address>0x19fea</run_address>
         <size>0x46</size>
         <input_file_ref idref="fl-d3"/>
      </object_component>
      <object_component id="oc-46">
         <name>.debug_info</name>
         <load_address>0x1a030</load_address>
         <run_address>0x1a030</run_address>
         <size>0x2da</size>
         <input_file_ref idref="fl-d4"/>
      </object_component>
      <object_component id="oc-1b">
         <name>.debug_info</name>
         <load_address>0x1a30a</load_address>
         <run_address>0x1a30a</run_address>
         <size>0x1df</size>
         <input_file_ref idref="fl-d4"/>
      </object_component>
      <object_component id="oc-41">
         <name>.debug_info</name>
         <load_address>0x1a4e9</load_address>
         <run_address>0x1a4e9</run_address>
         <size>0x46</size>
         <input_file_ref idref="fl-d4"/>
      </object_component>
      <object_component id="oc-97">
         <name>.debug_info</name>
         <load_address>0x1a52f</load_address>
         <run_address>0x1a52f</run_address>
         <size>0x2c</size>
         <input_file_ref idref="fl-d4"/>
      </object_component>
      <object_component id="oc-52">
         <name>.debug_info</name>
         <load_address>0x1a55b</load_address>
         <run_address>0x1a55b</run_address>
         <size>0x2c9</size>
         <input_file_ref idref="fl-d5"/>
      </object_component>
      <object_component id="oc-21">
         <name>.debug_info</name>
         <load_address>0x1a824</load_address>
         <run_address>0x1a824</run_address>
         <size>0x1aa</size>
         <input_file_ref idref="fl-d5"/>
      </object_component>
      <object_component id="oc-4d">
         <name>.debug_info</name>
         <load_address>0x1a9ce</load_address>
         <run_address>0x1a9ce</run_address>
         <size>0x46</size>
         <input_file_ref idref="fl-d5"/>
      </object_component>
      <object_component id="oc-9f">
         <name>.debug_info</name>
         <load_address>0x1aa14</load_address>
         <run_address>0x1aa14</run_address>
         <size>0x2c</size>
         <input_file_ref idref="fl-d5"/>
      </object_component>
      <object_component id="oc-c5">
         <name>.debug_info</name>
         <load_address>0x1aa40</load_address>
         <run_address>0x1aa40</run_address>
         <size>0x3ce</size>
         <input_file_ref idref="fl-d6"/>
      </object_component>
      <object_component id="oc-bf">
         <name>.debug_info</name>
         <load_address>0x1ae0e</load_address>
         <run_address>0x1ae0e</run_address>
         <size>0x185</size>
         <input_file_ref idref="fl-d6"/>
      </object_component>
      <object_component id="oc-6c">
         <name>.debug_info</name>
         <load_address>0x1af93</load_address>
         <run_address>0x1af93</run_address>
         <size>0x214</size>
         <input_file_ref idref="fl-d6"/>
      </object_component>
      <object_component id="oc-e0">
         <name>.debug_info</name>
         <load_address>0x1b1a7</load_address>
         <run_address>0x1b1a7</run_address>
         <size>0x144</size>
         <input_file_ref idref="fl-d7"/>
      </object_component>
      <object_component id="oc-db">
         <name>.debug_info</name>
         <load_address>0x1b2eb</load_address>
         <run_address>0x1b2eb</run_address>
         <size>0x132</size>
         <input_file_ref idref="fl-d8"/>
      </object_component>
      <object_component id="oc-10b">
         <name>.debug_info</name>
         <load_address>0x1b41d</load_address>
         <run_address>0x1b41d</run_address>
         <size>0x126</size>
         <input_file_ref idref="fl-d9"/>
      </object_component>
      <object_component id="oc-d6">
         <name>.debug_info</name>
         <load_address>0x1b543</load_address>
         <run_address>0x1b543</run_address>
         <size>0x124</size>
         <input_file_ref idref="fl-da"/>
      </object_component>
      <object_component id="oc-3c">
         <name>.debug_info</name>
         <load_address>0x1b667</load_address>
         <run_address>0x1b667</run_address>
         <size>0x111</size>
         <input_file_ref idref="fl-db"/>
      </object_component>
      <object_component id="oc-48">
         <name>.debug_info</name>
         <load_address>0x1b778</load_address>
         <run_address>0x1b778</run_address>
         <size>0x13f</size>
         <input_file_ref idref="fl-dc"/>
      </object_component>
      <object_component id="oc-54">
         <name>.debug_info</name>
         <load_address>0x1b8b7</load_address>
         <run_address>0x1b8b7</run_address>
         <size>0x138</size>
         <input_file_ref idref="fl-dd"/>
      </object_component>
      <object_component id="oc-5a">
         <name>.debug_info</name>
         <load_address>0x1b9ef</load_address>
         <run_address>0x1b9ef</run_address>
         <size>0x148</size>
         <input_file_ref idref="fl-de"/>
      </object_component>
      <object_component id="oc-17e">
         <name>.debug_info</name>
         <load_address>0x1bb37</load_address>
         <run_address>0x1bb37</run_address>
         <size>0x2b4</size>
         <input_file_ref idref="fl-df"/>
      </object_component>
      <object_component id="oc-105">
         <name>.debug_info</name>
         <load_address>0x1bdeb</load_address>
         <run_address>0x1bdeb</run_address>
         <size>0x20e</size>
         <input_file_ref idref="fl-df"/>
      </object_component>
      <object_component id="oc-72">
         <name>.debug_info</name>
         <load_address>0x1bff9</load_address>
         <run_address>0x1bff9</run_address>
         <size>0x109</size>
         <input_file_ref idref="fl-e0"/>
      </object_component>
      <object_component id="oc-130">
         <name>.debug_info</name>
         <load_address>0x1c102</load_address>
         <run_address>0x1c102</run_address>
         <size>0x2be</size>
         <input_file_ref idref="fl-e1"/>
      </object_component>
      <object_component id="oc-c2">
         <name>.debug_info</name>
         <load_address>0x1c3c0</load_address>
         <run_address>0x1c3c0</run_address>
         <size>0x113</size>
         <input_file_ref idref="fl-e1"/>
      </object_component>
      <object_component id="oc-129">
         <name>.debug_info</name>
         <load_address>0x1c4d3</load_address>
         <run_address>0x1c4d3</run_address>
         <size>0x21f</size>
         <input_file_ref idref="fl-e1"/>
      </object_component>
      <object_component id="oc-bd">
         <name>.debug_info</name>
         <load_address>0x1c6f2</load_address>
         <run_address>0x1c6f2</run_address>
         <size>0x300</size>
         <input_file_ref idref="fl-e2"/>
      </object_component>
      <object_component id="oc-66">
         <name>.debug_info</name>
         <load_address>0x1c9f2</load_address>
         <run_address>0x1c9f2</run_address>
         <size>0x167</size>
         <input_file_ref idref="fl-e2"/>
      </object_component>
      <object_component id="oc-121">
         <name>.debug_info</name>
         <load_address>0x1cb59</load_address>
         <run_address>0x1cb59</run_address>
         <size>0x5e</size>
         <input_file_ref idref="fl-e2"/>
      </object_component>
      <object_component id="oc-b5">
         <name>.debug_info</name>
         <load_address>0x1cbb7</load_address>
         <run_address>0x1cbb7</run_address>
         <size>0x483</size>
         <input_file_ref idref="fl-e3"/>
      </object_component>
      <object_component id="oc-60">
         <name>.debug_info</name>
         <load_address>0x1d03a</load_address>
         <run_address>0x1d03a</run_address>
         <size>0x190</size>
         <input_file_ref idref="fl-e3"/>
      </object_component>
      <object_component id="oc-ee">
         <name>.debug_info</name>
         <load_address>0x1d1ca</load_address>
         <run_address>0x1d1ca</run_address>
         <size>0x39</size>
         <input_file_ref idref="fl-e3"/>
      </object_component>
      <object_component id="oc-141">
         <name>.debug_info</name>
         <load_address>0x1d203</load_address>
         <run_address>0x1d203</run_address>
         <size>0x39</size>
         <input_file_ref idref="fl-e3"/>
      </object_component>
      <object_component id="oc-f3">
         <name>.debug_info</name>
         <load_address>0x1d23c</load_address>
         <run_address>0x1d23c</run_address>
         <size>0xcd</size>
         <input_file_ref idref="fl-e3"/>
      </object_component>
      <object_component id="oc-ea">
         <name>.debug_info</name>
         <load_address>0x1d309</load_address>
         <run_address>0x1d309</run_address>
         <size>0x37a</size>
         <input_file_ref idref="fl-e4"/>
      </object_component>
      <object_component id="oc-a9">
         <name>.debug_info</name>
         <load_address>0x1d683</load_address>
         <run_address>0x1d683</run_address>
         <size>0x183</size>
         <input_file_ref idref="fl-e4"/>
      </object_component>
      <object_component id="oc-13c">
         <name>.debug_info</name>
         <load_address>0x1d806</load_address>
         <run_address>0x1d806</run_address>
         <size>0x2c</size>
         <input_file_ref idref="fl-e4"/>
      </object_component>
      <object_component id="oc-179">
         <name>.debug_info</name>
         <load_address>0x1d832</load_address>
         <run_address>0x1d832</run_address>
         <size>0x120</size>
         <input_file_ref idref="fl-e5"/>
      </object_component>
      <object_component id="oc-222">
         <name>.debug_info</name>
         <load_address>0x1d952</load_address>
         <run_address>0x1d952</run_address>
         <size>0x122</size>
         <input_file_ref idref="fl-e5"/>
      </object_component>
      <object_component id="oc-22c">
         <name>.debug_info</name>
         <load_address>0x1da74</load_address>
         <run_address>0x1da74</run_address>
         <size>0x2ce</size>
         <input_file_ref idref="fl-e6"/>
      </object_component>
      <object_component id="oc-173">
         <name>.debug_info</name>
         <load_address>0x1dd42</load_address>
         <run_address>0x1dd42</run_address>
         <size>0x21f</size>
         <input_file_ref idref="fl-e6"/>
      </object_component>
      <object_component id="oc-227">
         <name>.debug_info</name>
         <load_address>0x1df61</load_address>
         <run_address>0x1df61</run_address>
         <size>0x39</size>
         <input_file_ref idref="fl-e6"/>
      </object_component>
      <object_component id="oc-af">
         <name>.debug_info</name>
         <load_address>0x1df9a</load_address>
         <run_address>0x1df9a</run_address>
         <size>0x145</size>
         <input_file_ref idref="fl-e7"/>
      </object_component>
      <object_component id="oc-305">
         <name>.debug_info</name>
         <load_address>0x1e0df</load_address>
         <run_address>0x1e0df</run_address>
         <size>0xd2</size>
      </object_component>
      <object_component id="oc-29e">
         <name>.debug_line</name>
         <load_address>0x0</load_address>
         <run_address>0x0</run_address>
         <size>0xe5</size>
         <input_file_ref idref="fl-2"/>
      </object_component>
      <object_component id="oc-2a2">
         <name>.debug_line</name>
         <load_address>0xe5</load_address>
         <run_address>0xe5</run_address>
         <size>0x82</size>
         <input_file_ref idref="fl-2"/>
      </object_component>
      <object_component id="oc-1a9">
         <name>.debug_line</name>
         <load_address>0x167</load_address>
         <run_address>0x167</run_address>
         <size>0x81</size>
         <input_file_ref idref="fl-2"/>
      </object_component>
      <object_component id="oc-1a4">
         <name>.debug_line</name>
         <load_address>0x1e8</load_address>
         <run_address>0x1e8</run_address>
         <size>0x84</size>
         <input_file_ref idref="fl-2"/>
      </object_component>
      <object_component id="oc-250">
         <name>.debug_line</name>
         <load_address>0x26c</load_address>
         <run_address>0x26c</run_address>
         <size>0x20</size>
         <input_file_ref idref="fl-2"/>
      </object_component>
      <object_component id="oc-19f">
         <name>.debug_line</name>
         <load_address>0x28c</load_address>
         <run_address>0x28c</run_address>
         <size>0x6e</size>
         <input_file_ref idref="fl-2"/>
      </object_component>
      <object_component id="oc-273">
         <name>.debug_line</name>
         <load_address>0x2fa</load_address>
         <run_address>0x2fa</run_address>
         <size>0x82</size>
         <input_file_ref idref="fl-2"/>
      </object_component>
      <object_component id="oc-39">
         <name>.debug_line</name>
         <load_address>0x37c</load_address>
         <run_address>0x37c</run_address>
         <size>0x20</size>
         <input_file_ref idref="fl-3"/>
      </object_component>
      <object_component id="oc-196">
         <name>.debug_line</name>
         <load_address>0x39c</load_address>
         <run_address>0x39c</run_address>
         <size>0xf3</size>
         <input_file_ref idref="fl-4"/>
      </object_component>
      <object_component id="oc-136">
         <name>.debug_line</name>
         <load_address>0x48f</load_address>
         <run_address>0x48f</run_address>
         <size>0x2d</size>
         <input_file_ref idref="fl-4"/>
      </object_component>
      <object_component id="oc-150">
         <name>.debug_line</name>
         <load_address>0x4bc</load_address>
         <run_address>0x4bc</run_address>
         <size>0x9c</size>
         <input_file_ref idref="fl-4"/>
      </object_component>
      <object_component id="oc-14a">
         <name>.debug_line</name>
         <load_address>0x558</load_address>
         <run_address>0x558</run_address>
         <size>0xa2</size>
         <input_file_ref idref="fl-4"/>
      </object_component>
      <object_component id="oc-fc">
         <name>.debug_line</name>
         <load_address>0x5fa</load_address>
         <run_address>0x5fa</run_address>
         <size>0x51</size>
         <input_file_ref idref="fl-4"/>
      </object_component>
      <object_component id="oc-102">
         <name>.debug_line</name>
         <load_address>0x64b</load_address>
         <run_address>0x64b</run_address>
         <size>0x55</size>
         <input_file_ref idref="fl-4"/>
      </object_component>
      <object_component id="oc-ba">
         <name>.debug_line</name>
         <load_address>0x6a0</load_address>
         <run_address>0x6a0</run_address>
         <size>0x69</size>
         <input_file_ref idref="fl-4"/>
      </object_component>
      <object_component id="oc-85">
         <name>.debug_line</name>
         <load_address>0x709</load_address>
         <run_address>0x709</run_address>
         <size>0x4b</size>
         <input_file_ref idref="fl-4"/>
      </object_component>
      <object_component id="oc-8b">
         <name>.debug_line</name>
         <load_address>0x754</load_address>
         <run_address>0x754</run_address>
         <size>0x4b</size>
         <input_file_ref idref="fl-4"/>
      </object_component>
      <object_component id="oc-19a">
         <name>.debug_line</name>
         <load_address>0x79f</load_address>
         <run_address>0x79f</run_address>
         <size>0x6d</size>
         <input_file_ref idref="fl-4"/>
      </object_component>
      <object_component id="oc-cd">
         <name>.debug_line</name>
         <load_address>0x80c</load_address>
         <run_address>0x80c</run_address>
         <size>0x66</size>
         <input_file_ref idref="fl-5"/>
      </object_component>
      <object_component id="oc-283">
         <name>.debug_line</name>
         <load_address>0x872</load_address>
         <run_address>0x872</run_address>
         <size>0xf1</size>
         <input_file_ref idref="fl-6"/>
      </object_component>
      <object_component id="oc-1ee">
         <name>.debug_line</name>
         <load_address>0x963</load_address>
         <run_address>0x963</run_address>
         <size>0x4d</size>
         <input_file_ref idref="fl-6"/>
      </object_component>
      <object_component id="oc-220">
         <name>.debug_line</name>
         <load_address>0x9b0</load_address>
         <run_address>0x9b0</run_address>
         <size>0x4d</size>
         <input_file_ref idref="fl-6"/>
      </object_component>
      <object_component id="oc-2c2">
         <name>.debug_line</name>
         <load_address>0x9fd</load_address>
         <run_address>0x9fd</run_address>
         <size>0x4d</size>
         <input_file_ref idref="fl-6"/>
      </object_component>
      <object_component id="oc-156">
         <name>.debug_line</name>
         <load_address>0xa4a</load_address>
         <run_address>0xa4a</run_address>
         <size>0x95</size>
         <input_file_ref idref="fl-6"/>
      </object_component>
      <object_component id="oc-1d8">
         <name>.debug_line</name>
         <load_address>0xadf</load_address>
         <run_address>0xadf</run_address>
         <size>0x8e</size>
         <input_file_ref idref="fl-6"/>
      </object_component>
      <object_component id="oc-15c">
         <name>.debug_line</name>
         <load_address>0xb6d</load_address>
         <run_address>0xb6d</run_address>
         <size>0x71</size>
         <input_file_ref idref="fl-6"/>
      </object_component>
      <object_component id="oc-1f3">
         <name>.debug_line</name>
         <load_address>0xbde</load_address>
         <run_address>0xbde</run_address>
         <size>0x68</size>
         <input_file_ref idref="fl-6"/>
      </object_component>
      <object_component id="oc-1f9">
         <name>.debug_line</name>
         <load_address>0xc46</load_address>
         <run_address>0xc46</run_address>
         <size>0x103</size>
         <input_file_ref idref="fl-6"/>
      </object_component>
      <object_component id="oc-1ff">
         <name>.debug_line</name>
         <load_address>0xd49</load_address>
         <run_address>0xd49</run_address>
         <size>0x73</size>
         <input_file_ref idref="fl-6"/>
      </object_component>
      <object_component id="oc-205">
         <name>.debug_line</name>
         <load_address>0xdbc</load_address>
         <run_address>0xdbc</run_address>
         <size>0x73</size>
         <input_file_ref idref="fl-6"/>
      </object_component>
      <object_component id="oc-20b">
         <name>.debug_line</name>
         <load_address>0xe2f</load_address>
         <run_address>0xe2f</run_address>
         <size>0x7e</size>
         <input_file_ref idref="fl-6"/>
      </object_component>
      <object_component id="oc-211">
         <name>.debug_line</name>
         <load_address>0xead</load_address>
         <run_address>0xead</run_address>
         <size>0x65</size>
         <input_file_ref idref="fl-6"/>
      </object_component>
      <object_component id="oc-217">
         <name>.debug_line</name>
         <load_address>0xf12</load_address>
         <run_address>0xf12</run_address>
         <size>0x60</size>
         <input_file_ref idref="fl-6"/>
      </object_component>
      <object_component id="oc-21d">
         <name>.debug_line</name>
         <load_address>0xf72</load_address>
         <run_address>0xf72</run_address>
         <size>0x68</size>
         <input_file_ref idref="fl-6"/>
      </object_component>
      <object_component id="oc-287">
         <name>.debug_line</name>
         <load_address>0xfda</load_address>
         <run_address>0xfda</run_address>
         <size>0x84</size>
         <input_file_ref idref="fl-6"/>
      </object_component>
      <object_component id="oc-2d8">
         <name>.debug_line</name>
         <load_address>0x105e</load_address>
         <run_address>0x105e</run_address>
         <size>0xe5</size>
         <input_file_ref idref="fl-7"/>
      </object_component>
      <object_component id="oc-2bc">
         <name>.debug_line</name>
         <load_address>0x1143</load_address>
         <run_address>0x1143</run_address>
         <size>0x61</size>
         <input_file_ref idref="fl-7"/>
      </object_component>
      <object_component id="oc-1b4">
         <name>.debug_line</name>
         <load_address>0x11a4</load_address>
         <run_address>0x11a4</run_address>
         <size>0x7c</size>
         <input_file_ref idref="fl-7"/>
      </object_component>
      <object_component id="oc-1ba">
         <name>.debug_line</name>
         <load_address>0x1220</load_address>
         <run_address>0x1220</run_address>
         <size>0x7e</size>
         <input_file_ref idref="fl-7"/>
      </object_component>
      <object_component id="oc-1cc">
         <name>.debug_line</name>
         <load_address>0x129e</load_address>
         <run_address>0x129e</run_address>
         <size>0x7d</size>
         <input_file_ref idref="fl-7"/>
      </object_component>
      <object_component id="oc-1d2">
         <name>.debug_line</name>
         <load_address>0x131b</load_address>
         <run_address>0x131b</run_address>
         <size>0x7b</size>
         <input_file_ref idref="fl-7"/>
      </object_component>
      <object_component id="oc-e6">
         <name>.debug_line</name>
         <load_address>0x1396</load_address>
         <run_address>0x1396</run_address>
         <size>0x44</size>
         <input_file_ref idref="fl-8"/>
      </object_component>
      <object_component id="oc-8e">
         <name>.debug_line</name>
         <load_address>0x13da</load_address>
         <run_address>0x13da</run_address>
         <size>0x44</size>
         <input_file_ref idref="fl-8"/>
      </object_component>
      <object_component id="oc-79">
         <name>.debug_line</name>
         <load_address>0x141e</load_address>
         <run_address>0x141e</run_address>
         <size>0x5d</size>
         <input_file_ref idref="fl-8"/>
      </object_component>
      <object_component id="oc-7f">
         <name>.debug_line</name>
         <load_address>0x147b</load_address>
         <run_address>0x147b</run_address>
         <size>0x59</size>
         <input_file_ref idref="fl-8"/>
      </object_component>
      <object_component id="oc-24c">
         <name>.debug_line</name>
         <load_address>0x14d4</load_address>
         <run_address>0x14d4</run_address>
         <size>0x8a</size>
         <input_file_ref idref="fl-14"/>
      </object_component>
      <object_component id="oc-11a">
         <name>.debug_line</name>
         <load_address>0x155e</load_address>
         <run_address>0x155e</run_address>
         <size>0xcf</size>
         <input_file_ref idref="fl-14"/>
      </object_component>
      <object_component id="oc-23c">
         <name>.debug_line</name>
         <load_address>0x162d</load_address>
         <run_address>0x162d</run_address>
         <size>0x5c</size>
         <input_file_ref idref="fl-14"/>
      </object_component>
      <object_component id="oc-237">
         <name>.debug_line</name>
         <load_address>0x1689</load_address>
         <run_address>0x1689</run_address>
         <size>0x8a</size>
         <input_file_ref idref="fl-14"/>
      </object_component>
      <object_component id="oc-241">
         <name>.debug_line</name>
         <load_address>0x1713</load_address>
         <run_address>0x1713</run_address>
         <size>0x60</size>
         <input_file_ref idref="fl-14"/>
      </object_component>
      <object_component id="oc-27c">
         <name>.debug_line</name>
         <load_address>0x1773</load_address>
         <run_address>0x1773</run_address>
         <size>0x5c</size>
         <input_file_ref idref="fl-14"/>
      </object_component>
      <object_component id="oc-18b">
         <name>.debug_line</name>
         <load_address>0x17cf</load_address>
         <run_address>0x17cf</run_address>
         <size>0x5d</size>
         <input_file_ref idref="fl-14"/>
      </object_component>
      <object_component id="oc-233">
         <name>.debug_line</name>
         <load_address>0x182c</load_address>
         <run_address>0x182c</run_address>
         <size>0x8a</size>
         <input_file_ref idref="fl-15"/>
      </object_component>
      <object_component id="oc-162">
         <name>.debug_line</name>
         <load_address>0x18b6</load_address>
         <run_address>0x18b6</run_address>
         <size>0x58</size>
         <input_file_ref idref="fl-15"/>
      </object_component>
      <object_component id="oc-113">
         <name>.debug_line</name>
         <load_address>0x190e</load_address>
         <run_address>0x190e</run_address>
         <size>0x4e</size>
         <input_file_ref idref="fl-15"/>
      </object_component>
      <object_component id="oc-168">
         <name>.debug_line</name>
         <load_address>0x195c</load_address>
         <run_address>0x195c</run_address>
         <size>0x4e</size>
         <input_file_ref idref="fl-15"/>
      </object_component>
      <object_component id="oc-299">
         <name>.debug_line</name>
         <load_address>0x19aa</load_address>
         <run_address>0x19aa</run_address>
         <size>0x20</size>
         <input_file_ref idref="fl-16"/>
      </object_component>
      <object_component id="oc-247">
         <name>.debug_line</name>
         <load_address>0x19ca</load_address>
         <run_address>0x19ca</run_address>
         <size>0x4e</size>
         <input_file_ref idref="fl-16"/>
      </object_component>
      <object_component id="oc-184">
         <name>.debug_line</name>
         <load_address>0x1a18</load_address>
         <run_address>0x1a18</run_address>
         <size>0x4e</size>
         <input_file_ref idref="fl-16"/>
      </object_component>
      <object_component id="oc-1ea">
         <name>.debug_line</name>
         <load_address>0x1a66</load_address>
         <run_address>0x1a66</run_address>
         <size>0x4e</size>
         <input_file_ref idref="fl-16"/>
      </object_component>
      <object_component id="oc-29c">
         <name>.debug_line</name>
         <load_address>0x1ab4</load_address>
         <run_address>0x1ab4</run_address>
         <size>0x8a</size>
         <input_file_ref idref="fl-17"/>
      </object_component>
      <object_component id="oc-18e">
         <name>.debug_line</name>
         <load_address>0x1b3e</load_address>
         <run_address>0x1b3e</run_address>
         <size>0x61</size>
         <input_file_ref idref="fl-17"/>
      </object_component>
[...]
      <symbol id="sm-f0">
         <name>ADC14_IRQHandler</name>
         <value>0x170d</value>
         <object_component_ref idref="oc-81"/>
      </symbol>
      <symbol id="sm-f1">
         <name>xold</name>
         <value>0x20000040</value>
         <object_component_ref idref="oc-d1"/>
      </symbol>
      <symbol id="sm-f2">
         <name>Setup</name>
         <value>0x12b1</value>
         <object_component_ref idref="oc-f8"/>
      </symbol>
      <symbol id="sm-f3">
         <name>az</name>
         <value>0x20000008</value>
         <object_component_ref idref="oc-d1"/>
      </symbol>
      <symbol id="sm-f4">
         <name>ay</name>
         <value>0x20000004</value>
         <object_component_ref idref="oc-d1"/>
      </symbol>
      <symbol id="sm-f5">
         <name>ax</name>
         <value>0x20000000</value>
         <object_component_ref idref="oc-d1"/>
      </symbol>
      <symbol id="sm-f6">
         <name>T32_INT1_IRQHandler</name>
         <value>0xc39</value>
         <object_component_ref idref="oc-87"/>
      </symbol>
      <symbol id="sm-109">
         <name>SystemInit</name>
         <value>0x13ad</value>
         <object_component_ref idref="oc-c9"/>
      </symbol>
      <symbol id="sm-1bd">
         <name>Lcd_Orientation</name>
         <value>0x200000a4</value>
      </symbol>
      <symbol id="sm-1be">
         <name>Lcd_ScreenWidth</name>
         <value>0x2000009e</value>
      </symbol>
      <symbol id="sm-1bf">
         <name>Lcd_ScreenHeigth</name>
         <value>0x2000009c</value>
      </symbol>
      <symbol id="sm-1c0">
         <name>Lcd_PenSolid</name>
         <value>0x200000a5</value>
      </symbol>
      <symbol id="sm-1c1">
         <name>Lcd_FontSolid</name>
         <value>0x200000a3</value>
      </symbol>
      <symbol id="sm-1c2">
         <name>Lcd_FlagRead</name>
         <value>0x200000a2</value>
      </symbol>
      <symbol id="sm-1c3">
         <name>Lcd_TouchTrim</name>
         <value>0x200000a0</value>
      </symbol>
      <symbol id="sm-1c4">
         <name>Crystalfontz128x128_SetDrawFrame</name>
         <value>0x7e5</value>
         <object_component_ref idref="oc-1d4"/>
      </symbol>
      <symbol id="sm-1c5">
         <name>Crystalfontz128x128_SetOrientation</name>
         <value>0x15bd</value>
         <object_component_ref idref="oc-158"/>
      </symbol>
      <symbol id="sm-1c6">
         <name>g_sCrystalfontz128x128_funcs</name>
         <value>0x1c38</value>
         <object_component_ref idref="oc-16d"/>
      </symbol>
      <symbol id="sm-1c7">
         <name>g_sCrystalfontz128x128</name>
         <value>0x20000058</value>
         <object_component_ref idref="oc-16a"/>
      </symbol>
      <symbol id="sm-1c8">
         <name>Crystalfontz128x128_Init</name>
         <value>0x919</value>
         <object_component_ref idref="oc-152"/>
      </symbol>
      <symbol id="sm-201">
         <name>HAL_LCD_writeData</name>
         <value>0x1a61</value>
         <object_component_ref idref="oc-1ce"/>
      </symbol>
      <symbol id="sm-202">
         <name>HAL_LCD_SpiInit</name>
         <value>0x18b5</value>
         <object_component_ref idref="oc-1b6"/>
      </symbol>
      <symbol id="sm-203">
         <name>HAL_LCD_PortInit</name>
         <value>0x19a3</value>
         <object_component_ref idref="oc-1b0"/>
      </symbol>
      <symbol id="sm-204">
         <name>HAL_LCD_writeCommand</name>
         <value>0x1935</value>
         <object_component_ref idref="oc-1c8"/>
      </symbol>
      <symbol id="sm-220">
         <name>Reset_Handler</name>
         <value>0x1be1</value>
         <object_component_ref idref="oc-75"/>
      </symbol>
      <symbol id="sm-221">
         <name>Default_Handler</name>
         <value>0x13ab</value>
         <object_component_ref idref="oc-7b"/>
      </symbol>
      <symbol id="sm-222">
         <name>interruptVectors</name>
         <value>0x0</value>
         <object_component_ref idref="oc-2c"/>
      </symbol>
      <symbol id="sm-258">
         <name>Graphics_fillCircle</name>
         <value>0xe5</value>
         <object_component_ref idref="oc-115"/>
      </symbol>
      <symbol id="sm-275">
         <name>Graphics_initContext</name>
         <value>0x16b9</value>
         <object_component_ref idref="oc-15e"/>
      </symbol>
      <symbol id="sm-276">
         <name>Graphics_setForegroundColor</name>
         <value>0x1b81</value>
         <object_component_ref idref="oc-10f"/>
      </symbol>
      <symbol id="sm-277">
         <name>Graphics_clearDisplay</name>
         <value>0x1bc1</value>
         <object_component_ref idref="oc-164"/>
      </symbol>
      <symbol id="sm-294">
         <name>Graphics_clearDisplayOnDisplay</name>
         <value>0x1b21</value>
         <object_component_ref idref="oc-1e6"/>
      </symbol>
      <symbol id="sm-295">
         <name>Graphics_translateColorOnDisplay</name>
         <value>0x1b97</value>
         <object_component_ref idref="oc-180"/>
      </symbol>
      <symbol id="sm-296">
         <name>Graphics_drawHorizontalLineOnDisplay</name>
         <value>0x196d</value>
         <object_component_ref idref="oc-243"/>
      </symbol>
      <symbol id="sm-2a9">
         <name>Graphics_drawLineH</name>
         <value>0xfe5</value>
         <object_component_ref idref="oc-18d"/>
      </symbol>
      <symbol id="sm-2ec">
         <name>GPIO_setOutputHighOnPin</name>
         <value>0x1ab5</value>
         <object_component_ref idref="oc-1c2"/>
      </symbol>
      <symbol id="sm-2ed">
         <name>GPIO_setAsOutputPin</name>
         <value>0x1875</value>
         <object_component_ref idref="oc-259"/>
      </symbol>
      <symbol id="sm-2ee">
         <name>GPIO_setOutputLowOnPin</name>
         <value>0x1add</value>
         <object_component_ref idref="oc-1bc"/>
      </symbol>
      <symbol id="sm-2ef">
         <name>GPIO_setAsPeripheralModuleFunctionOutputPin</name>
         <value>0x111d</value>
         <object_component_ref idref="oc-253"/>
      </symbol>
      <symbol id="sm-330">
         <name>EUSCI_B_SPI_enable</name>
         <value>0x1b6b</value>
         <object_component_ref idref="oc-2b4"/>
      </symbol>
      <symbol id="sm-331">
         <name>SPI_enableModule</name>
         <value>0x1b05</value>
         <object_component_ref idref="oc-266"/>
      </symbol>
      <symbol id="sm-332">
         <name>EUSCI_A_SPI_enable</name>
         <value>0x1b55</value>
         <object_component_ref idref="oc-2ae"/>
      </symbol>
      <symbol id="sm-333">
         <name>SPI_initMaster</name>
         <value>0xe99</value>
         <object_component_ref idref="oc-260"/>
      </symbol>
      <symbol id="sm-345">
         <name>_c_int00</name>
         <value>0x1611</value>
         <object_component_ref idref="oc-26"/>
      </symbol>
      <symbol id="sm-346">
         <name>__stack</name>
         <value>0x2000fe00</value>
         <object_component_ref idref="oc-2f"/>
      </symbol>
      <symbol id="sm-364">
         <name>__TI_decompress_lzss</name>
         <value>0x1495</value>
         <object_component_ref idref="oc-14"/>
      </symbol>
      <symbol id="sm-37b">
         <name>__TI_decompress_none</name>
         <value>0x1bd3</value>
         <object_component_ref idref="oc-1a"/>
      </symbol>
      <symbol id="sm-392">
         <name>__TI_zero_init</name>
         <value>0x1bed</value>
         <object_component_ref idref="oc-20"/>
      </symbol>
      <symbol id="sm-3b3">
         <name>C$$EXIT</name>
         <value>0x1665</value>
         <object_component_ref idref="oc-6b"/>
      </symbol>
      <symbol id="sm-3b4">
         <name>abort</name>
         <value>0x1669</value>
         <object_component_ref idref="oc-6b"/>
      </symbol>
      <symbol id="sm-3b5">
         <name>exit</name>
         <value>0x1671</value>
         <object_component_ref idref="oc-6b"/>
      </symbol>
      <symbol id="sm-3b6">
         <name>__TI_dtors_ptr</name>
         <value>0x2000006c</value>
         <object_component_ref idref="oc-be"/>
      </symbol>
      <symbol id="sm-3b7">
         <name>__TI_cleanup_ptr</name>
         <value>0x20000068</value>
         <object_component_ref idref="oc-be"/>
      </symbol>
      <symbol id="sm-3b8">
         <name>__TI_enable_exit_profile_output</name>
         <value>0x20000070</value>
         <object_component_ref idref="oc-be"/>
      </symbol>
      <symbol id="sm-3cf">
         <name>__aeabi_dsub</name>
         <value>0x4e7</value>
         <object_component_ref idref="oc-df"/>
      </symbol>
      <symbol id="sm-3d0">
         <name>__aeabi_dadd</name>
         <value>0x4f1</value>
         <object_component_ref idref="oc-df"/>
      </symbol>
      <symbol id="sm-3db">
         <name>__aeabi_dmul</name>
         <value>0xa45</value>
         <object_component_ref idref="oc-da"/>
      </symbol>
      <symbol id="sm-3e5">
         <name>__aeabi_d2iz</name>
         <value>0x17ed</value>
         <object_component_ref idref="oc-10a"/>
      </symbol>
      <symbol id="sm-3ef">
         <name>__aeabi_i2d</name>
         <value>0x1a05</value>
         <object_component_ref idref="oc-d5"/>
      </symbol>
      <symbol id="sm-40a">
         <name>memcpy</name>
         <value>0x1081</value>
         <object_component_ref idref="oc-3b"/>
      </symbol>
      <symbol id="sm-40b">
         <name>__aeabi_memcpy</name>
         <value>0x1081</value>
         <object_component_ref idref="oc-3b"/>
      </symbol>
      <symbol id="sm-40c">
         <name>__aeabi_memcpy8</name>
         <value>0x1081</value>
         <object_component_ref idref="oc-3b"/>
      </symbol>
      <symbol id="sm-40d">
         <name>__aeabi_memcpy4</name>
         <value>0x1081</value>
         <object_component_ref idref="oc-3b"/>
      </symbol>
      <symbol id="sm-41c">
         <name>__aeabi_memset</name>
         <value>0x1333</value>
         <object_component_ref idref="oc-47"/>
      </symbol>
      <symbol id="sm-41d">
         <name>memset</name>
         <value>0x1339</value>
         <object_component_ref idref="oc-47"/>
      </symbol>
      <symbol id="sm-41e">
         <name>__aeabi_memset8</name>
         <value>0x1333</value>
         <object_component_ref idref="oc-47"/>
      </symbol>
      <symbol id="sm-41f">
         <name>__aeabi_memset4</name>
         <value>0x1333</value>
         <object_component_ref idref="oc-47"/>
      </symbol>
      <symbol id="sm-420">
         <name>__aeabi_memclr8</name>
         <value>0x1331</value>
         <object_component_ref idref="oc-47"/>
      </symbol>
      <symbol id="sm-421">
         <name>__aeabi_memclr4</name>
         <value>0x1331</value>
         <object_component_ref idref="oc-47"/>
      </symbol>
      <symbol id="sm-422">
         <name>__aeabi_memclr</name>
         <value>0x1331</value>
         <object_component_ref idref="oc-47"/>
      </symbol>
      <symbol id="sm-42c">
         <name>__mpu_init</name>
         <value>0x170b</value>
         <object_component_ref idref="oc-53"/>
      </symbol>
      <symbol id="sm-436">
         <name>_system_pre_init</name>
         <value>0x1c03</value>
         <object_component_ref idref="oc-59"/>
      </symbol>
      <symbol id="sm-44e">
         <name>roundl</name>
         <value>0xdd9</value>
         <object_component_ref idref="oc-104"/>
      </symbol>
      <symbol id="sm-44f">
         <name>round</name>
         <value>0xdd9</value>
         <object_component_ref idref="oc-104"/>
      </symbol>
      <symbol id="sm-457">
         <name>main_func_sp</name>
         <value>0x2000007c</value>
         <object_component_ref idref="oc-71"/>
      </symbol>
      <symbol id="sm-470">
         <name>_nop</name>
         <value>0x1bbb</value>
         <object_component_ref idref="oc-128"/>
      </symbol>
      <symbol id="sm-471">
         <name>_lock</name>
         <value>0x20000074</value>
         <object_component_ref idref="oc-c1"/>
      </symbol>
      <symbol id="sm-472">
         <name>_unlock</name>
         <value>0x20000078</value>
         <object_component_ref idref="oc-c1"/>
      </symbol>
      <symbol id="sm-473">
         <name>_register_lock</name>
         <value>0x1bb3</value>
         <object_component_ref idref="oc-128"/>
      </symbol>
      <symbol id="sm-474">
         <name>_register_unlock</name>
         <value>0x1bad</value>
         <object_component_ref idref="oc-128"/>
      </symbol>
      <symbol id="sm-488">
         <name>_args_main</name>
         <value>0x1b3d</value>
         <object_component_ref idref="oc-65"/>
      </symbol>
      <symbol id="sm-4b2">
         <name>__TI_auto_init</name>
         <value>0x1425</value>
         <object_component_ref idref="oc-5f"/>
      </symbol>
      <symbol id="sm-4cc">
         <name>copy_in</name>
         <value>0x1759</value>
         <object_component_ref idref="oc-a8"/>
      </symbol>
      <symbol id="sm-4ee">
         <name>__aeabi_cdcmpeq</name>
         <value>0x11a5</value>
         <object_component_ref idref="oc-178"/>
      </symbol>
      <symbol id="sm-4ef">
         <name>__aeabi_cdcmple</name>
         <value>0x11a5</value>
         <object_component_ref idref="oc-178"/>
      </symbol>
      <symbol id="sm-4f0">
         <name>__aeabi_cdrcmple</name>
         <value>0x122b</value>
         <object_component_ref idref="oc-221"/>
      </symbol>
      <symbol id="sm-512">
         <name>floorl</name>
         <value>0xb41</value>
         <object_component_ref idref="oc-172"/>
      </symbol>
      <symbol id="sm-513">
         <name>floor</name>
         <value>0xb41</value>
         <object_component_ref idref="oc-172"/>
      </symbol>
      <symbol id="sm-51d">
         <name>_system_post_cinit</name>
         <value>0x19d3</value>
         <object_component_ref idref="oc-ae"/>
      </symbol>
      <symbol id="sm-51e">
         <name>__TI_static_base__</name>
         <value>0x0</value>
      </symbol>
      <symbol id="sm-521">
         <name>SHT$$INIT_ARRAY$$Limit</name>
         <value>0x0</value>
      </symbol>
      <symbol id="sm-522">
         <name>SHT$$INIT_ARRAY$$Base</name>
         <value>0x0</value>
      </symbol>
      <symbol id="sm-523">
         <name>NMI_Handler</name>
         <value>0x13ab</value>
      </symbol>
      <symbol id="sm-524">
         <name>HardFault_Handler</name>
         <value>0x13ab</value>
      </symbol>
      <symbol id="sm-525">
         <name>MemManage_Handler</name>
         <value>0x13ab</value>
      </symbol>
      <symbol id="sm-526">
         <name>BusFault_Handler</name>
         <value>0x13ab</value>
      </symbol>
      <symbol id="sm-527">
         <name>UsageFault_Handler</name>
         <value>0x13ab</value>
      </symbol>
      <symbol id="sm-528">
         <name>SVC_Handler</name>
         <value>0x13ab</value>
      </symbol>
      <symbol id="sm-529">
         <name>DebugMon_Handler</name>
         <value>0x13ab</value>
      </symbol>
      <symbol id="sm-52a">
         <name>PendSV_Handler</name>
         <value>0x13ab</value>
      </symbol>
      <symbol id="sm-52b">
         <name>SysTick_Handler</name>
         <value>0x13ab</value>
      </symbol>
      <symbol id="sm-52c">
         <name>PSS_IRQHandler</name>
         <value>0x13ab</value>
      </symbol>
      <symbol id="sm-52d">
         <name>CS_IRQHandler</name>
         <value>0x13ab</value>
      </symbol>
      <symbol id="sm-52e">
         <name>PCM_IRQHandler</name>
         <value>0x13ab</value>
      </symbol>
      <symbol id="sm-52f">
         <name>WDT_A_IRQHandler</name>
         <value>0x13ab</value>
      </symbol>
      <symbol id="sm-530">
         <name>FPU_IRQHandler</name>
         <value>0x13ab</value>
      </symbol>
      <symbol id="sm-531">
         <name>FLCTL_IRQHandler</name>
         <value>0x13ab</value>
      </symbol>
      <symbol id="sm-532">
         <name>COMP_E0_IRQHandler</name>
         <value>0x13ab</value>
      </symbol>
      <symbol id="sm-533">
         <name>COMP_E1_IRQHandler</name>
         <value>0x13ab</value>
      </symbol>
      <symbol id="sm-534">
         <name>TA0_0_IRQHandler</name>
         <value>0x13ab</value>
      </symbol>
      <symbol id="sm-535">
         <name>TA0_N_IRQHandler</name>
         <value>0x13ab</value>
      </symbol>
      <symbol id="sm-536">
         <name>TA1_0_IRQHandler</name>
         <value>0x13ab</value>
      </symbol>
      <symbol id="sm-537">
         <name>TA1_N_IRQHandler</name>
         <value>0x13ab</value>
      </symbol>
      <symbol id="sm-538">
         <name>TA2_0_IRQHandler</name>
         <value>0x13ab</value>
      </symbol>
      <symbol id="sm-539">
         <name>TA2_N_IRQHandler</name>
         <value>0x13ab</value>
      </symbol>
      <symbol id="sm-53a">
         <name>TA3_0_IRQHandler</name>
         <value>0x13ab</value>
      </symbol>
      <symbol id="sm-53b">
         <name>TA3_N_IRQHandler</name>
         <value>0x13ab</value>
      </symbol>
      <symbol id="sm-53c">
         <name>EUSCIA0_IRQHandler</name>
         <value>0x13ab</value>
      </symbol>
      <symbol id="sm-53d">
         <name>EUSCIA1_IRQHandler</name>
         <value>0x13ab</value>
      </symbol>
      <symbol id="sm-53e">
         <name>EUSCIA2_IRQHandler</name>
         <value>0x13ab</value>
      </symbol>
      <symbol id="sm-53f">
         <name>EUSCIA3_IRQHandler</name>
         <value>0x13ab</value>
      </symbol>
      <symbol id="sm-540">
         <name>EUSCIB0_IRQHandler</name>
         <value>0x13ab</value>
      </symbol>
      <symbol id="sm-541">
         <name>EUSCIB1_IRQHandler</name>
         <value>0x13ab</value>
      </symbol>
      <symbol id="sm-542">
         <name>EUSCIB2_IRQHandler</name>
         <value>0x13ab</value>
      </symbol>
      <symbol id="sm-543">
         <name>EUSCIB3_IRQHandler</name>
         <value>0x13ab</value>
      </symbol>
      <symbol id="sm-544">
         <name>ADC14_IRQHandler</name>
         <value>0x170d</value>
      </symbol>
      <symbol id="sm-545">
         <name>T32_INT1_IRQHandler</name>
         <value>0xc39</value>
      </symbol>
      <symbol id="sm-546">
         <name>T32_INT2_IRQHandler</name>
         <value>0x13ab</value>
      </symbol>
      <symbol id="sm-547">
         <name>T32_INTC_IRQHandler</name>
         <value>0x13ab</value>
      </symbol>
      <symbol id="sm-548">
         <name>AES256_IRQHandler</name>
         <value>0x13ab</value>
      </symbol>
      <symbol id="sm-549">
         <name>RTC_C_IRQHandler</name>
         <value>0x13ab</value>
      </symbol>
      <symbol id="sm-54a">
         <name>DMA_ERR_IRQHandler</name>
         <value>0x13ab</value>
      </symbol>
      <symbol id="sm-54b">
         <name>DMA_INT3_IRQHandler</name>
         <value>0x13ab</value>
      </symbol>
      <symbol id="sm-54c">
         <name>DMA_INT2_IRQHandler</name>
         <value>0x13ab</value>
      </symbol>
      <symbol id="sm-54d">
         <name>DMA_INT1_IRQHandler</name>
         <value>0x13ab</value>
      </symbol>
      <symbol id="sm-54e">
         <name>DMA_INT0_IRQHandler</name>
         <value>0x13ab</value>
      </symbol>
      <symbol id="sm-54f">
         <name>PORT1_IRQHandler</name>
         <value>0x13ab</value>
      </symbol>
      <symbol id="sm-550">
         <name>PORT2_IRQHandler</name>
         <value>0x13ab</value>
      </symbol>
      <symbol id="sm-551">
         <name>PORT3_IRQHandler</name>
         <value>0x13ab</value>
      </symbol>
      <symbol id="sm-552">
         <name>PORT4_IRQHandler</name>
         <value>0x13ab</value>
      </symbol>
      <symbol id="sm-553">
         <name>PORT5_IRQHandler</name>
         <value>0x13ab</value>
      </symbol>
      <symbol id="sm-554">
         <name>PORT6_IRQHandler</name>
         <value>0x13ab</value>
      </symbol>
   </symbol_table>
   <title>Link successful</title>
</link_info>
