******************************************************************************
                  TI ARM Linker Unix v16.9.6                   
******************************************************************************
>> Linked Sun Jul 15 21:39:55 2018

OUTPUT FILE NAME:   <boostxl_edumkii_lightsensor_msp432p401r_MSP_EXP432P401R_nortos_ccs.out>
ENTRY POINT SYMBOL: "_c_int00"  address: 00005679


MEMORY CONFIGURATION

         name            origin    length      used     unused   attr    fill
----------------------  --------  ---------  --------  --------  ----  --------
  MAIN                  00000000   00040000  00006508  00039af8  R  X
  INFO                  00200000   00004000  00000000  00004000  R  X
  SRAM_CODE             01000000   00010000  00001352  0000ecae  RW X
  SRAM_DATA             20000000   00010000  00001352  0000ecae  RW  


SEGMENT ALLOCATION MAP

run origin  load origin   length   init length attrs members
----------  ----------- ---------- ----------- ----- -------
00000000    00000000    00006508   00006508    r-x
  00000000    00000000    000000e4   000000e4    r-- .intvecs
  000000e4    000000e4    0000607c   0000607c    r-x .text
  00006160    00006160    00000304   00000304    r-- .const
  00006464    00006464    00000004   00000004    r-- .init_array
  00006468    00006468    000000a0   000000a0    r-- .cinit
20000000    20000000    00001154   00000000    rw-
  20000000    20000000    00000800   00000000    rw- .sysmem
  20000800    20000800    0000073e   00000000    rw- .bss
  20000f40    20000f40    00000214   00000000    rw- .data
2000fe00    2000fe00    00000200   00000000    rw-
  2000fe00    2000fe00    00000200   00000000    rw- .stack


SECTION ALLOCATION MAP

 output                                  attributes/
section   page    origin      length       input sections
--------  ----  ----------  ----------   ----------------
.intvecs   0    00000000    000000e4     
                  00000000    000000e4     startup_msp432p401r_ccs.obj (.intvecs:retain)

.binit     0    00000000    00000000     

.text      0    000000e4    0000607c     
                  000000e4    0000113e     rtsv7M4_T_le_v4SPD16_eabi.lib : _printfi.obj (.text)
                  00001222    00000002     startup_msp432p401r_ccs.obj (.text:Default_Handler)
                  00001224    00000620     Laberynth.obj (.text:_ZN4Maze8primMazeEv)
                  00001844    000004f4     Laberynth.obj (.text:_ZN4Maze13checkColitionEhh)
                  00001d38    000003d0     rtsv7M4_T_le_v4SPD16_eabi.lib : memory.obj (.text)
                  00002108    00000384     Laberynth.obj (.text:_ZN4MazeC1Ev)
                  0000248c    0000024c     Ball.obj (.text:_ZN4Ball20RefreshPhysicalStateEd)
                  000026d8    0000022a     grlib.a : circle.obj (.text:Graphics_fillCircle)
                  00002902    000001f4     rtsv7M4_T_le_v4SPD16_eabi.lib : ull_div_t2.obj (.text)
                  00002af6    000001d8     Crystalfontz128x128_ST7735.obj (.text:Crystalfontz128x128_PixelDrawMultiple)
                  00002cce    00000002     rtsv7M4_T_le_v4SPD16_eabi.lib : mpu_init.obj (.text)
                  00002cd0    000001c4                                   : fopen.obj (.text)
                  00002e94    000001b6                                   : fd_add_t2.obj (.text)
                  0000304a    00000002                                   : newhandler.obj (.text)
                  0000304c    00000180     main.obj (.text:_Z5Setupv)
                  000031cc    0000017c     Laberynth.obj (.text:_ZN4Maze9resetMazeEv)
                  00003348    00000174     Laberynth.obj (.text:_ZN4Maze13drawLaberynthEiP16Graphics_Context)
                  000034bc    00000170     rtsv7M4_T_le_v4SPD16_eabi.lib : e_sqrt.obj (.text)
                  0000362c    00000148     Ball.obj (.text:_ZN4Ball21Graphics_deleteCircleEP16Graphics_Contextiiiii)
                  00003774    00000136     rtsv7M4_T_le_v4SPD16_eabi.lib : fd_div_t2.obj (.text)
                  000038aa    00000002                                   : startup.obj (.text)
                  000038ac    00000134     Crystalfontz128x128_ST7735.obj (.text:Crystalfontz128x128_SetDrawFrame)
                  000039e0    00000134     rtsv7M4_T_le_v4SPD16_eabi.lib : fputs.obj (.text)
                  00003b14    0000012c     Crystalfontz128x128_ST7735.obj (.text:Crystalfontz128x128_Init)
                  00003c40    00000124     Laberynth.obj (.text:_ZN4Maze11WallToCoordEhhhPh)
                  00003d64    00000112     grlib.a : rectangle.obj (.text:Graphics_fillRectangle)
                  00003e76    000000fc     rtsv7M4_T_le_v4SPD16_eabi.lib : fd_mul_t2.obj (.text)
                  00003f72    00000002     --HOLE-- [fill = 0]
                  00003f74    000000fc                                   : s_scalbn.obj (.text)
                  00004070    000000f8                                   : s_floor.obj (.text)
                  00004168    000000f4                                   : dtor_list.obj (.text)
                  0000425c    000000dc                                   : setvbuf.obj (.text)
                  00004338    000000c8                                   : fflush.obj (.text)
                  00004400    000000c0                                   : s_round.obj (.text)
                  000044c0    000000bc     system_msp432p401r.obj (.text:SystemInit)
                  0000457c    000000bc     rtsv7M4_T_le_v4SPD16_eabi.lib : open.obj (.text)
                  00004638    000000bc                                   : typeinfo_.obj (.text)
                  000046f4    000000ba     Laberynth.obj (.text:_ZN4Maze9printMazeEv)
                  000047ae    000000b0     msp432p4xx_driverlib.lib : spi.o (.text:SPI_initMaster)
                  0000485e    000000ac     rtsv7M4_T_le_v4SPD16_eabi.lib : _io_perm.obj (.text)
                  0000490a    000000a6     Ball.obj (.text:_ZN4Ball10isOnCircleEiiii)
                  000049b0    000000a0     Ball.obj (.text:_ZN4BallC1EiiiP16Graphics_ContextP9Laberynth)
                  00004a50    0000009c     Crystalfontz128x128_ST7735.obj (.text:Crystalfontz128x128_RectFill)
                  00004aec    0000009c     grlib.a : line.obj (.text:Graphics_drawLineH)
                  00004b88    0000009c     rtsv7M4_T_le_v4SPD16_eabi.lib : memcpy_t2.obj (.text)
                  00004c24    00000098                                   : fclose.obj (.text)
                  00004cbc    00000098                                   : fputc.obj (.text)
                  00004d54    00000088     msp432p4xx_driverlib.lib : gpio.o (.text:GPIO_setAsPeripheralModuleFunctionOutputPin)
                  00004ddc    00000086     rtsv7M4_T_le_v4SPD16_eabi.lib : fd_cmp_t2.obj (.text:__aeabi_cdcmple)
                  00004e62    00000086                                   : fd_cmp_t2.obj (.text:__aeabi_cdrcmple)
                  00004ee8    00000080     Ball.obj (.text:_ZN4Ball15RefreshOnScreenEv)
                  00004f68    0000007a     rtsv7M4_T_le_v4SPD16_eabi.lib : memset_t2.obj (.text)
                  00004fe2    00000002     --HOLE-- [fill = 0]
                  00004fe4    00000070                                   : autoinit.obj (.text)
                  00005054    00000070                                   : getdevice.obj (.text)
                  000050c4    00000070                                   : printf.obj (.text)
                  00005134    00000068                                   : copy_decompress_lzss.obj (.text:decompress:lzss)
                  0000519c    00000068                                   : hostlseek.obj (.text)
                  00005204    00000068                                   : hostrename.obj (.text)
                  0000526c    00000068                                   : trgmsg.obj (.text)
                  000052d4    00000064                                   : fseek.obj (.text)
                  00005338    00000064                                   : s_frexp.obj (.text)
                  0000539c    00000060     Crystalfontz128x128_ST7735.obj (.text:Crystalfontz128x128_LineDrawH)
                  000053fc    00000060     Crystalfontz128x128_ST7735.obj (.text:Crystalfontz128x128_LineDrawV)
                  0000545c    00000060     rtsv7M4_T_le_v4SPD16_eabi.lib : hostopen.obj (.text)
                  000054bc    0000005c                                   : close.obj (.text)
                  00005518    0000005a     grlib.a : context.obj (.text:Graphics_drawPixel)
                  00005572    00000002     --HOLE-- [fill = 0]
                  00005574    00000058     rtsv7M4_T_le_v4SPD16_eabi.lib : hostread.obj (.text)
                  000055cc    00000058                                   : hostwrite.obj (.text)
                  00005624    00000054     Crystalfontz128x128_ST7735.obj (.text:Crystalfontz128x128_SetOrientation)
                  00005678    00000054     rtsv7M4_T_le_v4SPD16_eabi.lib : boot.obj (.text)
                  000056cc    00000054                                   : exit.obj (.text)
                  00005720    00000054                                   : ltoa.obj (.text)
                  00005774    00000052     grlib.a : context.obj (.text:Graphics_initContext)
                  000057c6    00000002     --HOLE-- [fill = 0]
                  000057c8    0000004c     rtsv7M4_T_le_v4SPD16_eabi.lib : atoi.obj (.text)
                  00005814    0000004c                                   : cpy_tbl.obj (.text)
                  00005860    0000004c                                   : rand.obj (.text)
                  000058ac    00000048     main.obj (.text:_Z18__NVIC_SetPriority4IRQnj)
                  000058f4    00000048     rtsv7M4_T_le_v4SPD16_eabi.lib : fd_toi_t2.obj (.text)
                  0000593c    00000044                                   : fd_tou_t2.obj (.text)
                  00005980    00000044                                   : hostclose.obj (.text)
                  000059c4    00000044                                   : hostunlink.obj (.text)
                  00005a08    00000040     Crystalfontz128x128_ST7735.obj (.text:Crystalfontz128x128_PixelDraw)
                  00005a48    00000040     msp432p4xx_driverlib.lib : gpio.o (.text:GPIO_setAsOutputPin)
                  00005a88    00000040     HAL_MSP_EXP432P401R_Crystalfontz128x128_ST7735.obj (.text:HAL_LCD_SpiInit)
                  00005ac8    00000040     msp432p4xx_driverlib.lib : spi.o (.text:is_A_Module)
                  00005b08    0000003c     main.obj (.text:T32_INT1_IRQHandler)
                  00005b44    0000003c     main.obj (.text:__sti___8_main_cpp_8ea94d19)
                  00005b80    00000038     main.obj (.text:ADC14_IRQHandler)
                  00005bb8    00000038     HAL_MSP_EXP432P401R_Crystalfontz128x128_ST7735.obj (.text:HAL_LCD_writeCommand)
                  00005bf0    00000036     grlib.a : display.obj (.text:Graphics_drawHorizontalLineOnDisplay)
                  00005c26    00000036     rtsv7M4_T_le_v4SPD16_eabi.lib : strncpy.obj (.text)
                  00005c5c    00000034     Laberynth.obj (.text:_ZN4Maze14coordToSqueareEhhPh)
                  00005c90    00000032     Laberynth.obj (.text:_ZN9Laberynth17generateLaberynthEv)
                  00005cc2    00000030     HAL_MSP_EXP432P401R_Crystalfontz128x128_ST7735.obj (.text:HAL_LCD_PortInit)
                  00005cf2    00000002     --HOLE-- [fill = 0]
                  00005cf4    00000030     main.obj (.text:_Z16__NVIC_EnableIRQ4IRQn)
                  00005d24    00000030     rtsv7M4_T_le_v4SPD16_eabi.lib : new_.obj (.text)
                  00005d54    0000002e                                   : i_tofd_t2.obj (.text)
                  00005d82    00000002     --HOLE-- [fill = 0]
                  00005d84    0000002c     Crystalfontz128x128_ST7735.obj (.text:Crystalfontz128x128_ClearScreen)
                  00005db0    0000002c     grlib.a : display.obj (.text:Graphics_drawPixelOnDisplay)
                  00005ddc    0000002c     HAL_MSP_EXP432P401R_Crystalfontz128x128_ST7735.obj (.text:HAL_LCD_writeData)
                  00005e08    0000002c     rtsv7M4_T_le_v4SPD16_eabi.lib : unlink.obj (.text)
                  00005e34    00000028     Crystalfontz128x128_ST7735.obj (.text:Crystalfontz128x128_ColorTranslate)
                  00005e5c    00000028     msp432p4xx_driverlib.lib : gpio.o (.text:GPIO_setOutputHighOnPin)
                  00005e84    00000028                              : gpio.o (.text:GPIO_setOutputLowOnPin)
                  00005eac    00000028     rtsv7M4_T_le_v4SPD16_eabi.lib : lseek.obj (.text)
                  00005ed4    00000028                                   : write.obj (.text)
                  00005efc    00000026     Laberynth.obj (.text:_ZN9Laberynth13checkColitionEhh)
                  00005f22    00000002     --HOLE-- [fill = 0]
                  00005f24    00000024     main.obj (.text:main)
                  00005f48    00000020     Laberynth.obj (.text:_ZN9LaberynthC1Ev)
                  00005f68    00000020     rtsv7M4_T_le_v4SPD16_eabi.lib : memchr.obj (.text)
                  00005f88    0000001e     grlib.a : display.obj (.text:Graphics_fillRectangleOnDisplay)
                  00005fa6    0000001c     msp432p4xx_driverlib.lib : spi.o (.text:SPI_enableModule)
                  00005fc2    00000002     --HOLE-- [fill = 0]
                  00005fc4    0000001c     main.obj (.text:T32_INT2_IRQHandler)
                  00005fe0    0000001c     rtsv7M4_T_le_v4SPD16_eabi.lib : memccpy.obj (.text)
                  00005ffc    00000018                                   : args_main.obj (.text)
                  00006014    00000018                                   : strcmp.obj (.text)
                  0000602c    00000016     msp432p4xx_driverlib.lib : spi.o (.text:EUSCI_A_SPI_enable)
                  00006042    00000016                              : spi.o (.text:EUSCI_B_SPI_enable)
                  00006058    00000016     grlib.a : context.obj (.text:Graphics_setForegroundColor)
                  0000606e    00000016             : display.obj (.text:Graphics_translateColorOnDisplay)
                  00006084    00000016     Laberynth.obj (.text:_ZN9Laberynth13drawLaberynthEiP16Graphics_Context)
                  0000609a    00000016     Laberynth.obj (.text:_ZN9LaberynthD0Ev)
                  000060b0    00000016     rtsv7M4_T_le_v4SPD16_eabi.lib : strchr.obj (.text)
                  000060c6    00000002     --HOLE-- [fill = 0]
                  000060c8    00000014                                   : _lock.obj (.text)
                  000060dc    00000014                                   : s_copysign.obj (.text)
                  000060f0    00000014                                   : strcpy.obj (.text)
                  00006104    00000014                                   : strlen.obj (.text)
                  00006118    0000000e                                   : copy_decompress_none.obj (.text:decompress:none)
                  00006126    0000000c     startup_msp432p401r_ccs.obj (.text:Reset_Handler)
                  00006132    0000000c     Laberynth.obj (.text:_ZN9LaberynthD1Ev)
                  0000613e    0000000c     rtsv7M4_T_le_v4SPD16_eabi.lib : copy_zero_init.obj (.text:decompress:ZI)
                  0000614a    0000000a     Crystalfontz128x128_ST7735.obj (.text:Crystalfontz128x128_Flush)
                  00006154    00000008     rtsv7M4_T_le_v4SPD16_eabi.lib : delete.obj (.text)
                  0000615c    00000004                                   : pre_init.obj (.text)

.const     0    00006160    00000304     
                  00006160    00000101     rtsv7M4_T_le_v4SPD16_eabi.lib : ctype.obj (.const:.string:_ctypes_)
                  00006261    00000002                                   : typeinfo_.obj (.const:.typeinfo:_ZTSe)
                  00006263    00000001     --HOLE-- [fill = 0]
                  00006264    00000030     msp432p4xx_driverlib.lib : gpio.o (.const:GPIO_PORT_TO_BASE)
                  00006294    00000028     rtsv7M4_T_le_v4SPD16_eabi.lib : typeinfo_.obj (.const:.typeinfo:_ZTSN10__cxxabiv123__fundamental_type_infoE)
                  000062bc    00000025                                   : typeinfo_.obj (.const:.typeinfo:_ZTSN10__cxxabiv120__si_class_type_infoE)
                  000062e1    00000024                                   : typeinfo_.obj (.const:.typeinfo:_ZTSN10__cxxabiv119__pointer_type_infoE)
                  00006305    00000022                                   : typeinfo_.obj (.const:.typeinfo:_ZTSN10__cxxabiv117__class_type_infoE)
                  00006327    00000022                                   : typeinfo_.obj (.const:.typeinfo:_ZTSN10__cxxabiv117__pbase_type_infoE)
                  00006349    00000003     --HOLE-- [fill = 0]
                  0000634c    00000020     Crystalfontz128x128_ST7735.obj (.const:g_sCrystalfontz128x128_funcs)
                  0000636c    0000001c     HAL_MSP_EXP432P401R_Crystalfontz128x128_ST7735.obj (.const:$P$T0$1)
                  00006388    00000010     rtsv7M4_T_le_v4SPD16_eabi.lib : typeinfo_.obj (.const:.typeinfo:_ZTIPKe)
                  00006398    00000010     Laberynth.obj (.const:_ZTV9Laberynth)
                  000063a8    00000010     rtsv7M4_T_le_v4SPD16_eabi.lib : typeinfo_.obj (.const:_ZTVN10__cxxabiv117__class_type_infoE)
                  000063b8    00000010                                   : typeinfo_.obj (.const:_ZTVN10__cxxabiv119__pointer_type_infoE)
                  000063c8    00000010                                   : typeinfo_.obj (.const:_ZTVN10__cxxabiv120__si_class_type_infoE)
                  000063d8    00000010                                   : typeinfo_.obj (.const:_ZTVN10__cxxabiv123__fundamental_type_infoE)
                  000063e8    0000000d                                   : typeinfo_.obj (.const:.typeinfo:_ZTSSt9type_info)
                  000063f5    00000003     --HOLE-- [fill = 0]
                  000063f8    0000000c                                   : typeinfo_.obj (.const:.typeinfo:_ZTIN10__cxxabiv117__class_type_infoE)
                  00006404    0000000c                                   : typeinfo_.obj (.const:.typeinfo:_ZTIN10__cxxabiv117__pbase_type_infoE)
                  00006410    0000000c                                   : typeinfo_.obj (.const:.typeinfo:_ZTIN10__cxxabiv119__pointer_type_infoE)
                  0000641c    0000000c                                   : typeinfo_.obj (.const:.typeinfo:_ZTIN10__cxxabiv120__si_class_type_infoE)
                  00006428    0000000c                                   : typeinfo_.obj (.const:.typeinfo:_ZTIN10__cxxabiv123__fundamental_type_infoE)
                  00006434    0000000b     Laberynth.obj (.const:.typeinfo:_ZTS9Laberynth)
                  0000643f    00000001     --HOLE-- [fill = 0]
                  00006440    00000008     Crystalfontz128x128_ST7735.obj (.const:$P$T0$1)
                  00006448    00000008     Laberynth.obj (.const:.typeinfo:_ZTI9Laberynth)
                  00006450    00000008     rtsv7M4_T_le_v4SPD16_eabi.lib : typeinfo_.obj (.const:.typeinfo:_ZTISt9type_info)
                  00006458    00000008                                   : typeinfo_.obj (.const:.typeinfo:_ZTIe)
                  00006460    00000004                                   : typeinfo_.obj (.const:.typeinfo:_ZTSPKe)

.cinit     0    00006468    000000a0     
                  00006468    0000007a     (.cinit..data.load) [load image, compression = lzss]
                  000064e2    00000002     --HOLE-- [fill = 0]
                  000064e4    0000000c     (__TI_handler_table)
                  000064f0    00000008     (.cinit..bss.load) [load image, compression = zero_init]
                  000064f8    00000010     (__TI_cinit_table)

.init_array 
*          0    00006464    00000004     
                  00006464    00000004     main.obj (.init_array)

.sysmem    0    20000000    00000800     UNINITIALIZED
                  20000000    00000008     rtsv7M4_T_le_v4SPD16_eabi.lib : memory.obj (.sysmem)
                  20000008    000007f8     --HOLE--

.bss       0    20000800    0000073e     UNINITIALIZED
                  20000800    000004f0     main.obj (.bss:MyLaberynth)
                  20000cf0    00000120     rtsv7M4_T_le_v4SPD16_eabi.lib : trgmsg.obj (.bss:_CIOBUF_)
                  20000e10    000000a0     (.common:__TI_tmpnams)
                  20000eb0    00000050     main.obj (.bss:ball)
                  20000f00    0000001c     (.common:g_sContext)
                  20000f1c    00000008     (.common:g_sRectangle)
                  20000f24    00000008     (.common:parmbuf)
                  20000f2c    00000004     (.common:_ZSt16__dummy_typeinfo)
                  20000f30    00000004     (.common:__dso_handle)
                  20000f34    00000002     (.common:Lcd_ScreenHeigth)
                  20000f36    00000002     (.common:Lcd_ScreenWidth)
                  20000f38    00000002     (.common:Lcd_TouchTrim)
                  20000f3a    00000001     (.common:Lcd_FlagRead)
                  20000f3b    00000001     (.common:Lcd_FontSolid)
                  20000f3c    00000001     (.common:Lcd_Orientation)
                  20000f3d    00000001     (.common:Lcd_PenSolid)

.data      0    20000f40    00000214     UNINITIALIZED
                  20000f40    000000f0     rtsv7M4_T_le_v4SPD16_eabi.lib : defs.obj (.data:_ftable)
                  20001030    00000078                                   : write.obj (.data:_device)
                  200010a8    00000050                                   : write.obj (.data:_stream)
                  200010f8    00000010     Crystalfontz128x128_ST7735.obj (.data:g_sCrystalfontz128x128)
                  20001108    00000010     rtsv7M4_T_le_v4SPD16_eabi.lib : defs.obj (.data)
                  20001118    0000000c                                   : exit.obj (.data:$O1$$)
                  20001124    0000000c                                   : memory.obj (.data:$O1$$)
                  20001130    00000008                                   : _lock.obj (.data:$O1$$)
                  20001138    00000004                                   : dtor_list.obj (.data)
                  2000113c    00000004                                   : errno.obj (.data)
                  20001140    00000004                                   : fopen.obj (.data)
                  20001144    00000004                                   : open.obj (.data)
                  20001148    00000004                                   : rand.obj (.data)
                  2000114c    00000004                                   : stkdepth_vars.obj (.data)
                  20001150    00000004                                   : vars.obj (.data)

.stack     0    2000fe00    00000200     UNINITIALIZED
                  2000fe00    00000200     --HOLE--

MODULE SUMMARY

       Module                                               code    ro data   rw data
       ------                                               ----    -------   -------
    ./
       Laberynth.obj                                        5194    35        0      
       main.obj                                             744     4         2760   
       Ball.obj                                             1370    0         0      
       system_msp432p401r.obj                               188     0         0      
    +--+----------------------------------------------------+-------+---------+---------+
       Total:                                               7496    39        2760   
                                                                                     
    ./LcdDriver/
       Crystalfontz128x128_ST7735.obj                       1670    40        52     
       HAL_MSP_EXP432P401R_Crystalfontz128x128_ST7735.obj   212     28        0      
    +--+----------------------------------------------------+-------+---------+---------+
       Total:                                               1882    68        52     
                                                                                     
    ./ccs/
       startup_msp432p401r_ccs.obj                          14      228       0      
    +--+----------------------------------------------------+-------+---------+---------+
       Total:                                               14      228       0      
                                                                                     
    /home/david/ti/ccsv7/tools/compiler/ti-cgt-arm_16.9.6.LTS/lib/rtsv7M4_T_le_v4SPD16_eabi.lib
       _printfi.obj                                         4414    0         0      
       memory.obj                                           976     0         24     
       defs.obj                                             0       0         832    
       trgmsg.obj                                           104     0         576    
       typeinfo_.obj                                        188     356       8      
       ull_div_t2.obj                                       500     0         0      
       fopen.obj                                            452     0         8      
       write.obj                                            40      0         400    
       fd_add_t2.obj                                        438     0         0      
       e_sqrt.obj                                           368     0         0      
       fd_div_t2.obj                                        310     0         0      
       fputs.obj                                            308     0         0      
       fd_cmp_t2.obj                                        268     0         0      
       dtor_list.obj                                        244     0         16     
       ctype.obj                                            0       257       0      
       fd_mul_t2.obj                                        252     0         0      
       s_scalbn.obj                                         252     0         0      
       s_floor.obj                                          248     0         0      
       setvbuf.obj                                          220     0         0      
       fflush.obj                                           200     0         0      
       open.obj                                             188     0         8      
       s_round.obj                                          192     0         0      
       _io_perm.obj                                         172     0         0      
       memcpy_t2.obj                                        156     0         0      
       fclose.obj                                           152     0         0      
       fputc.obj                                            152     0         0      
       memset_t2.obj                                        122     0         0      
       autoinit.obj                                         112     0         0      
       getdevice.obj                                        112     0         0      
       hostopen.obj                                         96      0         16     
       printf.obj                                           112     0         0      
       exit.obj                                             84      0         24     
       copy_decompress_lzss.obj                             104     0         0      
       hostlseek.obj                                        104     0         0      
       hostrename.obj                                       104     0         0      
       fseek.obj                                            100     0         0      
       s_frexp.obj                                          100     0         0      
       close.obj                                            92      0         0      
       hostread.obj                                         88      0         0      
       hostwrite.obj                                        88      0         0      
       boot.obj                                             84      0         0      
       ltoa.obj                                             84      0         0      
       rand.obj                                             76      0         8      
       atoi.obj                                             76      0         0      
       cpy_tbl.obj                                          76      0         0      
       fd_toi_t2.obj                                        72      0         0      
       fd_tou_t2.obj                                        68      0         0      
       hostclose.obj                                        68      0         0      
       hostunlink.obj                                       68      0         0      
       strncpy.obj                                          54      0         0      
       new_.obj                                             48      0         0      
       i_tofd_t2.obj                                        46      0         0      
       unlink.obj                                           44      0         0      
       lseek.obj                                            40      0         0      
       _lock.obj                                            20      0         16     
       memchr.obj                                           32      0         0      
       memccpy.obj                                          28      0         0      
       args_main.obj                                        24      0         0      
       strcmp.obj                                           24      0         0      
       strchr.obj                                           22      0         0      
       s_copysign.obj                                       20      0         0      
       strcpy.obj                                           20      0         0      
       strlen.obj                                           20      0         0      
       copy_decompress_none.obj                             14      0         0      
       copy_zero_init.obj                                   12      0         0      
       delete.obj                                           8       0         0      
       errno.obj                                            0       0         8      
       stkdepth_vars.obj                                    0       0         8      
       vars.obj                                             0       0         8      
       pre_init.obj                                         4       0         0      
       mpu_init.obj                                         2       0         0      
       newhandler.obj                                       2       0         0      
       startup.obj                                          2       0         0      
    +--+----------------------------------------------------+-------+---------+---------+
       Total:                                               13370   613       1960   
                                                                                     
    /home/david/ti/simplelink_msp432p4_sdk_2_20_00_12/source/ti/devices/msp432p4xx/driverlib/ccs/msp432p4xx_driverlib.lib
       gpio.o                                               280     48        0      
       spi.o                                                312     0         0      
    +--+----------------------------------------------------+-------+---------+---------+
       Total:                                               592     48        0      
                                                                                     
    /home/david/ti/simplelink_msp432p4_sdk_2_20_00_12/source/ti/grlib/lib/ccs/m4f/grlib.a
       circle.obj                                           554     0         0      
       rectangle.obj                                        274     0         0      
       context.obj                                          194     0         0      
       line.obj                                             156     0         0      
       display.obj                                          150     0         0      
    +--+----------------------------------------------------+-------+---------+---------+
       Total:                                               1328    0         0      
                                                                                     
       Heap:                                                0       0         4096   
       Stack:                                               0       0         1024   
       Linker Generated:                                    0       158       0      
    +--+----------------------------------------------------+-------+---------+---------+
       Grand Total:                                         24682   1154      9892   


LINKER GENERATED COPY TABLES

__TI_cinit_table @ 000064f8 records: 2, size/record: 8, table size: 16
	.data: load addr=00006468, load size=0000007a bytes, run addr=20000f40, run size=00000214 bytes, compression=lzss
	.bss: load addr=000064f0, load size=00000008 bytes, run addr=20000800, run size=0000073e bytes, compression=zero_init


LINKER GENERATED HANDLER TABLE

__TI_handler_table @ 000064e4 records: 3, size/record: 4, table size: 12
	index: 0, handler: __TI_decompress_lzss
	index: 1, handler: __TI_decompress_none
	index: 2, handler: __TI_zero_init


GLOBAL SYMBOLS: SORTED ALPHABETICALLY BY Name 

address   name                                                    
-------   ----                                                    
00005b81  ADC14_IRQHandler                                        
00005b81  ADC14_IRQHandler                                        
00001223  AES256_IRQHandler                                       
00001223  BusFault_Handler                                        
000056cd  C$$EXIT                                                 
0000529b  C$$IO$$                                                 
00001223  COMP_E0_IRQHandler                                      
00001223  COMP_E1_IRQHandler                                      
00001223  CS_IRQHandler                                           
00003b15  Crystalfontz128x128_Init                                
000038ad  Crystalfontz128x128_SetDrawFrame                        
00005625  Crystalfontz128x128_SetOrientation                      
00001223  DMA_ERR_IRQHandler                                      
00001223  DMA_INT0_IRQHandler                                     
00001223  DMA_INT1_IRQHandler                                     
00001223  DMA_INT2_IRQHandler                                     
00001223  DMA_INT3_IRQHandler                                     
00001223  DebugMon_Handler                                        
00001223  Default_Handler                                         
00001223  EUSCIA0_IRQHandler                                      
00001223  EUSCIA1_IRQHandler                                      
00001223  EUSCIA2_IRQHandler                                      
00001223  EUSCIA3_IRQHandler                                      
00001223  EUSCIB0_IRQHandler                                      
00001223  EUSCIB1_IRQHandler                                      
00001223  EUSCIB2_IRQHandler                                      
00001223  EUSCIB3_IRQHandler                                      
0000602d  EUSCI_A_SPI_enable                                      
00006043  EUSCI_B_SPI_enable                                      
00001223  FLCTL_IRQHandler                                        
00001223  FPU_IRQHandler                                          
00005a49  GPIO_setAsOutputPin                                     
00004d55  GPIO_setAsPeripheralModuleFunctionOutputPin             
00005e5d  GPIO_setOutputHighOnPin                                 
00005e85  GPIO_setOutputLowOnPin                                  
00005bf1  Graphics_drawHorizontalLineOnDisplay                    
00004aed  Graphics_drawLineH                                      
00005519  Graphics_drawPixel                                      
00005db1  Graphics_drawPixelOnDisplay                             
000026d9  Graphics_fillCircle                                     
00003d65  Graphics_fillRectangle                                  
00005f89  Graphics_fillRectangleOnDisplay                         
00005775  Graphics_initContext                                    
00006059  Graphics_setForegroundColor                             
0000606f  Graphics_translateColorOnDisplay                        
00005cc3  HAL_LCD_PortInit                                        
00005a89  HAL_LCD_SpiInit                                         
00005bb9  HAL_LCD_writeCommand                                    
00005ddd  HAL_LCD_writeData                                       
00005981  HOSTclose                                               
0000519d  HOSTlseek                                               
0000545d  HOSTopen                                                
00005575  HOSTread                                                
00005205  HOSTrename                                              
000059c5  HOSTunlink                                              
000055cd  HOSTwrite                                               
00001223  HardFault_Handler                                       
20000f3a  Lcd_FlagRead                                            
20000f3b  Lcd_FontSolid                                           
20000f3c  Lcd_Orientation                                         
20000f3d  Lcd_PenSolid                                            
20000f34  Lcd_ScreenHeigth                                        
20000f36  Lcd_ScreenWidth                                         
20000f38  Lcd_TouchTrim                                           
00001223  MemManage_Handler                                       
20000800  MyLaberynth                                             
00001223  NMI_Handler                                             
00001223  PCM_IRQHandler                                          
00001223  PORT1_IRQHandler                                        
00001223  PORT2_IRQHandler                                        
00001223  PORT3_IRQHandler                                        
00001223  PORT4_IRQHandler                                        
00001223  PORT5_IRQHandler                                        
00001223  PORT6_IRQHandler                                        
00001223  PSS_IRQHandler                                          
00001223  PendSV_Handler                                          
00001223  RTC_C_IRQHandler                                        
00006127  Reset_Handler                                           
00006464  SHT$$INIT_ARRAY$$Base                                   
00006468  SHT$$INIT_ARRAY$$Limit                                  
00005fa7  SPI_enableModule                                        
000047af  SPI_initMaster                                          
00001223  SVC_Handler                                             
00001223  SysTick_Handler                                         
000044c1  SystemInit                                              
00005b09  T32_INT1_IRQHandler                                     
00005b09  T32_INT1_IRQHandler                                     
00005fc5  T32_INT2_IRQHandler                                     
00005fc5  T32_INT2_IRQHandler                                     
00001223  T32_INTC_IRQHandler                                     
00001223  TA0_0_IRQHandler                                        
00001223  TA0_N_IRQHandler                                        
00001223  TA1_0_IRQHandler                                        
00001223  TA1_N_IRQHandler                                        
00001223  TA2_0_IRQHandler                                        
00001223  TA2_N_IRQHandler                                        
00001223  TA3_0_IRQHandler                                        
00001223  TA3_N_IRQHandler                                        
00001223  UsageFault_Handler                                      
4000480c  WDTCTL_SYM                                              
00001223  WDT_A_IRQHandler                                        
0000304b  _Z21__default_new_handlerv                              
0000304d  _Z5Setupv                                               
000046e5  _ZN10__cxxabiv116__enum_type_infoD0Ev                   
000046e3  _ZN10__cxxabiv116__enum_type_infoD1Ev                   
000046e3  _ZN10__cxxabiv116__enum_type_infoD2Ev                   
000046db  _ZN10__cxxabiv117__array_type_infoD0Ev                  
000046d9  _ZN10__cxxabiv117__array_type_infoD1Ev                  
000046d9  _ZN10__cxxabiv117__array_type_infoD2Ev                  
000046d1  _ZN10__cxxabiv117__class_type_infoD0Ev                  
000046cf  _ZN10__cxxabiv117__class_type_infoD1Ev                  
000046cf  _ZN10__cxxabiv117__class_type_infoD2Ev                  
000046c7  _ZN10__cxxabiv117__pbase_type_infoD0Ev                  
000046c5  _ZN10__cxxabiv117__pbase_type_infoD1Ev                  
000046c5  _ZN10__cxxabiv117__pbase_type_infoD2Ev                  
000046bd  _ZN10__cxxabiv119__pointer_type_infoD0Ev                
000046bb  _ZN10__cxxabiv119__pointer_type_infoD1Ev                
000046bb  _ZN10__cxxabiv119__pointer_type_infoD2Ev                
000046b3  _ZN10__cxxabiv120__function_type_infoD0Ev               
000046b1  _ZN10__cxxabiv120__function_type_infoD1Ev               
000046b1  _ZN10__cxxabiv120__function_type_infoD2Ev               
000046a9  _ZN10__cxxabiv120__si_class_type_infoD0Ev               
000046a7  _ZN10__cxxabiv120__si_class_type_infoD1Ev               
000046a7  _ZN10__cxxabiv120__si_class_type_infoD2Ev               
0000469f  _ZN10__cxxabiv121__vmi_class_type_infoD0Ev              
0000469d  _ZN10__cxxabiv121__vmi_class_type_infoD1Ev              
0000469d  _ZN10__cxxabiv121__vmi_class_type_infoD2Ev              
00004695  _ZN10__cxxabiv123__fundamental_type_infoD0Ev            
00004693  _ZN10__cxxabiv123__fundamental_type_infoD1Ev            
00004693  _ZN10__cxxabiv123__fundamental_type_infoD2Ev            
0000468b  _ZN10__cxxabiv129__pointer_to_member_type_infoD0Ev      
00004689  _ZN10__cxxabiv129__pointer_to_member_type_infoD1Ev      
00004689  _ZN10__cxxabiv129__pointer_to_member_type_infoD2Ev      
0000490b  _ZN4Ball10isOnCircleEiiii                               
00004ee9  _ZN4Ball15RefreshOnScreenEv                             
0000248d  _ZN4Ball20RefreshPhysicalStateEd                        
0000362d  _ZN4Ball21Graphics_deleteCircleEP16Graphics_Contextiiiii
000049b1  _ZN4BallC1EiiiP16Graphics_ContextP9Laberynth            
000049b1  _ZN4BallC2EiiiP16Graphics_ContextP9Laberynth            
00003c41  _ZN4Maze11WallToCoordEhhhPh                             
00001845  _ZN4Maze13checkColitionEhh                              
00003349  _ZN4Maze13drawLaberynthEiP16Graphics_Context            
00005c5d  _ZN4Maze14coordToSqueareEhhPh                           
00001225  _ZN4Maze8primMazeEv                                     
000046f5  _ZN4Maze9printMazeEv                                    
000031cd  _ZN4Maze9resetMazeEv                                    
00002109  _ZN4MazeC1Ev                                            
00002109  _ZN4MazeC2Ev                                            
00005efd  _ZN9Laberynth13checkColitionEhh                         
00006085  _ZN9Laberynth13drawLaberynthEiP16Graphics_Context       
00005c91  _ZN9Laberynth17generateLaberynthEv                      
00005f49  _ZN9LaberynthC1Ev                                       
00005f49  _ZN9LaberynthC2Ev                                       
0000609b  _ZN9LaberynthD0Ev                                       
00006133  _ZN9LaberynthD1Ev                                       
00006133  _ZN9LaberynthD2Ev                                       
0000464b  _ZNKSt9type_info4nameEv                                 
0000467b  _ZNKSt9type_info6beforeERKS_                            
00004665  _ZNKSt9type_infoeqERKS_                                 
0000464f  _ZNKSt9type_infoneERKS_                                 
00004643  _ZNSt9type_infoD0Ev                                     
00004641  _ZNSt9type_infoD1Ev                                     
00004641  _ZNSt9type_infoD2Ev                                     
20000f2c  _ZSt16__dummy_typeinfo                                  
00004639  _ZSt21__gen_dummy_typeinfosv                            
00006448  _ZTI9Laberynth                                          
000063f8  _ZTIN10__cxxabiv117__class_type_infoE                   
00006404  _ZTIN10__cxxabiv117__pbase_type_infoE                   
00006410  _ZTIN10__cxxabiv119__pointer_type_infoE                 
0000641c  _ZTIN10__cxxabiv120__si_class_type_infoE                
00006428  _ZTIN10__cxxabiv123__fundamental_type_infoE             
00006388  _ZTIPKe                                                 
00006450  _ZTISt9type_info                                        
00006458  _ZTIe                                                   
00006434  _ZTS9Laberynth                                          
00006305  _ZTSN10__cxxabiv117__class_type_infoE                   
00006327  _ZTSN10__cxxabiv117__pbase_type_infoE                   
000062e1  _ZTSN10__cxxabiv119__pointer_type_infoE                 
000062bc  _ZTSN10__cxxabiv120__si_class_type_infoE                
00006294  _ZTSN10__cxxabiv123__fundamental_type_infoE             
00006460  _ZTSPKe                                                 
000063e8  _ZTSSt9type_info                                        
00006261  _ZTSe                                                   
00006398  _ZTV9Laberynth                                          
000063a8  _ZTVN10__cxxabiv117__class_type_infoE                   
000063b8  _ZTVN10__cxxabiv119__pointer_type_infoE                 
000063c8  _ZTVN10__cxxabiv120__si_class_type_infoE                
000063d8  _ZTVN10__cxxabiv123__fundamental_type_infoE             
00006155  _ZdlPv                                                  
00005d25  _Znwj                                                   
20000cf0  __CIOBUF_                                               
20010000  __STACK_END                                             
00000200  __STACK_SIZE                                            
00000800  __SYSMEM_SIZE                                           
000064f8  __TI_CINIT_Base                                         
00006508  __TI_CINIT_Limit                                        
000064e4  __TI_Handler_Table_Base                                 
000064f0  __TI_Handler_Table_Limit                                
00004fe5  __TI_auto_init                                          
00002d99  __TI_cleanup                                            
20001118  __TI_cleanup_ptr                                        
00004c25  __TI_closefile                                          
00005135  __TI_decompress_lzss                                    
00006119  __TI_decompress_none                                    
00004339  __TI_doflush                                            
2000111c  __TI_dtors_ptr                                          
20001120  __TI_enable_exit_profile_output                         
20001108  __TI_ft_end                                             
ffffffff  __TI_pprof_out_hndl                                     
00000929  __TI_printfi                                            
ffffffff  __TI_prof_data_size                                     
ffffffff  __TI_prof_data_start                                    
000048c1  __TI_rd_ok                                              
0000529f  __TI_readmsg                                            
00000000  __TI_static_base__                                      
20000e10  __TI_tmpnams                                            
0000526d  __TI_writemsg                                           
0000485f  __TI_wrt_ok                                             
0000613f  __TI_zero_init                                          
00004203  __aeabi_atexit                                          
00004ddd  __aeabi_cdcmpeq                                         
00004ddd  __aeabi_cdcmple                                         
00004e63  __aeabi_cdrcmple                                        
000058f5  __aeabi_d2iz                                            
0000593d  __aeabi_d2uiz                                           
00002e9f  __aeabi_dadd                                            
00003775  __aeabi_ddiv                                            
00003e77  __aeabi_dmul                                            
00002e95  __aeabi_dsub                                            
00005d55  __aeabi_i2d                                             
00004f69  __aeabi_memclr                                          
00004f69  __aeabi_memclr4                                         
00004f69  __aeabi_memclr8                                         
00004b89  __aeabi_memcpy                                          
00004b89  __aeabi_memcpy4                                         
00004b89  __aeabi_memcpy8                                         
00004f6b  __aeabi_memset                                          
00004f6b  __aeabi_memset4                                         
00004f6b  __aeabi_memset8                                         
20001114  __aeabi_stderr                                          
2000110c  __aeabi_stdin                                           
20001110  __aeabi_stdout                                          
00002903  __aeabi_uldivmod                                        
ffffffff  __binit__                                               
ffffffff  __c_args__                                              
000041b1  __cxa_atexit                                            
00004169  __cxa_finalize                                          
000041ab  __cxa_ia64_exit                                         
20000f30  __dso_handle                                            
00002ccf  __mpu_init                                              
2000fe00  __stack                                                 
00005b45  __sti___8_main_cpp_8ea94d19                             
00005ffd  _args_main                                              
00005679  _c_int00                                                
00006160  _ctypes_                                                
20001030  _device                                                 
20000f40  _ftable                                                 
20001130  _lock                                                   
20001150  _new_handler                                            
000060d7  _nop                                                    
000060cf  _register_lock                                          
000060c9  _register_unlock                                        
200010a8  _stream                                                 
20000000  _sys_memory                                             
000038ab  _system_post_cinit                                      
0000615d  _system_pre_init                                        
20001134  _unlock                                                 
000056d1  abort                                                   
000041f5  atexit                                                  
000057c9  atoi                                                    
20000eb0  ball                                                    
ffffffff  binit                                                   
000020d9  calloc                                                  
000054bd  close                                                   
00005815  copy_in                                                 
000060dd  copysign                                                
000060dd  copysignl                                               
2000113c  errno                                                   
000056d9  exit                                                    
00004c8b  fclose                                                  
00004385  fflush                                                  
00005055  finddevice                                              
00004071  floor                                                   
00004071  floorl                                                  
00002def  fopen                                                   
00004cbd  fputc                                                   
000039e1  fputs                                                   
00001e23  free                                                    
00002dc5  freopen                                                 
00005339  frexp                                                   
00005339  frexpl                                                  
000052d5  fseek                                                   
20000f00  g_sContext                                              
200010f8  g_sCrystalfontz128x128                                  
0000634c  g_sCrystalfontz128x128_funcs                            
20000f1c  g_sRectangle                                            
0000507f  getdevice                                               
00000000  interruptVectors                                        
00003f75  ldexp                                                   
00003f75  ldexpl                                                  
00005ead  lseek                                                   
00005721  ltoa                                                    
00005f25  main                                                    
2000114c  main_func_sp                                            
00001db9  malloc                                                  
00001fed  memalign                                                
00005fe1  memccpy                                                 
00005f69  memchr                                                  
00004b89  memcpy                                                  
00004f71  memset                                                  
00001d39  minit                                                   
0000457d  open                                                    
20000f24  parmbuf                                                 
000050cd  printf                                                  
00004cbd  putc                                                    
00004d41  putchar                                                 
00003aed  puts                                                    
00005877  rand                                                    
00001ee3  realloc                                                 
00005e09  remove                                                  
00004401  round                                                   
00004401  roundl                                                  
00003f75  scalbn                                                  
00003f75  scalbnl                                                 
0000425d  setvbuf                                                 
000034bd  sqrt                                                    
000034bd  sqrtl                                                   
00005861  srand                                                   
000060b1  strchr                                                  
00006015  strcmp                                                  
000060f1  strcpy                                                  
00006105  strlen                                                  
00005c27  strncpy                                                 
00005e09  unlink                                                  
00005ed5  write                                                   


GLOBAL SYMBOLS: SORTED BY Symbol Address 

address   name                                                    
-------   ----                                                    
00000000  __TI_static_base__                                      
00000000  interruptVectors                                        
00000200  __STACK_SIZE                                            
00000800  __SYSMEM_SIZE                                           
00000929  __TI_printfi                                            
00001223  AES256_IRQHandler                                       
00001223  BusFault_Handler                                        
00001223  COMP_E0_IRQHandler                                      
00001223  COMP_E1_IRQHandler                                      
00001223  CS_IRQHandler                                           
00001223  DMA_ERR_IRQHandler                                      
00001223  DMA_INT0_IRQHandler                                     
00001223  DMA_INT1_IRQHandler                                     
00001223  DMA_INT2_IRQHandler                                     
00001223  DMA_INT3_IRQHandler                                     
00001223  DebugMon_Handler                                        
00001223  Default_Handler                                         
00001223  EUSCIA0_IRQHandler                                      
00001223  EUSCIA1_IRQHandler                                      
00001223  EUSCIA2_IRQHandler                                      
00001223  EUSCIA3_IRQHandler                                      
00001223  EUSCIB0_IRQHandler                                      
00001223  EUSCIB1_IRQHandler                                      
00001223  EUSCIB2_IRQHandler                                      
00001223  EUSCIB3_IRQHandler                                      
00001223  FLCTL_IRQHandler                                        
00001223  FPU_IRQHandler                                          
00001223  HardFault_Handler                                       
00001223  MemManage_Handler                                       
00001223  NMI_Handler                                             
00001223  PCM_IRQHandler                                          
00001223  PORT1_IRQHandler                                        
00001223  PORT2_IRQHandler                                        
00001223  PORT3_IRQHandler                                        
00001223  PORT4_IRQHandler                                        
00001223  PORT5_IRQHandler                                        
00001223  PORT6_IRQHandler                                        
00001223  PSS_IRQHandler                                          
00001223  PendSV_Handler                                          
00001223  RTC_C_IRQHandler                                        
00001223  SVC_Handler                                             
00001223  SysTick_Handler                                         
00001223  T32_INTC_IRQHandler                                     
00001223  TA0_0_IRQHandler                                        
00001223  TA0_N_IRQHandler                                        
00001223  TA1_0_IRQHandler                                        
00001223  TA1_N_IRQHandler                                        
00001223  TA2_0_IRQHandler                                        
00001223  TA2_N_IRQHandler                                        
00001223  TA3_0_IRQHandler                                        
00001223  TA3_N_IRQHandler                                        
00001223  UsageFault_Handler                                      
00001223  WDT_A_IRQHandler                                        
00001225  _ZN4Maze8primMazeEv                                     
00001845  _ZN4Maze13checkColitionEhh                              
00001d39  minit                                                   
00001db9  malloc                                                  
00001e23  free                                                    
00001ee3  realloc                                                 
00001fed  memalign                                                
000020d9  calloc                                                  
00002109  _ZN4MazeC1Ev                                            
00002109  _ZN4MazeC2Ev                                            
0000248d  _ZN4Ball20RefreshPhysicalStateEd                        
000026d9  Graphics_fillCircle                                     
00002903  __aeabi_uldivmod                                        
00002ccf  __mpu_init                                              
00002d99  __TI_cleanup                                            
00002dc5  freopen                                                 
00002def  fopen                                                   
00002e95  __aeabi_dsub                                            
00002e9f  __aeabi_dadd                                            
0000304b  _Z21__default_new_handlerv                              
0000304d  _Z5Setupv                                               
000031cd  _ZN4Maze9resetMazeEv                                    
00003349  _ZN4Maze13drawLaberynthEiP16Graphics_Context            
000034bd  sqrt                                                    
000034bd  sqrtl                                                   
0000362d  _ZN4Ball21Graphics_deleteCircleEP16Graphics_Contextiiiii
00003775  __aeabi_ddiv                                            
000038ab  _system_post_cinit                                      
000038ad  Crystalfontz128x128_SetDrawFrame                        
000039e1  fputs                                                   
00003aed  puts                                                    
00003b15  Crystalfontz128x128_Init                                
00003c41  _ZN4Maze11WallToCoordEhhhPh                             
00003d65  Graphics_fillRectangle                                  
00003e77  __aeabi_dmul                                            
00003f75  ldexp                                                   
00003f75  ldexpl                                                  
00003f75  scalbn                                                  
00003f75  scalbnl                                                 
00004071  floor                                                   
00004071  floorl                                                  
00004169  __cxa_finalize                                          
000041ab  __cxa_ia64_exit                                         
000041b1  __cxa_atexit                                            
000041f5  atexit                                                  
00004203  __aeabi_atexit                                          
0000425d  setvbuf                                                 
00004339  __TI_doflush                                            
00004385  fflush                                                  
00004401  round                                                   
00004401  roundl                                                  
000044c1  SystemInit                                              
0000457d  open                                                    
00004639  _ZSt21__gen_dummy_typeinfosv                            
00004641  _ZNSt9type_infoD1Ev                                     
00004641  _ZNSt9type_infoD2Ev                                     
00004643  _ZNSt9type_infoD0Ev                                     
0000464b  _ZNKSt9type_info4nameEv                                 
0000464f  _ZNKSt9type_infoneERKS_                                 
00004665  _ZNKSt9type_infoeqERKS_                                 
0000467b  _ZNKSt9type_info6beforeERKS_                            
00004689  _ZN10__cxxabiv129__pointer_to_member_type_infoD1Ev      
00004689  _ZN10__cxxabiv129__pointer_to_member_type_infoD2Ev      
0000468b  _ZN10__cxxabiv129__pointer_to_member_type_infoD0Ev      
00004693  _ZN10__cxxabiv123__fundamental_type_infoD1Ev            
00004693  _ZN10__cxxabiv123__fundamental_type_infoD2Ev            
00004695  _ZN10__cxxabiv123__fundamental_type_infoD0Ev            
0000469d  _ZN10__cxxabiv121__vmi_class_type_infoD1Ev              
0000469d  _ZN10__cxxabiv121__vmi_class_type_infoD2Ev              
0000469f  _ZN10__cxxabiv121__vmi_class_type_infoD0Ev              
000046a7  _ZN10__cxxabiv120__si_class_type_infoD1Ev               
000046a7  _ZN10__cxxabiv120__si_class_type_infoD2Ev               
000046a9  _ZN10__cxxabiv120__si_class_type_infoD0Ev               
000046b1  _ZN10__cxxabiv120__function_type_infoD1Ev               
000046b1  _ZN10__cxxabiv120__function_type_infoD2Ev               
000046b3  _ZN10__cxxabiv120__function_type_infoD0Ev               
000046bb  _ZN10__cxxabiv119__pointer_type_infoD1Ev                
000046bb  _ZN10__cxxabiv119__pointer_type_infoD2Ev                
000046bd  _ZN10__cxxabiv119__pointer_type_infoD0Ev                
000046c5  _ZN10__cxxabiv117__pbase_type_infoD1Ev                  
000046c5  _ZN10__cxxabiv117__pbase_type_infoD2Ev                  
000046c7  _ZN10__cxxabiv117__pbase_type_infoD0Ev                  
000046cf  _ZN10__cxxabiv117__class_type_infoD1Ev                  
000046cf  _ZN10__cxxabiv117__class_type_infoD2Ev                  
000046d1  _ZN10__cxxabiv117__class_type_infoD0Ev                  
000046d9  _ZN10__cxxabiv117__array_type_infoD1Ev                  
000046d9  _ZN10__cxxabiv117__array_type_infoD2Ev                  
000046db  _ZN10__cxxabiv117__array_type_infoD0Ev                  
000046e3  _ZN10__cxxabiv116__enum_type_infoD1Ev                   
000046e3  _ZN10__cxxabiv116__enum_type_infoD2Ev                   
000046e5  _ZN10__cxxabiv116__enum_type_infoD0Ev                   
000046f5  _ZN4Maze9printMazeEv                                    
000047af  SPI_initMaster                                          
0000485f  __TI_wrt_ok                                             
000048c1  __TI_rd_ok                                              
0000490b  _ZN4Ball10isOnCircleEiiii                               
000049b1  _ZN4BallC1EiiiP16Graphics_ContextP9Laberynth            
000049b1  _ZN4BallC2EiiiP16Graphics_ContextP9Laberynth            
00004aed  Graphics_drawLineH                                      
00004b89  __aeabi_memcpy                                          
00004b89  __aeabi_memcpy4                                         
00004b89  __aeabi_memcpy8                                         
00004b89  memcpy                                                  
00004c25  __TI_closefile                                          
00004c8b  fclose                                                  
00004cbd  fputc                                                   
00004cbd  putc                                                    
00004d41  putchar                                                 
00004d55  GPIO_setAsPeripheralModuleFunctionOutputPin             
00004ddd  __aeabi_cdcmpeq                                         
00004ddd  __aeabi_cdcmple                                         
00004e63  __aeabi_cdrcmple                                        
00004ee9  _ZN4Ball15RefreshOnScreenEv                             
00004f69  __aeabi_memclr                                          
00004f69  __aeabi_memclr4                                         
00004f69  __aeabi_memclr8                                         
00004f6b  __aeabi_memset                                          
00004f6b  __aeabi_memset4                                         
00004f6b  __aeabi_memset8                                         
00004f71  memset                                                  
00004fe5  __TI_auto_init                                          
00005055  finddevice                                              
0000507f  getdevice                                               
000050cd  printf                                                  
00005135  __TI_decompress_lzss                                    
0000519d  HOSTlseek                                               
00005205  HOSTrename                                              
0000526d  __TI_writemsg                                           
0000529b  C$$IO$$                                                 
0000529f  __TI_readmsg                                            
000052d5  fseek                                                   
00005339  frexp                                                   
00005339  frexpl                                                  
0000545d  HOSTopen                                                
000054bd  close                                                   
00005519  Graphics_drawPixel                                      
00005575  HOSTread                                                
000055cd  HOSTwrite                                               
00005625  Crystalfontz128x128_SetOrientation                      
00005679  _c_int00                                                
000056cd  C$$EXIT                                                 
000056d1  abort                                                   
000056d9  exit                                                    
00005721  ltoa                                                    
00005775  Graphics_initContext                                    
000057c9  atoi                                                    
00005815  copy_in                                                 
00005861  srand                                                   
00005877  rand                                                    
000058f5  __aeabi_d2iz                                            
0000593d  __aeabi_d2uiz                                           
00005981  HOSTclose                                               
000059c5  HOSTunlink                                              
00005a49  GPIO_setAsOutputPin                                     
00005a89  HAL_LCD_SpiInit                                         
00005b09  T32_INT1_IRQHandler                                     
00005b09  T32_INT1_IRQHandler                                     
00005b45  __sti___8_main_cpp_8ea94d19                             
00005b81  ADC14_IRQHandler                                        
00005b81  ADC14_IRQHandler                                        
00005bb9  HAL_LCD_writeCommand                                    
00005bf1  Graphics_drawHorizontalLineOnDisplay                    
00005c27  strncpy                                                 
00005c5d  _ZN4Maze14coordToSqueareEhhPh                           
00005c91  _ZN9Laberynth17generateLaberynthEv                      
00005cc3  HAL_LCD_PortInit                                        
00005d25  _Znwj                                                   
00005d55  __aeabi_i2d                                             
00005db1  Graphics_drawPixelOnDisplay                             
00005ddd  HAL_LCD_writeData                                       
00005e09  remove                                                  
00005e09  unlink                                                  
00005e5d  GPIO_setOutputHighOnPin                                 
00005e85  GPIO_setOutputLowOnPin                                  
00005ead  lseek                                                   
00005ed5  write                                                   
00005efd  _ZN9Laberynth13checkColitionEhh                         
00005f25  main                                                    
00005f49  _ZN9LaberynthC1Ev                                       
00005f49  _ZN9LaberynthC2Ev                                       
00005f69  memchr                                                  
00005f89  Graphics_fillRectangleOnDisplay                         
00005fa7  SPI_enableModule                                        
00005fc5  T32_INT2_IRQHandler                                     
00005fc5  T32_INT2_IRQHandler                                     
00005fe1  memccpy                                                 
00005ffd  _args_main                                              
00006015  strcmp                                                  
0000602d  EUSCI_A_SPI_enable                                      
00006043  EUSCI_B_SPI_enable                                      
00006059  Graphics_setForegroundColor                             
0000606f  Graphics_translateColorOnDisplay                        
00006085  _ZN9Laberynth13drawLaberynthEiP16Graphics_Context       
0000609b  _ZN9LaberynthD0Ev                                       
000060b1  strchr                                                  
000060c9  _register_unlock                                        
000060cf  _register_lock                                          
000060d7  _nop                                                    
000060dd  copysign                                                
000060dd  copysignl                                               
000060f1  strcpy                                                  
00006105  strlen                                                  
00006119  __TI_decompress_none                                    
00006127  Reset_Handler                                           
00006133  _ZN9LaberynthD1Ev                                       
00006133  _ZN9LaberynthD2Ev                                       
0000613f  __TI_zero_init                                          
00006155  _ZdlPv                                                  
0000615d  _system_pre_init                                        
00006160  _ctypes_                                                
00006261  _ZTSe                                                   
00006294  _ZTSN10__cxxabiv123__fundamental_type_infoE             
000062bc  _ZTSN10__cxxabiv120__si_class_type_infoE                
000062e1  _ZTSN10__cxxabiv119__pointer_type_infoE                 
00006305  _ZTSN10__cxxabiv117__class_type_infoE                   
00006327  _ZTSN10__cxxabiv117__pbase_type_infoE                   
0000634c  g_sCrystalfontz128x128_funcs                            
00006388  _ZTIPKe                                                 
00006398  _ZTV9Laberynth                                          
000063a8  _ZTVN10__cxxabiv117__class_type_infoE                   
000063b8  _ZTVN10__cxxabiv119__pointer_type_infoE                 
000063c8  _ZTVN10__cxxabiv120__si_class_type_infoE                
000063d8  _ZTVN10__cxxabiv123__fundamental_type_infoE             
000063e8  _ZTSSt9type_info                                        
000063f8  _ZTIN10__cxxabiv117__class_type_infoE                   
00006404  _ZTIN10__cxxabiv117__pbase_type_infoE                   
00006410  _ZTIN10__cxxabiv119__pointer_type_infoE                 
0000641c  _ZTIN10__cxxabiv120__si_class_type_infoE                
00006428  _ZTIN10__cxxabiv123__fundamental_type_infoE             
00006434  _ZTS9Laberynth                                          
00006448  _ZTI9Laberynth                                          
00006450  _ZTISt9type_info                                        
00006458  _ZTIe                                                   
00006460  _ZTSPKe                                                 
00006464  SHT$$INIT_ARRAY$$Base                                   
00006468  SHT$$INIT_ARRAY$$Limit                                  
000064e4  __TI_Handler_Table_Base                                 
000064f0  __TI_Handler_Table_Limit                                
000064f8  __TI_CINIT_Base                                         
00006508  __TI_CINIT_Limit                                        
20000000  _sys_memory                                             
20000800  MyLaberynth                                             
20000cf0  __CIOBUF_                                               
20000e10  __TI_tmpnams                                            
20000eb0  ball                                                    
20000f00  g_sContext                                              
20000f1c  g_sRectangle                                            
20000f24  parmbuf                                                 
20000f2c  _ZSt16__dummy_typeinfo                                  
20000f30  __dso_handle                                            
20000f34  Lcd_ScreenHeigth                                        
20000f36  Lcd_ScreenWidth                                         
20000f38  Lcd_TouchTrim                                           
20000f3a  Lcd_FlagRead                                            
20000f3b  Lcd_FontSolid                                           
20000f3c  Lcd_Orientation                                         
20000f3d  Lcd_PenSolid                                            
20000f40  _ftable                                                 
20001030  _device                                                 
200010a8  _stream                                                 
200010f8  g_sCrystalfontz128x128                                  
20001108  __TI_ft_end                                             
2000110c  __aeabi_stdin                                           
20001110  __aeabi_stdout                                          
20001114  __aeabi_stderr                                          
20001118  __TI_cleanup_ptr                                        
2000111c  __TI_dtors_ptr                                          
20001120  __TI_enable_exit_profile_output                         
20001130  _lock                                                   
20001134  _unlock                                                 
2000113c  errno                                                   
2000114c  main_func_sp                                            
20001150  _new_handler                                            
2000fe00  __stack                                                 
20010000  __STACK_END                                             
4000480c  WDTCTL_SYM                                              
ffffffff  __TI_pprof_out_hndl                                     
ffffffff  __TI_prof_data_size                                     
ffffffff  __TI_prof_data_start                                    
ffffffff  __binit__                                               
ffffffff  __c_args__                                              
ffffffff  binit                                                   

[335 symbols]
