<?xml version="1.0"?>
<link_info>
   <banner>TI ARM Linker Unix v16.9.6.LTS</banner>
   <copyright>Copyright (c) 1996-2017 Texas Instruments Incorporated</copyright>
   <link_time>0x5b4c138b</link_time>
   <link_errors>0x0</link_errors>
   <output_file>boostxl_edumkii_lightsensor_msp432p401r_MSP_EXP432P401R_nortos_ccs.out</output_file>
   <entry_point>
      <name>_c_int00</name>
      <address>0x5679</address>
   </entry_point>
   <input_file_list>
      <input_file id="fl-2">
         <path>./</path>
         <kind>object</kind>
         <file>Ball.obj</file>
         <name>Ball.obj</name>
      </input_file>
      <input_file id="fl-3">
         <path>./</path>
         <kind>object</kind>
         <file>HAL_I2C.obj</file>
         <name>HAL_I2C.obj</name>
      </input_file>
      <input_file id="fl-4">
         <path>./</path>
         <kind>object</kind>
         <file>HAL_OPT3001.obj</file>
         <name>HAL_OPT3001.obj</name>
      </input_file>
      <input_file id="fl-5">
         <path>./</path>
         <kind>object</kind>
         <file>Laberynth.obj</file>
         <name>Laberynth.obj</name>
      </input_file>
      <input_file id="fl-6">
         <path>./</path>
         <kind>object</kind>
         <file>main.obj</file>
         <name>main.obj</name>
      </input_file>
      <input_file id="fl-7">
         <path>./</path>
         <kind>object</kind>
         <file>system_msp432p401r.obj</file>
         <name>system_msp432p401r.obj</name>
      </input_file>
      <input_file id="fl-8">
         <path>./LcdDriver/</path>
         <kind>object</kind>
         <file>Crystalfontz128x128_ST7735.obj</file>
         <name>Crystalfontz128x128_ST7735.obj</name>
      </input_file>
      <input_file id="fl-9">
         <path>./LcdDriver/</path>
         <kind>object</kind>
         <file>HAL_MSP_EXP432P401R_Crystalfontz128x128_ST7735.obj</file>
         <name>HAL_MSP_EXP432P401R_Crystalfontz128x128_ST7735.obj</name>
      </input_file>
      <input_file id="fl-a">
         <path>./ccs/</path>
         <kind>object</kind>
         <file>startup_msp432p401r_ccs.obj</file>
         <name>startup_msp432p401r_ccs.obj</name>
      </input_file>
      <input_file id="fl-15">
         <kind>object</kind>
         <file>&lt;internal&gt;</file>
         <name>&lt;internal&gt;</name>
      </input_file>
      <input_file id="fl-16">
         <path>/home/david/ti/simplelink_msp432p4_sdk_2_20_00_12/source/ti/grlib/lib/ccs/m4f/</path>
         <kind>archive</kind>
         <file>grlib.a</file>
         <name>circle.obj</name>
      </input_file>
      <input_file id="fl-17">
         <path>/home/david/ti/simplelink_msp432p4_sdk_2_20_00_12/source/ti/grlib/lib/ccs/m4f/</path>
         <kind>archive</kind>
         <file>grlib.a</file>
         <name>context.obj</name>
      </input_file>
      <input_file id="fl-18">
         <path>/home/david/ti/simplelink_msp432p4_sdk_2_20_00_12/source/ti/grlib/lib/ccs/m4f/</path>
         <kind>archive</kind>
         <file>grlib.a</file>
         <name>display.obj</name>
      </input_file>
      <input_file id="fl-19">
         <path>/home/david/ti/simplelink_msp432p4_sdk_2_20_00_12/source/ti/grlib/lib/ccs/m4f/</path>
         <kind>archive</kind>
         <file>grlib.a</file>
         <name>line.obj</name>
      </input_file>
      <input_file id="fl-1a">
         <path>/home/david/ti/simplelink_msp432p4_sdk_2_20_00_12/source/ti/grlib/lib/ccs/m4f/</path>
         <kind>archive</kind>
         <file>grlib.a</file>
         <name>rectangle.obj</name>
      </input_file>
      <input_file id="fl-1b">
         <path>/home/david/ti/simplelink_msp432p4_sdk_2_20_00_12/source/ti/devices/msp432p4xx/driverlib/ccs/</path>
         <kind>archive</kind>
         <file>msp432p4xx_driverlib.lib</file>
         <name>gpio.o</name>
      </input_file>
      <input_file id="fl-1c">
         <path>/home/david/ti/simplelink_msp432p4_sdk_2_20_00_12/source/ti/devices/msp432p4xx/driverlib/ccs/</path>
         <kind>archive</kind>
         <file>msp432p4xx_driverlib.lib</file>
         <name>i2c.o</name>
      </input_file>
      <input_file id="fl-1d">
         <path>/home/david/ti/simplelink_msp432p4_sdk_2_20_00_12/source/ti/devices/msp432p4xx/driverlib/ccs/</path>
         <kind>archive</kind>
         <file>msp432p4xx_driverlib.lib</file>
         <name>interrupt.o</name>
      </input_file>
      <input_file id="fl-1e">
         <path>/home/david/ti/simplelink_msp432p4_sdk_2_20_00_12/source/ti/devices/msp432p4xx/driverlib/ccs/</path>
         <kind>archive</kind>
         <file>msp432p4xx_driverlib.lib</file>
         <name>spi.o</name>
      </input_file>
      <input_file id="fl-1f">
         <path>/home/david/ti/simplelink_msp432p4_sdk_2_20_00_12/source/ti/devices/msp432p4xx/driverlib/ccs/</path>
         <kind>archive</kind>
         <file>msp432p4xx_driverlib.lib</file>
         <name>cpu.o</name>
      </input_file>
      <input_file id="fl-d5">
         <path>/home/david/ti/ccsv7/tools/compiler/ti-cgt-arm_16.9.6.LTS/lib/</path>
         <kind>archive</kind>
         <file>rtsv7M4_T_le_v4SPD16_eabi.lib</file>
         <name>boot.obj</name>
      </input_file>
      <input_file id="fl-d6">
         <path>/home/david/ti/ccsv7/tools/compiler/ti-cgt-arm_16.9.6.LTS/lib/</path>
         <kind>archive</kind>
         <file>rtsv7M4_T_le_v4SPD16_eabi.lib</file>
         <name>copy_decompress_lzss.obj</name>
      </input_file>
      <input_file id="fl-d7">
         <path>/home/david/ti/ccsv7/tools/compiler/ti-cgt-arm_16.9.6.LTS/lib/</path>
         <kind>archive</kind>
         <file>rtsv7M4_T_le_v4SPD16_eabi.lib</file>
         <name>copy_decompress_none.obj</name>
      </input_file>
      <input_file id="fl-d8">
         <path>/home/david/ti/ccsv7/tools/compiler/ti-cgt-arm_16.9.6.LTS/lib/</path>
         <kind>archive</kind>
         <file>rtsv7M4_T_le_v4SPD16_eabi.lib</file>
         <name>copy_zero_init.obj</name>
      </input_file>
      <input_file id="fl-d9">
         <path>/home/david/ti/ccsv7/tools/compiler/ti-cgt-arm_16.9.6.LTS/lib/</path>
         <kind>archive</kind>
         <file>rtsv7M4_T_le_v4SPD16_eabi.lib</file>
         <name>delete.obj</name>
      </input_file>
      <input_file id="fl-da">
         <path>/home/david/ti/ccsv7/tools/compiler/ti-cgt-arm_16.9.6.LTS/lib/</path>
         <kind>archive</kind>
         <file>rtsv7M4_T_le_v4SPD16_eabi.lib</file>
         <name>dtor_list.obj</name>
      </input_file>
      <input_file id="fl-db">
         <path>/home/david/ti/ccsv7/tools/compiler/ti-cgt-arm_16.9.6.LTS/lib/</path>
         <kind>archive</kind>
         <file>rtsv7M4_T_le_v4SPD16_eabi.lib</file>
         <name>e_sqrt.obj</name>
      </input_file>
      <input_file id="fl-dc">
         <path>/home/david/ti/ccsv7/tools/compiler/ti-cgt-arm_16.9.6.LTS/lib/</path>
         <kind>archive</kind>
         <file>rtsv7M4_T_le_v4SPD16_eabi.lib</file>
         <name>errno.obj</name>
      </input_file>
      <input_file id="fl-dd">
         <path>/home/david/ti/ccsv7/tools/compiler/ti-cgt-arm_16.9.6.LTS/lib/</path>
         <kind>archive</kind>
         <file>rtsv7M4_T_le_v4SPD16_eabi.lib</file>
         <name>exit.obj</name>
      </input_file>
      <input_file id="fl-de">
         <path>/home/david/ti/ccsv7/tools/compiler/ti-cgt-arm_16.9.6.LTS/lib/</path>
         <kind>archive</kind>
         <file>rtsv7M4_T_le_v4SPD16_eabi.lib</file>
         <name>fd_add_t2.obj</name>
      </input_file>
      <input_file id="fl-df">
         <path>/home/david/ti/ccsv7/tools/compiler/ti-cgt-arm_16.9.6.LTS/lib/</path>
         <kind>archive</kind>
         <file>rtsv7M4_T_le_v4SPD16_eabi.lib</file>
         <name>fd_cmp_t2.obj</name>
      </input_file>
      <input_file id="fl-e0">
         <path>/home/david/ti/ccsv7/tools/compiler/ti-cgt-arm_16.9.6.LTS/lib/</path>
         <kind>archive</kind>
         <file>rtsv7M4_T_le_v4SPD16_eabi.lib</file>
         <name>fd_mul_t2.obj</name>
      </input_file>
      <input_file id="fl-e1">
         <path>/home/david/ti/ccsv7/tools/compiler/ti-cgt-arm_16.9.6.LTS/lib/</path>
         <kind>archive</kind>
         <file>rtsv7M4_T_le_v4SPD16_eabi.lib</file>
         <name>fd_toi_t2.obj</name>
      </input_file>
      <input_file id="fl-e2">
         <path>/home/david/ti/ccsv7/tools/compiler/ti-cgt-arm_16.9.6.LTS/lib/</path>
         <kind>archive</kind>
         <file>rtsv7M4_T_le_v4SPD16_eabi.lib</file>
         <name>fd_tou_t2.obj</name>
      </input_file>
      <input_file id="fl-e3">
         <path>/home/david/ti/ccsv7/tools/compiler/ti-cgt-arm_16.9.6.LTS/lib/</path>
         <kind>archive</kind>
         <file>rtsv7M4_T_le_v4SPD16_eabi.lib</file>
         <name>i_tofd_t2.obj</name>
      </input_file>
      <input_file id="fl-e4">
         <path>/home/david/ti/ccsv7/tools/compiler/ti-cgt-arm_16.9.6.LTS/lib/</path>
         <kind>archive</kind>
         <file>rtsv7M4_T_le_v4SPD16_eabi.lib</file>
         <name>memcpy_t2.obj</name>
      </input_file>
      <input_file id="fl-e5">
         <path>/home/david/ti/ccsv7/tools/compiler/ti-cgt-arm_16.9.6.LTS/lib/</path>
         <kind>archive</kind>
         <file>rtsv7M4_T_le_v4SPD16_eabi.lib</file>
         <name>memory.obj</name>
      </input_file>
      <input_file id="fl-e6">
         <path>/home/david/ti/ccsv7/tools/compiler/ti-cgt-arm_16.9.6.LTS/lib/</path>
         <kind>archive</kind>
         <file>rtsv7M4_T_le_v4SPD16_eabi.lib</file>
         <name>memset_t2.obj</name>
      </input_file>
      <input_file id="fl-e7">
         <path>/home/david/ti/ccsv7/tools/compiler/ti-cgt-arm_16.9.6.LTS/lib/</path>
         <kind>archive</kind>
         <file>rtsv7M4_T_le_v4SPD16_eabi.lib</file>
         <name>mpu_init.obj</name>
      </input_file>
      <input_file id="fl-e8">
         <path>/home/david/ti/ccsv7/tools/compiler/ti-cgt-arm_16.9.6.LTS/lib/</path>
         <kind>archive</kind>
         <file>rtsv7M4_T_le_v4SPD16_eabi.lib</file>
         <name>new_.obj</name>
      </input_file>
      <input_file id="fl-e9">
         <path>/home/david/ti/ccsv7/tools/compiler/ti-cgt-arm_16.9.6.LTS/lib/</path>
         <kind>archive</kind>
         <file>rtsv7M4_T_le_v4SPD16_eabi.lib</file>
         <name>newhandler.obj</name>
      </input_file>
      <input_file id="fl-ea">
         <path>/home/david/ti/ccsv7/tools/compiler/ti-cgt-arm_16.9.6.LTS/lib/</path>
         <kind>archive</kind>
         <file>rtsv7M4_T_le_v4SPD16_eabi.lib</file>
         <name>pre_init.obj</name>
      </input_file>
      <input_file id="fl-eb">
         <path>/home/david/ti/ccsv7/tools/compiler/ti-cgt-arm_16.9.6.LTS/lib/</path>
         <kind>archive</kind>
         <file>rtsv7M4_T_le_v4SPD16_eabi.lib</file>
         <name>printf.obj</name>
      </input_file>
      <input_file id="fl-ec">
         <path>/home/david/ti/ccsv7/tools/compiler/ti-cgt-arm_16.9.6.LTS/lib/</path>
         <kind>archive</kind>
         <file>rtsv7M4_T_le_v4SPD16_eabi.lib</file>
         <name>rand.obj</name>
      </input_file>
      <input_file id="fl-ed">
         <path>/home/david/ti/ccsv7/tools/compiler/ti-cgt-arm_16.9.6.LTS/lib/</path>
         <kind>archive</kind>
         <file>rtsv7M4_T_le_v4SPD16_eabi.lib</file>
         <name>s_round.obj</name>
      </input_file>
      <input_file id="fl-ee">
         <path>/home/david/ti/ccsv7/tools/compiler/ti-cgt-arm_16.9.6.LTS/lib/</path>
         <kind>archive</kind>
         <file>rtsv7M4_T_le_v4SPD16_eabi.lib</file>
         <name>stkdepth_vars.obj</name>
      </input_file>
      <input_file id="fl-ef">
         <path>/home/david/ti/ccsv7/tools/compiler/ti-cgt-arm_16.9.6.LTS/lib/</path>
         <kind>archive</kind>
         <file>rtsv7M4_T_le_v4SPD16_eabi.lib</file>
         <name>typeinfo_.obj</name>
      </input_file>
      <input_file id="fl-f0">
         <path>/home/david/ti/ccsv7/tools/compiler/ti-cgt-arm_16.9.6.LTS/lib/</path>
         <kind>archive</kind>
         <file>rtsv7M4_T_le_v4SPD16_eabi.lib</file>
         <name>vars.obj</name>
      </input_file>
      <input_file id="fl-f1">
         <path>/home/david/ti/ccsv7/tools/compiler/ti-cgt-arm_16.9.6.LTS/lib/</path>
         <kind>archive</kind>
         <file>rtsv7M4_T_le_v4SPD16_eabi.lib</file>
         <name>_lock.obj</name>
      </input_file>
      <input_file id="fl-f2">
         <path>/home/david/ti/ccsv7/tools/compiler/ti-cgt-arm_16.9.6.LTS/lib/</path>
         <kind>archive</kind>
         <file>rtsv7M4_T_le_v4SPD16_eabi.lib</file>
         <name>_printfi.obj</name>
      </input_file>
      <input_file id="fl-f3">
         <path>/home/david/ti/ccsv7/tools/compiler/ti-cgt-arm_16.9.6.LTS/lib/</path>
         <kind>archive</kind>
         <file>rtsv7M4_T_le_v4SPD16_eabi.lib</file>
         <name>args_main.obj</name>
      </input_file>
      <input_file id="fl-f4">
         <path>/home/david/ti/ccsv7/tools/compiler/ti-cgt-arm_16.9.6.LTS/lib/</path>
         <kind>archive</kind>
         <file>rtsv7M4_T_le_v4SPD16_eabi.lib</file>
         <name>atoi.obj</name>
      </input_file>
      <input_file id="fl-f5">
         <path>/home/david/ti/ccsv7/tools/compiler/ti-cgt-arm_16.9.6.LTS/lib/</path>
         <kind>archive</kind>
         <file>rtsv7M4_T_le_v4SPD16_eabi.lib</file>
         <name>autoinit.obj</name>
      </input_file>
      <input_file id="fl-f6">
         <path>/home/david/ti/ccsv7/tools/compiler/ti-cgt-arm_16.9.6.LTS/lib/</path>
         <kind>archive</kind>
         <file>rtsv7M4_T_le_v4SPD16_eabi.lib</file>
         <name>cpy_tbl.obj</name>
      </input_file>
      <input_file id="fl-f7">
         <path>/home/david/ti/ccsv7/tools/compiler/ti-cgt-arm_16.9.6.LTS/lib/</path>
         <kind>archive</kind>
         <file>rtsv7M4_T_le_v4SPD16_eabi.lib</file>
         <name>ctype.obj</name>
      </input_file>
      <input_file id="fl-f8">
         <path>/home/david/ti/ccsv7/tools/compiler/ti-cgt-arm_16.9.6.LTS/lib/</path>
         <kind>archive</kind>
         <file>rtsv7M4_T_le_v4SPD16_eabi.lib</file>
         <name>defs.obj</name>
      </input_file>
      <input_file id="fl-f9">
         <path>/home/david/ti/ccsv7/tools/compiler/ti-cgt-arm_16.9.6.LTS/lib/</path>
         <kind>archive</kind>
         <file>rtsv7M4_T_le_v4SPD16_eabi.lib</file>
         <name>fd_div_t2.obj</name>
      </input_file>
      <input_file id="fl-fa">
         <path>/home/david/ti/ccsv7/tools/compiler/ti-cgt-arm_16.9.6.LTS/lib/</path>
         <kind>archive</kind>
         <file>rtsv7M4_T_le_v4SPD16_eabi.lib</file>
         <name>fputc.obj</name>
      </input_file>
      <input_file id="fl-fb">
         <path>/home/david/ti/ccsv7/tools/compiler/ti-cgt-arm_16.9.6.LTS/lib/</path>
         <kind>archive</kind>
         <file>rtsv7M4_T_le_v4SPD16_eabi.lib</file>
         <name>fputs.obj</name>
      </input_file>
      <input_file id="fl-fc">
         <path>/home/david/ti/ccsv7/tools/compiler/ti-cgt-arm_16.9.6.LTS/lib/</path>
         <kind>archive</kind>
         <file>rtsv7M4_T_le_v4SPD16_eabi.lib</file>
         <name>ltoa.obj</name>
      </input_file>
      <input_file id="fl-fd">
         <path>/home/david/ti/ccsv7/tools/compiler/ti-cgt-arm_16.9.6.LTS/lib/</path>
         <kind>archive</kind>
         <file>rtsv7M4_T_le_v4SPD16_eabi.lib</file>
         <name>memccpy.obj</name>
      </input_file>
      <input_file id="fl-fe">
         <path>/home/david/ti/ccsv7/tools/compiler/ti-cgt-arm_16.9.6.LTS/lib/</path>
         <kind>archive</kind>
         <file>rtsv7M4_T_le_v4SPD16_eabi.lib</file>
         <name>memchr.obj</name>
      </input_file>
      <input_file id="fl-ff">
         <path>/home/david/ti/ccsv7/tools/compiler/ti-cgt-arm_16.9.6.LTS/lib/</path>
         <kind>archive</kind>
         <file>rtsv7M4_T_le_v4SPD16_eabi.lib</file>
         <name>s_floor.obj</name>
      </input_file>
      <input_file id="fl-100">
         <path>/home/david/ti/ccsv7/tools/compiler/ti-cgt-arm_16.9.6.LTS/lib/</path>
         <kind>archive</kind>
         <file>rtsv7M4_T_le_v4SPD16_eabi.lib</file>
         <name>s_frexp.obj</name>
      </input_file>
      <input_file id="fl-101">
         <path>/home/david/ti/ccsv7/tools/compiler/ti-cgt-arm_16.9.6.LTS/lib/</path>
         <kind>archive</kind>
         <file>rtsv7M4_T_le_v4SPD16_eabi.lib</file>
         <name>s_scalbn.obj</name>
      </input_file>
      <input_file id="fl-102">
         <path>/home/david/ti/ccsv7/tools/compiler/ti-cgt-arm_16.9.6.LTS/lib/</path>
         <kind>archive</kind>
         <file>rtsv7M4_T_le_v4SPD16_eabi.lib</file>
         <name>startup.obj</name>
      </input_file>
      <input_file id="fl-103">
         <path>/home/david/ti/ccsv7/tools/compiler/ti-cgt-arm_16.9.6.LTS/lib/</path>
         <kind>archive</kind>
         <file>rtsv7M4_T_le_v4SPD16_eabi.lib</file>
         <name>strchr.obj</name>
      </input_file>
      <input_file id="fl-104">
         <path>/home/david/ti/ccsv7/tools/compiler/ti-cgt-arm_16.9.6.LTS/lib/</path>
         <kind>archive</kind>
         <file>rtsv7M4_T_le_v4SPD16_eabi.lib</file>
         <name>strlen.obj</name>
      </input_file>
      <input_file id="fl-105">
         <path>/home/david/ti/ccsv7/tools/compiler/ti-cgt-arm_16.9.6.LTS/lib/</path>
         <kind>archive</kind>
         <file>rtsv7M4_T_le_v4SPD16_eabi.lib</file>
         <name>ull_div_t2.obj</name>
      </input_file>
      <input_file id="fl-106">
         <path>/home/david/ti/ccsv7/tools/compiler/ti-cgt-arm_16.9.6.LTS/lib/</path>
         <kind>archive</kind>
         <file>rtsv7M4_T_le_v4SPD16_eabi.lib</file>
         <name>write.obj</name>
      </input_file>
      <input_file id="fl-107">
         <path>/home/david/ti/ccsv7/tools/compiler/ti-cgt-arm_16.9.6.LTS/lib/</path>
         <kind>archive</kind>
         <file>rtsv7M4_T_le_v4SPD16_eabi.lib</file>
         <name>_io_perm.obj</name>
      </input_file>
      <input_file id="fl-108">
         <path>/home/david/ti/ccsv7/tools/compiler/ti-cgt-arm_16.9.6.LTS/lib/</path>
         <kind>archive</kind>
         <file>rtsv7M4_T_le_v4SPD16_eabi.lib</file>
         <name>fflush.obj</name>
      </input_file>
      <input_file id="fl-109">
         <path>/home/david/ti/ccsv7/tools/compiler/ti-cgt-arm_16.9.6.LTS/lib/</path>
         <kind>archive</kind>
         <file>rtsv7M4_T_le_v4SPD16_eabi.lib</file>
         <name>fseek.obj</name>
      </input_file>
      <input_file id="fl-10a">
         <path>/home/david/ti/ccsv7/tools/compiler/ti-cgt-arm_16.9.6.LTS/lib/</path>
         <kind>archive</kind>
         <file>rtsv7M4_T_le_v4SPD16_eabi.lib</file>
         <name>hostclose.obj</name>
      </input_file>
      <input_file id="fl-10b">
         <path>/home/david/ti/ccsv7/tools/compiler/ti-cgt-arm_16.9.6.LTS/lib/</path>
         <kind>archive</kind>
         <file>rtsv7M4_T_le_v4SPD16_eabi.lib</file>
         <name>hostlseek.obj</name>
      </input_file>
      <input_file id="fl-10c">
         <path>/home/david/ti/ccsv7/tools/compiler/ti-cgt-arm_16.9.6.LTS/lib/</path>
         <kind>archive</kind>
         <file>rtsv7M4_T_le_v4SPD16_eabi.lib</file>
         <name>hostopen.obj</name>
      </input_file>
      <input_file id="fl-10d">
         <path>/home/david/ti/ccsv7/tools/compiler/ti-cgt-arm_16.9.6.LTS/lib/</path>
         <kind>archive</kind>
         <file>rtsv7M4_T_le_v4SPD16_eabi.lib</file>
         <name>hostread.obj</name>
      </input_file>
      <input_file id="fl-10e">
         <path>/home/david/ti/ccsv7/tools/compiler/ti-cgt-arm_16.9.6.LTS/lib/</path>
         <kind>archive</kind>
         <file>rtsv7M4_T_le_v4SPD16_eabi.lib</file>
         <name>hostrename.obj</name>
      </input_file>
      <input_file id="fl-10f">
         <path>/home/david/ti/ccsv7/tools/compiler/ti-cgt-arm_16.9.6.LTS/lib/</path>
         <kind>archive</kind>
         <file>rtsv7M4_T_le_v4SPD16_eabi.lib</file>
         <name>hostunlink.obj</name>
      </input_file>
      <input_file id="fl-110">
         <path>/home/david/ti/ccsv7/tools/compiler/ti-cgt-arm_16.9.6.LTS/lib/</path>
         <kind>archive</kind>
         <file>rtsv7M4_T_le_v4SPD16_eabi.lib</file>
         <name>hostwrite.obj</name>
      </input_file>
      <input_file id="fl-111">
         <path>/home/david/ti/ccsv7/tools/compiler/ti-cgt-arm_16.9.6.LTS/lib/</path>
         <kind>archive</kind>
         <file>rtsv7M4_T_le_v4SPD16_eabi.lib</file>
         <name>lseek.obj</name>
      </input_file>
      <input_file id="fl-112">
         <path>/home/david/ti/ccsv7/tools/compiler/ti-cgt-arm_16.9.6.LTS/lib/</path>
         <kind>archive</kind>
         <file>rtsv7M4_T_le_v4SPD16_eabi.lib</file>
         <name>s_copysign.obj</name>
      </input_file>
      <input_file id="fl-113">
         <path>/home/david/ti/ccsv7/tools/compiler/ti-cgt-arm_16.9.6.LTS/lib/</path>
         <kind>archive</kind>
         <file>rtsv7M4_T_le_v4SPD16_eabi.lib</file>
         <name>setvbuf.obj</name>
      </input_file>
      <input_file id="fl-114">
         <path>/home/david/ti/ccsv7/tools/compiler/ti-cgt-arm_16.9.6.LTS/lib/</path>
         <kind>archive</kind>
         <file>rtsv7M4_T_le_v4SPD16_eabi.lib</file>
         <name>strcpy.obj</name>
      </input_file>
      <input_file id="fl-115">
         <path>/home/david/ti/ccsv7/tools/compiler/ti-cgt-arm_16.9.6.LTS/lib/</path>
         <kind>archive</kind>
         <file>rtsv7M4_T_le_v4SPD16_eabi.lib</file>
         <name>trgmsg.obj</name>
      </input_file>
      <input_file id="fl-116">
         <path>/home/david/ti/ccsv7/tools/compiler/ti-cgt-arm_16.9.6.LTS/lib/</path>
         <kind>archive</kind>
         <file>rtsv7M4_T_le_v4SPD16_eabi.lib</file>
         <name>fopen.obj</name>
      </input_file>
      <input_file id="fl-117">
         <path>/home/david/ti/ccsv7/tools/compiler/ti-cgt-arm_16.9.6.LTS/lib/</path>
         <kind>archive</kind>
         <file>rtsv7M4_T_le_v4SPD16_eabi.lib</file>
         <name>open.obj</name>
      </input_file>
      <input_file id="fl-118">
         <path>/home/david/ti/ccsv7/tools/compiler/ti-cgt-arm_16.9.6.LTS/lib/</path>
         <kind>archive</kind>
         <file>rtsv7M4_T_le_v4SPD16_eabi.lib</file>
         <name>fclose.obj</name>
      </input_file>
      <input_file id="fl-119">
         <path>/home/david/ti/ccsv7/tools/compiler/ti-cgt-arm_16.9.6.LTS/lib/</path>
         <kind>archive</kind>
         <file>rtsv7M4_T_le_v4SPD16_eabi.lib</file>
         <name>getdevice.obj</name>
      </input_file>
      <input_file id="fl-11a">
         <path>/home/david/ti/ccsv7/tools/compiler/ti-cgt-arm_16.9.6.LTS/lib/</path>
         <kind>archive</kind>
         <file>rtsv7M4_T_le_v4SPD16_eabi.lib</file>
         <name>remove.obj</name>
      </input_file>
      <input_file id="fl-11b">
         <path>/home/david/ti/ccsv7/tools/compiler/ti-cgt-arm_16.9.6.LTS/lib/</path>
         <kind>archive</kind>
         <file>rtsv7M4_T_le_v4SPD16_eabi.lib</file>
         <name>strcmp.obj</name>
      </input_file>
      <input_file id="fl-11c">
         <path>/home/david/ti/ccsv7/tools/compiler/ti-cgt-arm_16.9.6.LTS/lib/</path>
         <kind>archive</kind>
         <file>rtsv7M4_T_le_v4SPD16_eabi.lib</file>
         <name>strncpy.obj</name>
      </input_file>
      <input_file id="fl-11d">
         <path>/home/david/ti/ccsv7/tools/compiler/ti-cgt-arm_16.9.6.LTS/lib/</path>
         <kind>archive</kind>
         <file>rtsv7M4_T_le_v4SPD16_eabi.lib</file>
         <name>unlink.obj</name>
      </input_file>
      <input_file id="fl-11e">
         <path>/home/david/ti/ccsv7/tools/compiler/ti-cgt-arm_16.9.6.LTS/lib/</path>
         <kind>archive</kind>
         <file>rtsv7M4_T_le_v4SPD16_eabi.lib</file>
         <name>close.obj</name>
      </input_file>
   </input_file_list>
   <object_component_list>
      <object_component id="oc-2d">
         <name>.intvecs:retain</name>
         <load_address>0x0</load_address>
         <run_address>0x0</run_address>
         <size>0xe4</size>
         <input_file_ref idref="fl-a"/>
      </object_component>
      <object_component id="oc-3b3">
         <name>.text</name>
         <load_address>0xe4</load_address>
         <run_address>0xe4</run_address>
         <size>0x113e</size>
         <input_file_ref idref="fl-f2"/>
      </object_component>
      <object_component id="oc-85">
         <name>.text:Default_Handler</name>
         <load_address>0x1222</load_address>
         <run_address>0x1222</run_address>
         <size>0x2</size>
         <input_file_ref idref="fl-a"/>
      </object_component>
      <object_component id="oc-28d">
         <name>.text:_ZN4Maze8primMazeEv</name>
         <load_address>0x1224</load_address>
         <run_address>0x1224</run_address>
         <size>0x620</size>
         <input_file_ref idref="fl-5"/>
      </object_component>
      <object_component id="oc-2e4">
         <name>.text:_ZN4Maze13checkColitionEhh</name>
         <load_address>0x1844</load_address>
         <run_address>0x1844</run_address>
         <size>0x4f4</size>
         <input_file_ref idref="fl-5"/>
      </object_component>
      <object_component id="oc-179">
         <name>.text</name>
         <load_address>0x1d38</load_address>
         <run_address>0x1d38</run_address>
         <size>0x3d0</size>
         <input_file_ref idref="fl-e5"/>
      </object_component>
      <object_component id="oc-160">
         <name>.text:_ZN4MazeC1Ev</name>
         <load_address>0x2108</load_address>
         <run_address>0x2108</run_address>
         <size>0x384</size>
         <input_file_ref idref="fl-5"/>
      </object_component>
      <object_component id="oc-10c">
         <name>.text:_ZN4Ball20RefreshPhysicalStateEd</name>
         <load_address>0x248c</load_address>
         <run_address>0x248c</run_address>
         <size>0x24c</size>
         <input_file_ref idref="fl-2"/>
      </object_component>
      <object_component id="oc-26a">
         <name>.text:Graphics_fillCircle</name>
         <load_address>0x26d8</load_address>
         <run_address>0x26d8</run_address>
         <size>0x22a</size>
         <input_file_ref idref="fl-16"/>
      </object_component>
      <object_component id="oc-490">
         <name>.text</name>
         <load_address>0x2902</load_address>
         <run_address>0x2902</run_address>
         <size>0x1f4</size>
         <input_file_ref idref="fl-105"/>
      </object_component>
      <object_component id="oc-353">
         <name>.text:Crystalfontz128x128_PixelDrawMultiple</name>
         <load_address>0x2af6</load_address>
         <run_address>0x2af6</run_address>
         <size>0x1d8</size>
         <input_file_ref idref="fl-8"/>
      </object_component>
      <object_component id="oc-57">
         <name>.text</name>
         <load_address>0x2cce</load_address>
         <run_address>0x2cce</run_address>
         <size>0x2</size>
         <input_file_ref idref="fl-e7"/>
      </object_component>
      <object_component id="oc-5c0">
         <name>.text</name>
         <load_address>0x2cd0</load_address>
         <run_address>0x2cd0</run_address>
         <size>0x1c4</size>
         <input_file_ref idref="fl-116"/>
      </object_component>
      <object_component id="oc-20a">
         <name>.text</name>
         <load_address>0x2e94</load_address>
         <run_address>0x2e94</run_address>
         <size>0x1b6</size>
         <input_file_ref idref="fl-de"/>
      </object_component>
      <object_component id="oc-399">
         <name>.text</name>
         <load_address>0x304a</load_address>
         <run_address>0x304a</run_address>
         <size>0x2</size>
         <input_file_ref idref="fl-e9"/>
      </object_component>
      <object_component id="oc-133">
         <name>.text:_Z5Setupv</name>
         <load_address>0x304c</load_address>
         <run_address>0x304c</run_address>
         <size>0x180</size>
         <input_file_ref idref="fl-6"/>
      </object_component>
      <object_component id="oc-27b">
         <name>.text:_ZN4Maze9resetMazeEv</name>
         <load_address>0x31cc</load_address>
         <run_address>0x31cc</run_address>
         <size>0x17c</size>
         <input_file_ref idref="fl-5"/>
      </object_component>
      <object_component id="oc-258">
         <name>.text:_ZN4Maze13drawLaberynthEiP16Graphics_Context</name>
         <load_address>0x3348</load_address>
         <run_address>0x3348</run_address>
         <size>0x174</size>
         <input_file_ref idref="fl-5"/>
      </object_component>
      <object_component id="oc-3f9">
         <name>.text</name>
         <load_address>0x34bc</load_address>
         <run_address>0x34bc</run_address>
         <size>0x170</size>
         <input_file_ref idref="fl-db"/>
      </object_component>
      <object_component id="oc-264">
         <name>.text:_ZN4Ball21Graphics_deleteCircleEP16Graphics_Contextiiiii</name>
         <load_address>0x362c</load_address>
         <run_address>0x362c</run_address>
         <size>0x148</size>
         <input_file_ref idref="fl-2"/>
      </object_component>
      <object_component id="oc-495">
         <name>.text</name>
         <load_address>0x3774</load_address>
         <run_address>0x3774</run_address>
         <size>0x136</size>
         <input_file_ref idref="fl-f9"/>
      </object_component>
      <object_component id="oc-c2">
         <name>.text</name>
         <load_address>0x38aa</load_address>
         <run_address>0x38aa</run_address>
         <size>0x2</size>
         <input_file_ref idref="fl-102"/>
      </object_component>
      <object_component id="oc-315">
         <name>.text:Crystalfontz128x128_SetDrawFrame</name>
         <load_address>0x38ac</load_address>
         <run_address>0x38ac</run_address>
         <size>0x134</size>
         <input_file_ref idref="fl-8"/>
      </object_component>
      <object_component id="oc-3ad">
         <name>.text</name>
         <load_address>0x39e0</load_address>
         <run_address>0x39e0</run_address>
         <size>0x134</size>
         <input_file_ref idref="fl-fb"/>
      </object_component>
      <object_component id="oc-232">
         <name>.text:Crystalfontz128x128_Init</name>
         <load_address>0x3b14</load_address>
         <run_address>0x3b14</run_address>
         <size>0x12c</size>
         <input_file_ref idref="fl-8"/>
      </object_component>
      <object_component id="oc-3f3">
         <name>.text:_ZN4Maze11WallToCoordEhhhPh</name>
         <load_address>0x3c40</load_address>
         <run_address>0x3c40</run_address>
         <size>0x124</size>
         <input_file_ref idref="fl-5"/>
      </object_component>
      <object_component id="oc-24a">
         <name>.text:Graphics_fillRectangle</name>
         <load_address>0x3d64</load_address>
         <run_address>0x3d64</run_address>
         <size>0x112</size>
         <input_file_ref idref="fl-1a"/>
      </object_component>
      <object_component id="oc-205">
         <name>.text</name>
         <load_address>0x3e76</load_address>
         <run_address>0x3e76</run_address>
         <size>0xfc</size>
         <input_file_ref idref="fl-e0"/>
      </object_component>
      <object_component id="oc-4a6">
         <name>.text</name>
         <load_address>0x3f74</load_address>
         <run_address>0x3f74</run_address>
         <size>0xfc</size>
         <input_file_ref idref="fl-101"/>
      </object_component>
      <object_component id="oc-2db">
         <name>.text</name>
         <load_address>0x4070</load_address>
         <run_address>0x4070</run_address>
         <size>0xf8</size>
         <input_file_ref idref="fl-ff"/>
      </object_component>
      <object_component id="oc-e3">
         <name>.text</name>
         <load_address>0x4168</load_address>
         <run_address>0x4168</run_address>
         <size>0xf4</size>
         <input_file_ref idref="fl-da"/>
      </object_component>
      <object_component id="oc-524">
         <name>.text</name>
         <load_address>0x425c</load_address>
         <run_address>0x425c</run_address>
         <size>0xdc</size>
         <input_file_ref idref="fl-113"/>
      </object_component>
      <object_component id="oc-474">
         <name>.text</name>
         <load_address>0x4338</load_address>
         <run_address>0x4338</run_address>
         <size>0xc8</size>
         <input_file_ref idref="fl-108"/>
      </object_component>
      <object_component id="oc-1f4">
         <name>.text</name>
         <load_address>0x4400</load_address>
         <run_address>0x4400</run_address>
         <size>0xc0</size>
         <input_file_ref idref="fl-ed"/>
      </object_component>
      <object_component id="oc-103">
         <name>.text:SystemInit</name>
         <load_address>0x44c0</load_address>
         <run_address>0x44c0</run_address>
         <size>0xbc</size>
         <input_file_ref idref="fl-7"/>
      </object_component>
      <object_component id="oc-615">
         <name>.text</name>
         <load_address>0x457c</load_address>
         <run_address>0x457c</run_address>
         <size>0xbc</size>
         <input_file_ref idref="fl-117"/>
      </object_component>
      <object_component id="oc-4e4">
         <name>.text</name>
         <load_address>0x4638</load_address>
         <run_address>0x4638</run_address>
         <size>0xbc</size>
         <input_file_ref idref="fl-ef"/>
      </object_component>
      <object_component id="oc-287">
         <name>.text:_ZN4Maze9printMazeEv</name>
         <load_address>0x46f4</load_address>
         <run_address>0x46f4</run_address>
         <size>0xba</size>
         <input_file_ref idref="fl-5"/>
      </object_component>
      <object_component id="oc-40d">
         <name>.text:SPI_initMaster</name>
         <load_address>0x47ae</load_address>
         <run_address>0x47ae</run_address>
         <size>0xb0</size>
         <input_file_ref idref="fl-1e"/>
      </object_component>
      <object_component id="oc-46e">
         <name>.text</name>
         <load_address>0x485e</load_address>
         <run_address>0x485e</run_address>
         <size>0xac</size>
         <input_file_ref idref="fl-107"/>
      </object_component>
      <object_component id="oc-381">
         <name>.text:_ZN4Ball10isOnCircleEiiii</name>
         <load_address>0x490a</load_address>
         <run_address>0x490a</run_address>
         <size>0xa6</size>
         <input_file_ref idref="fl-2"/>
      </object_component>
      <object_component id="oc-e9">
         <name>.text:_ZN4BallC1EiiiP16Graphics_ContextP9Laberynth</name>
         <load_address>0x49b0</load_address>
         <run_address>0x49b0</run_address>
         <size>0xa0</size>
         <input_file_ref idref="fl-2"/>
      </object_component>
      <object_component id="oc-365">
         <name>.text:Crystalfontz128x128_RectFill</name>
         <load_address>0x4a50</load_address>
         <run_address>0x4a50</run_address>
         <size>0x9c</size>
         <input_file_ref idref="fl-8"/>
      </object_component>
      <object_component id="oc-38e">
         <name>.text:Graphics_drawLineH</name>
         <load_address>0x4aec</load_address>
         <run_address>0x4aec</run_address>
         <size>0x9c</size>
         <input_file_ref idref="fl-19"/>
      </object_component>
      <object_component id="oc-3f">
         <name>.text</name>
         <load_address>0x4b88</load_address>
         <run_address>0x4b88</run_address>
         <size>0x9c</size>
         <input_file_ref idref="fl-e4"/>
      </object_component>
      <object_component id="oc-61b">
         <name>.text</name>
         <load_address>0x4c24</load_address>
         <run_address>0x4c24</run_address>
         <size>0x98</size>
         <input_file_ref idref="fl-118"/>
      </object_component>
      <object_component id="oc-3a7">
         <name>.text</name>
         <load_address>0x4cbc</load_address>
         <run_address>0x4cbc</run_address>
         <size>0x98</size>
         <input_file_ref idref="fl-fa"/>
      </object_component>
      <object_component id="oc-400">
         <name>.text:GPIO_setAsPeripheralModuleFunctionOutputPin</name>
         <load_address>0x4d54</load_address>
         <run_address>0x4d54</run_address>
         <size>0x88</size>
         <input_file_ref idref="fl-1b"/>
      </object_component>
      <object_component id="oc-214">
         <name>.text:__aeabi_cdcmple</name>
         <load_address>0x4ddc</load_address>
         <run_address>0x4ddc</run_address>
         <size>0x86</size>
         <input_file_ref idref="fl-df"/>
      </object_component>
      <object_component id="oc-20f">
         <name>.text:__aeabi_cdrcmple</name>
         <load_address>0x4e62</load_address>
         <run_address>0x4e62</run_address>
         <size>0x86</size>
         <input_file_ref idref="fl-df"/>
      </object_component>
      <object_component id="oc-13f">
         <name>.text:_ZN4Ball15RefreshOnScreenEv</name>
         <load_address>0x4ee8</load_address>
         <run_address>0x4ee8</run_address>
         <size>0x80</size>
         <input_file_ref idref="fl-2"/>
      </object_component>
      <object_component id="oc-4b">
         <name>.text</name>
         <load_address>0x4f68</load_address>
         <run_address>0x4f68</run_address>
         <size>0x7a</size>
         <input_file_ref idref="fl-e6"/>
      </object_component>
      <object_component id="oc-63">
         <name>.text</name>
         <load_address>0x4fe4</load_address>
         <run_address>0x4fe4</run_address>
         <size>0x70</size>
         <input_file_ref idref="fl-f5"/>
      </object_component>
      <object_component id="oc-66a">
         <name>.text</name>
         <load_address>0x5054</load_address>
         <run_address>0x5054</run_address>
         <size>0x70</size>
         <input_file_ref idref="fl-119"/>
      </object_component>
      <object_component id="oc-281">
         <name>.text</name>
         <load_address>0x50c4</load_address>
         <run_address>0x50c4</run_address>
         <size>0x70</size>
         <input_file_ref idref="fl-eb"/>
      </object_component>
      <object_component id="oc-14">
         <name>.text:decompress:lzss</name>
         <load_address>0x5134</load_address>
         <run_address>0x5134</run_address>
         <size>0x68</size>
         <input_file_ref idref="fl-d6"/>
      </object_component>
      <object_component id="oc-63e">
         <name>.text</name>
         <load_address>0x519c</load_address>
         <run_address>0x519c</run_address>
         <size>0x68</size>
         <input_file_ref idref="fl-10b"/>
      </object_component>
      <object_component id="oc-64a">
         <name>.text</name>
         <load_address>0x5204</load_address>
         <run_address>0x5204</run_address>
         <size>0x68</size>
         <input_file_ref idref="fl-10e"/>
      </object_component>
      <object_component id="oc-684">
         <name>.text</name>
         <load_address>0x526c</load_address>
         <run_address>0x526c</run_address>
         <size>0x68</size>
         <input_file_ref idref="fl-115"/>
      </object_component>
      <object_component id="oc-51e">
         <name>.text</name>
         <load_address>0x52d4</load_address>
         <run_address>0x52d4</run_address>
         <size>0x64</size>
         <input_file_ref idref="fl-109"/>
      </object_component>
      <object_component id="oc-4a0">
         <name>.text</name>
         <load_address>0x5338</load_address>
         <run_address>0x5338</run_address>
         <size>0x64</size>
         <input_file_ref idref="fl-100"/>
      </object_component>
      <object_component id="oc-359">
         <name>.text:Crystalfontz128x128_LineDrawH</name>
         <load_address>0x539c</load_address>
         <run_address>0x539c</run_address>
         <size>0x60</size>
         <input_file_ref idref="fl-8"/>
      </object_component>
      <object_component id="oc-35f">
         <name>.text:Crystalfontz128x128_LineDrawV</name>
         <load_address>0x53fc</load_address>
         <run_address>0x53fc</run_address>
         <size>0x60</size>
         <input_file_ref idref="fl-8"/>
      </object_component>
      <object_component id="oc-626">
         <name>.text</name>
         <load_address>0x545c</load_address>
         <run_address>0x545c</run_address>
         <size>0x60</size>
         <input_file_ref idref="fl-10c"/>
      </object_component>
      <object_component id="oc-673">
         <name>.text</name>
         <load_address>0x54bc</load_address>
         <run_address>0x54bc</run_address>
         <size>0x5c</size>
         <input_file_ref idref="fl-11e"/>
      </object_component>
      <object_component id="oc-387">
         <name>.text:Graphics_drawPixel</name>
         <load_address>0x5518</load_address>
         <run_address>0x5518</run_address>
         <size>0x5a</size>
         <input_file_ref idref="fl-17"/>
      </object_component>
      <object_component id="oc-632">
         <name>.text</name>
         <load_address>0x5574</load_address>
         <run_address>0x5574</run_address>
         <size>0x58</size>
         <input_file_ref idref="fl-10d"/>
      </object_component>
      <object_component id="oc-638">
         <name>.text</name>
         <load_address>0x55cc</load_address>
         <run_address>0x55cc</run_address>
         <size>0x58</size>
         <input_file_ref idref="fl-110"/>
      </object_component>
      <object_component id="oc-238">
         <name>.text:Crystalfontz128x128_SetOrientation</name>
         <load_address>0x5624</load_address>
         <run_address>0x5624</run_address>
         <size>0x54</size>
         <input_file_ref idref="fl-8"/>
      </object_component>
      <object_component id="oc-26">
         <name>.text</name>
         <load_address>0x5678</load_address>
         <run_address>0x5678</run_address>
         <size>0x54</size>
         <input_file_ref idref="fl-d5"/>
      </object_component>
      <object_component id="oc-6f">
         <name>.text</name>
         <load_address>0x56cc</load_address>
         <run_address>0x56cc</run_address>
         <size>0x54</size>
         <input_file_ref idref="fl-dd"/>
      </object_component>
      <object_component id="oc-49a">
         <name>.text</name>
         <load_address>0x5720</load_address>
         <run_address>0x5720</run_address>
         <size>0x54</size>
         <input_file_ref idref="fl-fc"/>
      </object_component>
      <object_component id="oc-23e">
         <name>.text:Graphics_initContext</name>
         <load_address>0x5774</load_address>
         <run_address>0x5774</run_address>
         <size>0x52</size>
         <input_file_ref idref="fl-17"/>
      </object_component>
      <object_component id="oc-4b2">
         <name>.text</name>
         <load_address>0x57c8</load_address>
         <run_address>0x57c8</run_address>
         <size>0x4c</size>
         <input_file_ref idref="fl-f4"/>
      </object_component>
      <object_component id="oc-bc">
         <name>.text</name>
         <load_address>0x5814</load_address>
         <run_address>0x5814</run_address>
         <size>0x4c</size>
         <input_file_ref idref="fl-f6"/>
      </object_component>
      <object_component id="oc-3c4">
         <name>.text</name>
         <load_address>0x5860</load_address>
         <run_address>0x5860</run_address>
         <size>0x4c</size>
         <input_file_ref idref="fl-ec"/>
      </object_component>
      <object_component id="oc-226">
         <name>.text:_Z18__NVIC_SetPriority4IRQnj</name>
         <load_address>0x58ac</load_address>
         <run_address>0x58ac</run_address>
         <size>0x48</size>
         <input_file_ref idref="fl-6"/>
      </object_component>
      <object_component id="oc-25f">
         <name>.text</name>
         <load_address>0x58f4</load_address>
         <run_address>0x58f4</run_address>
         <size>0x48</size>
         <input_file_ref idref="fl-e1"/>
      </object_component>
      <object_component id="oc-1fa">
         <name>.text</name>
         <load_address>0x593c</load_address>
         <run_address>0x593c</run_address>
         <size>0x44</size>
         <input_file_ref idref="fl-e2"/>
      </object_component>
      <object_component id="oc-62c">
         <name>.text</name>
         <load_address>0x5980</load_address>
         <run_address>0x5980</run_address>
         <size>0x44</size>
         <input_file_ref idref="fl-10a"/>
      </object_component>
      <object_component id="oc-644">
         <name>.text</name>
         <load_address>0x59c4</load_address>
         <run_address>0x59c4</run_address>
         <size>0x44</size>
         <input_file_ref idref="fl-10f"/>
      </object_component>
      <object_component id="oc-34d">
         <name>.text:Crystalfontz128x128_PixelDraw</name>
         <load_address>0x5a08</load_address>
         <run_address>0x5a08</run_address>
         <size>0x40</size>
         <input_file_ref idref="fl-8"/>
      </object_component>
      <object_component id="oc-406">
         <name>.text:GPIO_setAsOutputPin</name>
         <load_address>0x5a48</load_address>
         <run_address>0x5a48</run_address>
         <size>0x40</size>
         <input_file_ref idref="fl-1b"/>
      </object_component>
      <object_component id="oc-2f7">
         <name>.text:HAL_LCD_SpiInit</name>
         <load_address>0x5a88</load_address>
         <run_address>0x5a88</run_address>
         <size>0x40</size>
         <input_file_ref idref="fl-9"/>
      </object_component>
      <object_component id="oc-4fa">
         <name>.text:is_A_Module</name>
         <load_address>0x5ac8</load_address>
         <run_address>0x5ac8</run_address>
         <size>0x40</size>
         <input_file_ref idref="fl-1e"/>
      </object_component>
      <object_component id="oc-91">
         <name>.text:T32_INT1_IRQHandler</name>
         <load_address>0x5b08</load_address>
         <run_address>0x5b08</run_address>
         <size>0x3c</size>
         <input_file_ref idref="fl-6"/>
      </object_component>
      <object_component id="oc-79">
         <name>.text:__sti___8_main_cpp_8ea94d19</name>
         <load_address>0x5b44</load_address>
         <run_address>0x5b44</run_address>
         <size>0x3c</size>
         <input_file_ref idref="fl-6"/>
      </object_component>
      <object_component id="oc-8b">
         <name>.text:ADC14_IRQHandler</name>
         <load_address>0x5b80</load_address>
         <run_address>0x5b80</run_address>
         <size>0x38</size>
         <input_file_ref idref="fl-6"/>
      </object_component>
      <object_component id="oc-309">
         <name>.text:HAL_LCD_writeCommand</name>
         <load_address>0x5bb8</load_address>
         <run_address>0x5bb8</run_address>
         <size>0x38</size>
         <input_file_ref idref="fl-9"/>
      </object_component>
      <object_component id="oc-45f">
         <name>.text:Graphics_drawHorizontalLineOnDisplay</name>
         <load_address>0x5bf0</load_address>
         <run_address>0x5bf0</run_address>
         <size>0x36</size>
         <input_file_ref idref="fl-18"/>
      </object_component>
      <object_component id="oc-6b5">
         <name>.text</name>
         <load_address>0x5c26</load_address>
         <run_address>0x5c26</run_address>
         <size>0x36</size>
         <input_file_ref idref="fl-11c"/>
      </object_component>
      <object_component id="oc-3ed">
         <name>.text:_ZN4Maze14coordToSqueareEhhPh</name>
         <load_address>0x5c5c</load_address>
         <run_address>0x5c5c</run_address>
         <size>0x34</size>
         <input_file_ref idref="fl-5"/>
      </object_component>
      <object_component id="oc-166">
         <name>.text:_ZN9Laberynth17generateLaberynthEv</name>
         <load_address>0x5c90</load_address>
         <run_address>0x5c90</run_address>
         <size>0x32</size>
         <input_file_ref idref="fl-5"/>
      </object_component>
      <object_component id="oc-2f1">
         <name>.text:HAL_LCD_PortInit</name>
         <load_address>0x5cc2</load_address>
         <run_address>0x5cc2</run_address>
         <size>0x30</size>
         <input_file_ref idref="fl-9"/>
      </object_component>
      <object_component id="oc-22c">
         <name>.text:_Z16__NVIC_EnableIRQ4IRQn</name>
         <load_address>0x5cf4</load_address>
         <run_address>0x5cf4</run_address>
         <size>0x30</size>
         <input_file_ref idref="fl-6"/>
      </object_component>
      <object_component id="oc-274">
         <name>.text</name>
         <load_address>0x5d24</load_address>
         <run_address>0x5d24</run_address>
         <size>0x30</size>
         <input_file_ref idref="fl-e8"/>
      </object_component>
      <object_component id="oc-18d">
         <name>.text</name>
         <load_address>0x5d54</load_address>
         <run_address>0x5d54</run_address>
         <size>0x2e</size>
         <input_file_ref idref="fl-e3"/>
      </object_component>
      <object_component id="oc-377">
         <name>.text:Crystalfontz128x128_ClearScreen</name>
         <load_address>0x5d84</load_address>
         <run_address>0x5d84</run_address>
         <size>0x2c</size>
         <input_file_ref idref="fl-8"/>
      </object_component>
      <object_component id="oc-458">
         <name>.text:Graphics_drawPixelOnDisplay</name>
         <load_address>0x5db0</load_address>
         <run_address>0x5db0</run_address>
         <size>0x2c</size>
         <input_file_ref idref="fl-18"/>
      </object_component>
      <object_component id="oc-30f">
         <name>.text:HAL_LCD_writeData</name>
         <load_address>0x5ddc</load_address>
         <run_address>0x5ddc</run_address>
         <size>0x2c</size>
         <input_file_ref idref="fl-9"/>
      </object_component>
      <object_component id="oc-679">
         <name>.text</name>
         <load_address>0x5e08</load_address>
         <run_address>0x5e08</run_address>
         <size>0x2c</size>
         <input_file_ref idref="fl-11d"/>
      </object_component>
      <object_component id="oc-36b">
         <name>.text:Crystalfontz128x128_ColorTranslate</name>
         <load_address>0x5e34</load_address>
         <run_address>0x5e34</run_address>
         <size>0x28</size>
         <input_file_ref idref="fl-8"/>
      </object_component>
      <object_component id="oc-303">
         <name>.text:GPIO_setOutputHighOnPin</name>
         <load_address>0x5e5c</load_address>
         <run_address>0x5e5c</run_address>
         <size>0x28</size>
         <input_file_ref idref="fl-1b"/>
      </object_component>
      <object_component id="oc-2fd">
         <name>.text:GPIO_setOutputLowOnPin</name>
         <load_address>0x5e84</load_address>
         <run_address>0x5e84</run_address>
         <size>0x28</size>
         <input_file_ref idref="fl-1b"/>
      </object_component>
      <object_component id="oc-5b8">
         <name>.text</name>
         <load_address>0x5eac</load_address>
         <run_address>0x5eac</run_address>
         <size>0x28</size>
         <input_file_ref idref="fl-111"/>
      </object_component>
      <object_component id="oc-47a">
         <name>.text</name>
         <load_address>0x5ed4</load_address>
         <run_address>0x5ed4</run_address>
         <size>0x28</size>
         <input_file_ref idref="fl-106"/>
      </object_component>
      <object_component id="oc-1ff">
         <name>.text:_ZN9Laberynth13checkColitionEhh</name>
         <load_address>0x5efc</load_address>
         <run_address>0x5efc</run_address>
         <size>0x26</size>
         <input_file_ref idref="fl-5"/>
      </object_component>
      <object_component id="oc-ca">
         <name>.text:main</name>
         <load_address>0x5f24</load_address>
         <run_address>0x5f24</run_address>
         <size>0x24</size>
         <input_file_ref idref="fl-6"/>
      </object_component>
      <object_component id="oc-dd">
         <name>.text:_ZN9LaberynthC1Ev</name>
         <load_address>0x5f48</load_address>
         <run_address>0x5f48</run_address>
         <size>0x20</size>
         <input_file_ref idref="fl-5"/>
      </object_component>
      <object_component id="oc-488">
         <name>.text</name>
         <load_address>0x5f68</load_address>
         <run_address>0x5f68</run_address>
         <size>0x20</size>
         <input_file_ref idref="fl-fe"/>
      </object_component>
      <object_component id="oc-339">
         <name>.text:Graphics_fillRectangleOnDisplay</name>
         <load_address>0x5f88</load_address>
         <run_address>0x5f88</run_address>
         <size>0x1e</size>
         <input_file_ref idref="fl-18"/>
      </object_component>
      <object_component id="oc-413">
         <name>.text:SPI_enableModule</name>
         <load_address>0x5fa6</load_address>
         <run_address>0x5fa6</run_address>
         <size>0x1c</size>
         <input_file_ref idref="fl-1e"/>
      </object_component>
      <object_component id="oc-97">
         <name>.text:T32_INT2_IRQHandler</name>
         <load_address>0x5fc4</load_address>
         <run_address>0x5fc4</run_address>
         <size>0x1c</size>
         <input_file_ref idref="fl-6"/>
      </object_component>
      <object_component id="oc-4b8">
         <name>.text</name>
         <load_address>0x5fe0</load_address>
         <run_address>0x5fe0</run_address>
         <size>0x1c</size>
         <input_file_ref idref="fl-fd"/>
      </object_component>
      <object_component id="oc-69">
         <name>.text</name>
         <load_address>0x5ffc</load_address>
         <run_address>0x5ffc</run_address>
         <size>0x18</size>
         <input_file_ref idref="fl-f3"/>
      </object_component>
      <object_component id="oc-6af">
         <name>.text</name>
         <load_address>0x6014</load_address>
         <run_address>0x6014</run_address>
         <size>0x18</size>
         <input_file_ref idref="fl-11b"/>
      </object_component>
      <object_component id="oc-502">
         <name>.text:EUSCI_A_SPI_enable</name>
         <load_address>0x602c</load_address>
         <run_address>0x602c</run_address>
         <size>0x16</size>
         <input_file_ref idref="fl-1e"/>
      </object_component>
      <object_component id="oc-508">
         <name>.text:EUSCI_B_SPI_enable</name>
         <load_address>0x6042</load_address>
         <run_address>0x6042</run_address>
         <size>0x16</size>
         <input_file_ref idref="fl-1e"/>
      </object_component>
      <object_component id="oc-244">
         <name>.text:Graphics_setForegroundColor</name>
         <load_address>0x6058</load_address>
         <run_address>0x6058</run_address>
         <size>0x16</size>
         <input_file_ref idref="fl-17"/>
      </object_component>
      <object_component id="oc-32d">
         <name>.text:Graphics_translateColorOnDisplay</name>
         <load_address>0x606e</load_address>
         <run_address>0x606e</run_address>
         <size>0x16</size>
         <input_file_ref idref="fl-18"/>
      </object_component>
      <object_component id="oc-139">
         <name>.text:_ZN9Laberynth13drawLaberynthEiP16Graphics_Context</name>
         <load_address>0x6084</load_address>
         <run_address>0x6084</run_address>
         <size>0x16</size>
         <input_file_ref idref="fl-5"/>
      </object_component>
      <object_component id="oc-299">
         <name>.text:_ZN9LaberynthD0Ev</name>
         <load_address>0x609a</load_address>
         <run_address>0x609a</run_address>
         <size>0x16</size>
         <input_file_ref idref="fl-5"/>
      </object_component>
      <object_component id="oc-4ac">
         <name>.text</name>
         <load_address>0x60b0</load_address>
         <run_address>0x60b0</run_address>
         <size>0x16</size>
         <input_file_ref idref="fl-103"/>
      </object_component>
      <object_component id="oc-154">
         <name>.text</name>
         <load_address>0x60c8</load_address>
         <run_address>0x60c8</run_address>
         <size>0x14</size>
         <input_file_ref idref="fl-f1"/>
      </object_component>
      <object_component id="oc-549">
         <name>.text</name>
         <load_address>0x60dc</load_address>
         <run_address>0x60dc</run_address>
         <size>0x14</size>
         <input_file_ref idref="fl-112"/>
      </object_component>
      <object_component id="oc-698">
         <name>.text</name>
         <load_address>0x60f0</load_address>
         <run_address>0x60f0</run_address>
         <size>0x14</size>
         <input_file_ref idref="fl-114"/>
      </object_component>
      <object_component id="oc-482">
         <name>.text</name>
         <load_address>0x6104</load_address>
         <run_address>0x6104</run_address>
         <size>0x14</size>
         <input_file_ref idref="fl-104"/>
      </object_component>
      <object_component id="oc-1a">
         <name>.text:decompress:none</name>
         <load_address>0x6118</load_address>
         <run_address>0x6118</run_address>
         <size>0xe</size>
         <input_file_ref idref="fl-d7"/>
      </object_component>
      <object_component id="oc-7f">
         <name>.text:Reset_Handler</name>
         <load_address>0x6126</load_address>
         <run_address>0x6126</run_address>
         <size>0xc</size>
         <input_file_ref idref="fl-a"/>
      </object_component>
      <object_component id="oc-f2">
         <name>.text:_ZN9LaberynthD1Ev</name>
         <load_address>0x6132</load_address>
         <run_address>0x6132</run_address>
         <size>0xc</size>
         <input_file_ref idref="fl-5"/>
      </object_component>
      <object_component id="oc-20">
         <name>.text:decompress:ZI</name>
         <load_address>0x613e</load_address>
         <run_address>0x613e</run_address>
         <size>0xc</size>
         <input_file_ref idref="fl-d8"/>
      </object_component>
      <object_component id="oc-371">
         <name>.text:Crystalfontz128x128_Flush</name>
         <load_address>0x614a</load_address>
         <run_address>0x614a</run_address>
         <size>0xa</size>
         <input_file_ref idref="fl-8"/>
      </object_component>
      <object_component id="oc-3d5">
         <name>.text</name>
         <load_address>0x6154</load_address>
         <run_address>0x6154</run_address>
         <size>0x8</size>
         <input_file_ref idref="fl-d9"/>
      </object_component>
      <object_component id="oc-5d">
         <name>.text</name>
         <load_address>0x615c</load_address>
         <run_address>0x615c</run_address>
         <size>0x4</size>
         <input_file_ref idref="fl-ea"/>
      </object_component>
      <object_component id="oc-553">
         <name>.const:.string:_ctypes_</name>
         <load_address>0x6160</load_address>
         <run_address>0x6160</run_address>
         <size>0x101</size>
         <input_file_ref idref="fl-f7"/>
      </object_component>
      <object_component id="oc-663">
         <name>.const:.typeinfo:_ZTSe</name>
         <load_address>0x6261</load_address>
         <run_address>0x6261</run_address>
         <size>0x2</size>
         <input_file_ref idref="fl-ef"/>
      </object_component>
      <object_component id="oc-422">
         <name>.const:GPIO_PORT_TO_BASE</name>
         <load_address>0x6264</load_address>
         <run_address>0x6264</run_address>
         <size>0x30</size>
         <input_file_ref idref="fl-1b"/>
      </object_component>
      <object_component id="oc-6df">
         <name>.const:.typeinfo:_ZTSN10__cxxabiv123__fundamental_type_infoE</name>
         <load_address>0x6294</load_address>
         <run_address>0x6294</run_address>
         <size>0x28</size>
         <input_file_ref idref="fl-ef"/>
      </object_component>
      <object_component id="oc-654">
         <name>.const:.typeinfo:_ZTSN10__cxxabiv120__si_class_type_infoE</name>
         <load_address>0x62bc</load_address>
         <run_address>0x62bc</run_address>
         <size>0x25</size>
         <input_file_ref idref="fl-ef"/>
      </object_component>
      <object_component id="oc-6a0">
         <name>.const:.typeinfo:_ZTSN10__cxxabiv119__pointer_type_infoE</name>
         <load_address>0x62e1</load_address>
         <run_address>0x62e1</run_address>
         <size>0x24</size>
         <input_file_ref idref="fl-ef"/>
      </object_component>
      <object_component id="oc-56c">
         <name>.const:.typeinfo:_ZTSN10__cxxabiv117__class_type_infoE</name>
         <load_address>0x6305</load_address>
         <run_address>0x6305</run_address>
         <size>0x22</size>
         <input_file_ref idref="fl-ef"/>
      </object_component>
      <object_component id="oc-6da">
         <name>.const:.typeinfo:_ZTSN10__cxxabiv117__pbase_type_infoE</name>
         <load_address>0x6327</load_address>
         <run_address>0x6327</run_address>
         <size>0x22</size>
         <input_file_ref idref="fl-ef"/>
      </object_component>
      <object_component id="oc-253">
         <name>.const:g_sCrystalfontz128x128_funcs</name>
         <load_address>0x634c</load_address>
         <run_address>0x634c</run_address>
         <size>0x20</size>
         <input_file_ref idref="fl-8"/>
      </object_component>
      <object_component id="oc-419">
         <name>.const:$P$T0$1</name>
         <load_address>0x636c</load_address>
         <run_address>0x636c</run_address>
         <size>0x1c</size>
         <input_file_ref idref="fl-9"/>
      </object_component>
      <object_component id="oc-577">
         <name>.const:.typeinfo:_ZTIPKe</name>
         <load_address>0x6388</load_address>
         <run_address>0x6388</run_address>
         <size>0x10</size>
         <input_file_ref idref="fl-ef"/>
      </object_component>
      <object_component id="oc-16c">
         <name>.const:_ZTV9Laberynth</name>
         <load_address>0x6398</load_address>
         <run_address>0x6398</run_address>
         <size>0x10</size>
         <input_file_ref idref="fl-5"/>
      </object_component>
      <object_component id="oc-3cb">
         <name>.const:_ZTVN10__cxxabiv117__class_type_infoE</name>
         <load_address>0x63a8</load_address>
         <run_address>0x63a8</run_address>
         <size>0x10</size>
         <input_file_ref idref="fl-ef"/>
      </object_component>
      <object_component id="oc-602">
         <name>.const:_ZTVN10__cxxabiv119__pointer_type_infoE</name>
         <load_address>0x63b8</load_address>
         <run_address>0x63b8</run_address>
         <size>0x10</size>
         <input_file_ref idref="fl-ef"/>
      </object_component>
      <object_component id="oc-567">
         <name>.const:_ZTVN10__cxxabiv120__si_class_type_infoE</name>
         <load_address>0x63c8</load_address>
         <run_address>0x63c8</run_address>
         <size>0x10</size>
         <input_file_ref idref="fl-ef"/>
      </object_component>
      <object_component id="oc-65e">
         <name>.const:_ZTVN10__cxxabiv123__fundamental_type_infoE</name>
         <load_address>0x63d8</load_address>
         <run_address>0x63d8</run_address>
         <size>0x10</size>
         <input_file_ref idref="fl-ef"/>
      </object_component>
      <object_component id="oc-5fd">
         <name>.const:.typeinfo:_ZTSSt9type_info</name>
         <load_address>0x63e8</load_address>
         <run_address>0x63e8</run_address>
         <size>0xd</size>
         <input_file_ref idref="fl-ef"/>
      </object_component>
      <object_component id="oc-4df">
         <name>.const:.typeinfo:_ZTIN10__cxxabiv117__class_type_infoE</name>
         <load_address>0x63f8</load_address>
         <run_address>0x63f8</run_address>
         <size>0xc</size>
         <input_file_ref idref="fl-ef"/>
      </object_component>
      <object_component id="oc-6a5">
         <name>.const:.typeinfo:_ZTIN10__cxxabiv117__pbase_type_infoE</name>
         <load_address>0x6404</load_address>
         <run_address>0x6404</run_address>
         <size>0xc</size>
         <input_file_ref idref="fl-ef"/>
      </object_component>
      <object_component id="oc-659">
         <name>.const:.typeinfo:_ZTIN10__cxxabiv119__pointer_type_infoE</name>
         <load_address>0x6410</load_address>
         <run_address>0x6410</run_address>
         <size>0xc</size>
         <input_file_ref idref="fl-ef"/>
      </object_component>
      <object_component id="oc-5f8">
         <name>.const:.typeinfo:_ZTIN10__cxxabiv120__si_class_type_infoE</name>
         <load_address>0x641c</load_address>
         <run_address>0x641c</run_address>
         <size>0xc</size>
         <input_file_ref idref="fl-ef"/>
      </object_component>
      <object_component id="oc-6aa">
         <name>.const:.typeinfo:_ZTIN10__cxxabiv123__fundamental_type_infoE</name>
         <load_address>0x6428</load_address>
         <run_address>0x6428</run_address>
         <size>0xc</size>
         <input_file_ref idref="fl-ef"/>
      </object_component>
      <object_component id="oc-3d0">
         <name>.const:.typeinfo:_ZTS9Laberynth</name>
         <load_address>0x6434</load_address>
         <run_address>0x6434</run_address>
         <size>0xb</size>
         <input_file_ref idref="fl-5"/>
      </object_component>
      <object_component id="oc-453">
         <name>.const:$P$T0$1</name>
         <load_address>0x6440</load_address>
         <run_address>0x6440</run_address>
         <size>0x8</size>
         <input_file_ref idref="fl-8"/>
      </object_component>
      <object_component id="oc-294">
         <name>.const:.typeinfo:_ZTI9Laberynth</name>
         <load_address>0x6448</load_address>
         <run_address>0x6448</run_address>
         <size>0x8</size>
         <input_file_ref idref="fl-5"/>
      </object_component>
      <object_component id="oc-571">
         <name>.const:.typeinfo:_ZTISt9type_info</name>
         <load_address>0x6450</load_address>
         <run_address>0x6450</run_address>
         <size>0x8</size>
         <input_file_ref idref="fl-ef"/>
      </object_component>
      <object_component id="oc-60c">
         <name>.const:.typeinfo:_ZTIe</name>
         <load_address>0x6458</load_address>
         <run_address>0x6458</run_address>
         <size>0x8</size>
         <input_file_ref idref="fl-ef"/>
      </object_component>
      <object_component id="oc-607">
         <name>.const:.typeinfo:_ZTSPKe</name>
         <load_address>0x6460</load_address>
         <run_address>0x6460</run_address>
         <size>0x4</size>
         <input_file_ref idref="fl-ef"/>
      </object_component>
      <object_component id="oc-724">
         <name>.cinit..data.load</name>
         <load_address>0x6468</load_address>
         <run_address>0x6468</run_address>
         <size>0x7a</size>
      </object_component>
      <object_component id="oc-722">
         <name>__TI_handler_table</name>
         <load_address>0x64e4</load_address>
         <run_address>0x64e4</run_address>
         <size>0xc</size>
      </object_component>
      <object_component id="oc-725">
         <name>.cinit..bss.load</name>
         <load_address>0x64f0</load_address>
         <run_address>0x64f0</run_address>
         <size>0x8</size>
      </object_component>
      <object_component id="oc-723">
         <name>__TI_cinit_table</name>
         <load_address>0x64f8</load_address>
         <run_address>0x64f8</run_address>
         <size>0x10</size>
      </object_component>
      <object_component id="oc-2c">
         <name>.init_array</name>
         <load_address>0x6464</load_address>
         <run_address>0x6464</run_address>
         <size>0x4</size>
         <input_file_ref idref="fl-6"/>
      </object_component>
      <object_component id="oc-726">
         <name>SHT$$INIT_ARRAY$$Limit</name>
         <load_address>0x6468</load_address>
         <run_address>0x6468</run_address>
         <size>0x0</size>
      </object_component>
      <object_component id="oc-6ff">
         <name>.binit</name>
         <load_address>0x0</load_address>
         <run_address>0x0</run_address>
         <size>0x0</size>
      </object_component>
      <object_component id="oc-250">
         <name>.data:g_sCrystalfontz128x128</name>
         <load_address>0x200010f8</load_address>
         <run_address>0x200010f8</run_address>
         <size>0x10</size>
         <input_file_ref idref="fl-8"/>
      </object_component>
      <object_component id="oc-17f">
         <name>.data</name>
         <load_address>0x20001138</load_address>
         <run_address>0x20001138</run_address>
         <size>0x4</size>
         <input_file_ref idref="fl-da"/>
      </object_component>
      <object_component id="oc-4f3">
         <name>.data</name>
         <load_address>0x2000113c</load_address>
         <run_address>0x2000113c</run_address>
         <size>0x4</size>
         <input_file_ref idref="fl-dc"/>
      </object_component>
      <object_component id="oc-d2">
         <name>.data:$O1$$</name>
         <load_address>0x20001118</load_address>
         <run_address>0x20001118</run_address>
         <size>0xc</size>
         <input_file_ref idref="fl-dd"/>
      </object_component>
      <object_component id="oc-2d2">
         <name>.data:$O1$$</name>
         <load_address>0x20001124</load_address>
         <run_address>0x20001124</run_address>
         <size>0xc</size>
         <input_file_ref idref="fl-e5"/>
      </object_component>
      <object_component id="oc-4da">
         <name>.data</name>
         <load_address>0x20001148</load_address>
         <run_address>0x20001148</run_address>
         <size>0x4</size>
         <input_file_ref idref="fl-ec"/>
      </object_component>
      <object_component id="oc-75">
         <name>.data</name>
         <load_address>0x2000114c</load_address>
         <run_address>0x2000114c</run_address>
         <size>0x4</size>
         <input_file_ref idref="fl-ee"/>
      </object_component>
      <object_component id="oc-396">
         <name>.data</name>
         <load_address>0x20001150</load_address>
         <run_address>0x20001150</run_address>
         <size>0x4</size>
         <input_file_ref idref="fl-f0"/>
      </object_component>
      <object_component id="oc-d5">
         <name>.data:$O1$$</name>
         <load_address>0x20001130</load_address>
         <run_address>0x20001130</run_address>
         <size>0x8</size>
         <input_file_ref idref="fl-f1"/>
      </object_component>
      <object_component id="oc-3b9">
         <name>.data:_ftable</name>
         <load_address>0x20000f40</load_address>
         <run_address>0x20000f40</run_address>
         <size>0xf0</size>
         <input_file_ref idref="fl-f8"/>
      </object_component>
      <object_component id="oc-52c">
         <name>.data</name>
         <load_address>0x20001108</load_address>
         <run_address>0x20001108</run_address>
         <size>0x10</size>
         <input_file_ref idref="fl-f8"/>
      </object_component>
      <object_component id="oc-5d3">
         <name>.data:_device</name>
         <load_address>0x20001030</load_address>
         <run_address>0x20001030</run_address>
         <size>0x78</size>
         <input_file_ref idref="fl-106"/>
      </object_component>
      <object_component id="oc-531">
         <name>.data:_stream</name>
         <load_address>0x200010a8</load_address>
         <run_address>0x200010a8</run_address>
         <size>0x50</size>
         <input_file_ref idref="fl-106"/>
      </object_component>
      <object_component id="oc-621">
         <name>.data</name>
         <load_address>0x20001140</load_address>
         <run_address>0x20001140</run_address>
         <size>0x4</size>
         <input_file_ref idref="fl-116"/>
      </object_component>
      <object_component id="oc-670">
         <name>.data</name>
         <load_address>0x20001144</load_address>
         <run_address>0x20001144</run_address>
         <size>0x4</size>
         <input_file_ref idref="fl-117"/>
      </object_component>
      <object_component id="oc-ef">
         <name>.bss:MyLaberynth</name>
         <uninitialized>true</uninitialized>
         <run_address>0x20000800</run_address>
         <size>0x4f0</size>
         <input_file_ref idref="fl-6"/>
      </object_component>
      <object_component id="oc-ff">
         <name>.bss:ball</name>
         <uninitialized>true</uninitialized>
         <run_address>0x20000eb0</run_address>
         <size>0x50</size>
         <input_file_ref idref="fl-6"/>
      </object_component>
      <object_component id="oc-6c5">
         <name>.bss:_CIOBUF_</name>
         <uninitialized>true</uninitialized>
         <run_address>0x20000cf0</run_address>
         <size>0x120</size>
         <input_file_ref idref="fl-115"/>
      </object_component>
      <object_component id="oc-fb">
         <name>.common:g_sContext</name>
         <uninitialized>true</uninitialized>
         <run_address>0x20000f00</run_address>
         <size>0x1c</size>
      </object_component>
      <object_component id="oc-256">
         <name>.common:g_sRectangle</name>
         <uninitialized>true</uninitialized>
         <run_address>0x20000f1c</run_address>
         <size>0x8</size>
      </object_component>
      <object_component id="oc-324">
         <name>.common:Lcd_Orientation</name>
         <uninitialized>true</uninitialized>
         <run_address>0x20000f3c</run_address>
         <size>0x1</size>
      </object_component>
      <object_component id="oc-31b">
         <name>.common:Lcd_ScreenWidth</name>
         <uninitialized>true</uninitialized>
         <run_address>0x20000f36</run_address>
         <size>0x2</size>
      </object_component>
      <object_component id="oc-31e">
         <name>.common:Lcd_ScreenHeigth</name>
         <uninitialized>true</uninitialized>
         <run_address>0x20000f34</run_address>
         <size>0x2</size>
      </object_component>
      <object_component id="oc-31f">
         <name>.common:Lcd_PenSolid</name>
         <uninitialized>true</uninitialized>
         <run_address>0x20000f3d</run_address>
         <size>0x1</size>
      </object_component>
      <object_component id="oc-320">
         <name>.common:Lcd_FontSolid</name>
         <uninitialized>true</uninitialized>
         <run_address>0x20000f3b</run_address>
         <size>0x1</size>
      </object_component>
      <object_component id="oc-321">
         <name>.common:Lcd_FlagRead</name>
         <uninitialized>true</uninitialized>
         <run_address>0x20000f3a</run_address>
         <size>0x1</size>
      </object_component>
      <object_component id="oc-322">
         <name>.common:Lcd_TouchTrim</name>
         <uninitialized>true</uninitialized>
         <run_address>0x20000f38</run_address>
         <size>0x2</size>
      </object_component>
      <object_component id="oc-f8">
         <name>.common:__dso_handle</name>
         <uninitialized>true</uninitialized>
         <run_address>0x20000f30</run_address>
         <size>0x4</size>
      </object_component>
      <object_component id="oc-576">
         <name>.common:_ZSt16__dummy_typeinfo</name>
         <uninitialized>true</uninitialized>
         <run_address>0x20000f2c</run_address>
         <size>0x4</size>
      </object_component>
      <object_component id="oc-67f">
         <name>.common:__TI_tmpnams</name>
         <uninitialized>true</uninitialized>
         <run_address>0x20000e10</run_address>
         <size>0xa0</size>
      </object_component>
      <object_component id="oc-68a">
         <name>.common:parmbuf</name>
         <uninitialized>true</uninitialized>
         <run_address>0x20000f24</run_address>
         <size>0x8</size>
      </object_component>
      <object_component id="oc-31">
         <name>.sysmem</name>
         <uninitialized>true</uninitialized>
         <run_address>0x20000000</run_address>
         <size>0x8</size>
         <input_file_ref idref="fl-e5"/>
      </object_component>
      <object_component id="oc-728">
         <name>.sysmem</name>
         <uninitialized>true</uninitialized>
         <run_address>0x20000000</run_address>
         <size>0x0</size>
      </object_component>
      <object_component id="oc-30">
         <name>.stack</name>
         <uninitialized>true</uninitialized>
         <run_address>0x2000fe00</run_address>
         <size>0x0</size>
         <input_file_ref idref="fl-d5"/>
      </object_component>
      <object_component id="oc-727">
         <name>.stack</name>
         <uninitialized>true</uninitialized>
         <run_address>0x2000fe00</run_address>
         <size>0x0</size>
      </object_component>
      <object_component id="oc-198">
         <name>.debug_info</name>
         <load_address>0x0</load_address>
         <run_address>0x0</run_address>
         <size>0x1a1e</size>
         <input_file_ref idref="fl-2"/>
      </object_component>
      <object_component id="oc-ea">
         <name>.debug_info</name>
         <load_address>0x1a1e</load_address>
         <run_address>0x1a1e</run_address>
         <size>0x28f</size>
         <input_file_ref idref="fl-2"/>
      </object_component>
      <object_component id="oc-10d">
         <name>.debug_info</name>
         <load_address>0x1cad</load_address>
         <run_address>0x1cad</run_address>
         <size>0x3fc</size>
         <input_file_ref idref="fl-2"/>
      </object_component>
      <object_component id="oc-140">
         <name>.debug_info</name>
         <load_address>0x20a9</load_address>
         <run_address>0x20a9</run_address>
         <size>0x27e</size>
         <input_file_ref idref="fl-2"/>
      </object_component>
      <object_component id="oc-265">
         <name>.debug_info</name>
         <load_address>0x2327</load_address>
         <run_address>0x2327</run_address>
         <size>0x3bb</size>
         <input_file_ref idref="fl-2"/>
      </object_component>
      <object_component id="oc-382">
         <name>.debug_info</name>
         <load_address>0x26e2</load_address>
         <run_address>0x26e2</run_address>
         <size>0x1ec</size>
         <input_file_ref idref="fl-2"/>
      </object_component>
      <object_component id="oc-1b0">
         <name>.debug_info</name>
         <load_address>0x28ce</load_address>
         <run_address>0x28ce</run_address>
         <size>0x1268</size>
         <input_file_ref idref="fl-2"/>
      </object_component>
      <object_component id="oc-1b5">
         <name>.debug_info</name>
         <load_address>0x3b36</load_address>
         <run_address>0x3b36</run_address>
         <size>0x3fa4</size>
         <input_file_ref idref="fl-2"/>
      </object_component>
      <object_component id="oc-193">
         <name>.debug_info</name>
         <load_address>0x7ada</load_address>
         <run_address>0x7ada</run_address>
         <size>0x41a</size>
         <input_file_ref idref="fl-2"/>
      </object_component>
      <object_component id="oc-1ba">
         <name>.debug_info</name>
         <load_address>0x7ef4</load_address>
         <run_address>0x7ef4</run_address>
         <size>0xe5</size>
         <input_file_ref idref="fl-2"/>
      </object_component>
      <object_component id="oc-1a6">
         <name>.debug_info</name>
         <load_address>0x7fd9</load_address>
         <run_address>0x7fd9</run_address>
         <size>0x4e8</size>
         <input_file_ref idref="fl-2"/>
      </object_component>
      <object_component id="oc-172">
         <name>.debug_info</name>
         <load_address>0x84c1</load_address>
         <run_address>0x84c1</run_address>
         <size>0x340</size>
         <input_file_ref idref="fl-2"/>
      </object_component>
      <object_component id="oc-1bf">
         <name>.debug_info</name>
         <load_address>0x8801</load_address>
         <run_address>0x8801</run_address>
         <size>0x1ef</size>
         <input_file_ref idref="fl-2"/>
      </object_component>
      <object_component id="oc-1c4">
         <name>.debug_info</name>
         <load_address>0x89f0</load_address>
         <run_address>0x89f0</run_address>
         <size>0x5a</size>
         <input_file_ref idref="fl-2"/>
      </object_component>
      <object_component id="oc-1c9">
         <name>.debug_info</name>
         <load_address>0x8a4a</load_address>
         <run_address>0x8a4a</run_address>
[...]
         <value>0x46d1</value>
         <object_component_ref idref="oc-4e4"/>
      </symbol>
      <symbol id="sm-8ec">
         <name>_ZTSN10__cxxabiv117__pbase_type_infoE</name>
         <value>0x6327</value>
         <object_component_ref idref="oc-6da"/>
      </symbol>
      <symbol id="sm-8ed">
         <name>_ZN10__cxxabiv116__enum_type_infoD0Ev</name>
         <value>0x46e5</value>
         <object_component_ref idref="oc-4e4"/>
      </symbol>
      <symbol id="sm-8ee">
         <name>_ZTIe</name>
         <value>0x6458</value>
         <object_component_ref idref="oc-60c"/>
      </symbol>
      <symbol id="sm-8ef">
         <name>_ZN10__cxxabiv121__vmi_class_type_infoD0Ev</name>
         <value>0x469f</value>
         <object_component_ref idref="oc-4e4"/>
      </symbol>
      <symbol id="sm-8f0">
         <name>_ZTVN10__cxxabiv120__si_class_type_infoE</name>
         <value>0x63c8</value>
         <object_component_ref idref="oc-567"/>
      </symbol>
      <symbol id="sm-8f1">
         <name>_ZN10__cxxabiv117__pbase_type_infoD0Ev</name>
         <value>0x46c7</value>
         <object_component_ref idref="oc-4e4"/>
      </symbol>
      <symbol id="sm-8f2">
         <name>_ZN10__cxxabiv117__array_type_infoD0Ev</name>
         <value>0x46db</value>
         <object_component_ref idref="oc-4e4"/>
      </symbol>
      <symbol id="sm-8f3">
         <name>_ZSt21__gen_dummy_typeinfosv</name>
         <value>0x4639</value>
         <object_component_ref idref="oc-4e4"/>
      </symbol>
      <symbol id="sm-8f4">
         <name>_ZN10__cxxabiv129__pointer_to_member_type_infoD1Ev</name>
         <value>0x4689</value>
         <object_component_ref idref="oc-4e4"/>
      </symbol>
      <symbol id="sm-8f5">
         <name>_ZN10__cxxabiv119__pointer_type_infoD0Ev</name>
         <value>0x46bd</value>
         <object_component_ref idref="oc-4e4"/>
      </symbol>
      <symbol id="sm-8f6">
         <name>_ZN10__cxxabiv120__si_class_type_infoD0Ev</name>
         <value>0x46a9</value>
         <object_component_ref idref="oc-4e4"/>
      </symbol>
      <symbol id="sm-8f7">
         <name>_ZTIPKe</name>
         <value>0x6388</value>
         <object_component_ref idref="oc-577"/>
      </symbol>
      <symbol id="sm-8f8">
         <name>_ZNKSt9type_infoeqERKS_</name>
         <value>0x4665</value>
         <object_component_ref idref="oc-4e4"/>
      </symbol>
      <symbol id="sm-900">
         <name>_new_handler</name>
         <value>0x20001150</value>
         <object_component_ref idref="oc-396"/>
      </symbol>
      <symbol id="sm-919">
         <name>_nop</name>
         <value>0x60d7</value>
         <object_component_ref idref="oc-154"/>
      </symbol>
      <symbol id="sm-91a">
         <name>_lock</name>
         <value>0x20001130</value>
         <object_component_ref idref="oc-d5"/>
      </symbol>
      <symbol id="sm-91b">
         <name>_unlock</name>
         <value>0x20001134</value>
         <object_component_ref idref="oc-d5"/>
      </symbol>
      <symbol id="sm-91c">
         <name>_register_lock</name>
         <value>0x60cf</value>
         <object_component_ref idref="oc-154"/>
      </symbol>
      <symbol id="sm-91d">
         <name>_register_unlock</name>
         <value>0x60c9</value>
         <object_component_ref idref="oc-154"/>
      </symbol>
      <symbol id="sm-a23">
         <name>__TI_printfi</name>
         <value>0x929</value>
         <object_component_ref idref="oc-3b3"/>
      </symbol>
      <symbol id="sm-a37">
         <name>_args_main</name>
         <value>0x5ffd</value>
         <object_component_ref idref="oc-69"/>
      </symbol>
      <symbol id="sm-a4d">
         <name>atoi</name>
         <value>0x57c9</value>
         <object_component_ref idref="oc-4b2"/>
      </symbol>
      <symbol id="sm-a77">
         <name>__TI_auto_init</name>
         <value>0x4fe5</value>
         <object_component_ref idref="oc-63"/>
      </symbol>
      <symbol id="sm-a91">
         <name>copy_in</name>
         <value>0x5815</value>
         <object_component_ref idref="oc-bc"/>
      </symbol>
      <symbol id="sm-a9c">
         <name>_ctypes_</name>
         <value>0x6160</value>
         <object_component_ref idref="oc-553"/>
      </symbol>
      <symbol id="sm-ab1">
         <name>__TI_tmpnams</name>
         <value>0x20000e10</value>
      </symbol>
      <symbol id="sm-ab2">
         <name>__aeabi_stdout</name>
         <value>0x20001110</value>
         <object_component_ref idref="oc-52c"/>
      </symbol>
      <symbol id="sm-ab3">
         <name>__aeabi_stderr</name>
         <value>0x20001114</value>
         <object_component_ref idref="oc-52c"/>
      </symbol>
      <symbol id="sm-ab4">
         <name>__aeabi_stdin</name>
         <value>0x2000110c</value>
         <object_component_ref idref="oc-52c"/>
      </symbol>
      <symbol id="sm-ab5">
         <name>_ftable</name>
         <value>0x20000f40</value>
         <object_component_ref idref="oc-3b9"/>
      </symbol>
      <symbol id="sm-ab6">
         <name>__TI_ft_end</name>
         <value>0x20001108</value>
         <object_component_ref idref="oc-52c"/>
      </symbol>
      <symbol id="sm-aca">
         <name>__aeabi_ddiv</name>
         <value>0x3775</value>
         <object_component_ref idref="oc-495"/>
      </symbol>
      <symbol id="sm-ae1">
         <name>putc</name>
         <value>0x4cbd</value>
         <object_component_ref idref="oc-3a7"/>
      </symbol>
      <symbol id="sm-ae2">
         <name>fputc</name>
         <value>0x4cbd</value>
         <object_component_ref idref="oc-3a7"/>
      </symbol>
      <symbol id="sm-ae3">
         <name>putchar</name>
         <value>0x4d41</value>
         <object_component_ref idref="oc-3a7"/>
      </symbol>
      <symbol id="sm-b05">
         <name>puts</name>
         <value>0x3aed</value>
         <object_component_ref idref="oc-3ad"/>
      </symbol>
      <symbol id="sm-b06">
         <name>fputs</name>
         <value>0x39e1</value>
         <object_component_ref idref="oc-3ad"/>
      </symbol>
      <symbol id="sm-b15">
         <name>ltoa</name>
         <value>0x5721</value>
         <object_component_ref idref="oc-49a"/>
      </symbol>
      <symbol id="sm-b25">
         <name>memccpy</name>
         <value>0x5fe1</value>
         <object_component_ref idref="oc-4b8"/>
      </symbol>
      <symbol id="sm-b35">
         <name>memchr</name>
         <value>0x5f69</value>
         <object_component_ref idref="oc-488"/>
      </symbol>
      <symbol id="sm-b52">
         <name>floorl</name>
         <value>0x4071</value>
         <object_component_ref idref="oc-2db"/>
      </symbol>
      <symbol id="sm-b53">
         <name>floor</name>
         <value>0x4071</value>
         <object_component_ref idref="oc-2db"/>
      </symbol>
      <symbol id="sm-b6e">
         <name>frexpl</name>
         <value>0x5339</value>
         <object_component_ref idref="oc-4a0"/>
      </symbol>
      <symbol id="sm-b6f">
         <name>frexp</name>
         <value>0x5339</value>
         <object_component_ref idref="oc-4a0"/>
      </symbol>
      <symbol id="sm-b8c">
         <name>scalbn</name>
         <value>0x3f75</value>
         <object_component_ref idref="oc-4a6"/>
      </symbol>
      <symbol id="sm-b8d">
         <name>scalbnl</name>
         <value>0x3f75</value>
         <object_component_ref idref="oc-4a6"/>
      </symbol>
      <symbol id="sm-b8e">
         <name>ldexpl</name>
         <value>0x3f75</value>
         <object_component_ref idref="oc-4a6"/>
      </symbol>
      <symbol id="sm-b8f">
         <name>ldexp</name>
         <value>0x3f75</value>
         <object_component_ref idref="oc-4a6"/>
      </symbol>
      <symbol id="sm-b99">
         <name>_system_post_cinit</name>
         <value>0x38ab</value>
         <object_component_ref idref="oc-c2"/>
      </symbol>
      <symbol id="sm-ba9">
         <name>strchr</name>
         <value>0x60b1</value>
         <object_component_ref idref="oc-4ac"/>
      </symbol>
      <symbol id="sm-bb7">
         <name>strlen</name>
         <value>0x6105</value>
         <object_component_ref idref="oc-482"/>
      </symbol>
      <symbol id="sm-bd3">
         <name>__aeabi_uldivmod</name>
         <value>0x2903</value>
         <object_component_ref idref="oc-490"/>
      </symbol>
      <symbol id="sm-bf9">
         <name>_stream</name>
         <value>0x200010a8</value>
         <object_component_ref idref="oc-531"/>
      </symbol>
      <symbol id="sm-bfa">
         <name>_device</name>
         <value>0x20001030</value>
         <object_component_ref idref="oc-5d3"/>
      </symbol>
      <symbol id="sm-bfb">
         <name>write</name>
         <value>0x5ed5</value>
         <object_component_ref idref="oc-47a"/>
      </symbol>
      <symbol id="sm-c19">
         <name>__TI_wrt_ok</name>
         <value>0x485f</value>
         <object_component_ref idref="oc-46e"/>
      </symbol>
      <symbol id="sm-c1a">
         <name>__TI_rd_ok</name>
         <value>0x48c1</value>
         <object_component_ref idref="oc-46e"/>
      </symbol>
      <symbol id="sm-c34">
         <name>__TI_doflush</name>
         <value>0x4339</value>
         <object_component_ref idref="oc-474"/>
      </symbol>
      <symbol id="sm-c35">
         <name>fflush</name>
         <value>0x4385</value>
         <object_component_ref idref="oc-474"/>
      </symbol>
      <symbol id="sm-c47">
         <name>fseek</name>
         <value>0x52d5</value>
         <object_component_ref idref="oc-51e"/>
      </symbol>
      <symbol id="sm-c58">
         <name>HOSTclose</name>
         <value>0x5981</value>
         <object_component_ref idref="oc-62c"/>
      </symbol>
      <symbol id="sm-c69">
         <name>HOSTlseek</name>
         <value>0x519d</value>
         <object_component_ref idref="oc-63e"/>
      </symbol>
      <symbol id="sm-c7b">
         <name>parmbuf</name>
         <value>0x20000f24</value>
      </symbol>
      <symbol id="sm-c7c">
         <name>HOSTopen</name>
         <value>0x545d</value>
         <object_component_ref idref="oc-626"/>
      </symbol>
      <symbol id="sm-c8d">
         <name>HOSTread</name>
         <value>0x5575</value>
         <object_component_ref idref="oc-632"/>
      </symbol>
      <symbol id="sm-c9e">
         <name>HOSTrename</name>
         <value>0x5205</value>
         <object_component_ref idref="oc-64a"/>
      </symbol>
      <symbol id="sm-caf">
         <name>HOSTunlink</name>
         <value>0x59c5</value>
         <object_component_ref idref="oc-644"/>
      </symbol>
      <symbol id="sm-cc0">
         <name>HOSTwrite</name>
         <value>0x55cd</value>
         <object_component_ref idref="oc-638"/>
      </symbol>
      <symbol id="sm-cd0">
         <name>lseek</name>
         <value>0x5ead</value>
         <object_component_ref idref="oc-5b8"/>
      </symbol>
      <symbol id="sm-cda">
         <name>copysign</name>
         <value>0x60dd</value>
         <object_component_ref idref="oc-549"/>
      </symbol>
      <symbol id="sm-cdb">
         <name>copysignl</name>
         <value>0x60dd</value>
         <object_component_ref idref="oc-549"/>
      </symbol>
      <symbol id="sm-cf7">
         <name>setvbuf</name>
         <value>0x425d</value>
         <object_component_ref idref="oc-524"/>
      </symbol>
      <symbol id="sm-d05">
         <name>strcpy</name>
         <value>0x60f1</value>
         <object_component_ref idref="oc-698"/>
      </symbol>
      <symbol id="sm-d20">
         <name>__TI_readmsg</name>
         <value>0x529f</value>
         <object_component_ref idref="oc-684"/>
      </symbol>
      <symbol id="sm-d21">
         <name>C$$IO$$</name>
         <value>0x529b</value>
         <object_component_ref idref="oc-684"/>
      </symbol>
      <symbol id="sm-d22">
         <name>__CIOBUF_</name>
         <value>0x20000cf0</value>
         <object_component_ref idref="oc-6c5"/>
      </symbol>
      <symbol id="sm-d23">
         <name>__TI_writemsg</name>
         <value>0x526d</value>
         <object_component_ref idref="oc-684"/>
      </symbol>
      <symbol id="sm-d55">
         <name>__TI_cleanup</name>
         <value>0x2d99</value>
         <object_component_ref idref="oc-5c0"/>
      </symbol>
      <symbol id="sm-d56">
         <name>freopen</name>
         <value>0x2dc5</value>
         <object_component_ref idref="oc-5c0"/>
      </symbol>
      <symbol id="sm-d57">
         <name>fopen</name>
         <value>0x2def</value>
         <object_component_ref idref="oc-5c0"/>
      </symbol>
      <symbol id="sm-d74">
         <name>open</name>
         <value>0x457d</value>
         <object_component_ref idref="oc-615"/>
      </symbol>
      <symbol id="sm-d8a">
         <name>__TI_closefile</name>
         <value>0x4c25</value>
         <object_component_ref idref="oc-61b"/>
      </symbol>
      <symbol id="sm-d8b">
         <name>fclose</name>
         <value>0x4c8b</value>
         <object_component_ref idref="oc-61b"/>
      </symbol>
      <symbol id="sm-da5">
         <name>finddevice</name>
         <value>0x5055</value>
         <object_component_ref idref="oc-66a"/>
      </symbol>
      <symbol id="sm-da6">
         <name>getdevice</name>
         <value>0x507f</value>
         <object_component_ref idref="oc-66a"/>
      </symbol>
      <symbol id="sm-db6">
         <name>strcmp</name>
         <value>0x6015</value>
         <object_component_ref idref="oc-6af"/>
      </symbol>
      <symbol id="sm-dc6">
         <name>strncpy</name>
         <value>0x5c27</value>
         <object_component_ref idref="oc-6b5"/>
      </symbol>
      <symbol id="sm-dd6">
         <name>unlink</name>
         <value>0x5e09</value>
         <object_component_ref idref="oc-679"/>
      </symbol>
      <symbol id="sm-dea">
         <name>close</name>
         <value>0x54bd</value>
         <object_component_ref idref="oc-673"/>
      </symbol>
      <symbol id="sm-deb">
         <name>__TI_static_base__</name>
         <value>0x0</value>
      </symbol>
      <symbol id="sm-dee">
         <name>NMI_Handler</name>
         <value>0x1223</value>
      </symbol>
      <symbol id="sm-def">
         <name>HardFault_Handler</name>
         <value>0x1223</value>
      </symbol>
      <symbol id="sm-df0">
         <name>MemManage_Handler</name>
         <value>0x1223</value>
      </symbol>
      <symbol id="sm-df1">
         <name>BusFault_Handler</name>
         <value>0x1223</value>
      </symbol>
      <symbol id="sm-df2">
         <name>UsageFault_Handler</name>
         <value>0x1223</value>
      </symbol>
      <symbol id="sm-df3">
         <name>SVC_Handler</name>
         <value>0x1223</value>
      </symbol>
      <symbol id="sm-df4">
         <name>DebugMon_Handler</name>
         <value>0x1223</value>
      </symbol>
      <symbol id="sm-df5">
         <name>PendSV_Handler</name>
         <value>0x1223</value>
      </symbol>
      <symbol id="sm-df6">
         <name>SysTick_Handler</name>
         <value>0x1223</value>
      </symbol>
      <symbol id="sm-df7">
         <name>PSS_IRQHandler</name>
         <value>0x1223</value>
      </symbol>
      <symbol id="sm-df8">
         <name>CS_IRQHandler</name>
         <value>0x1223</value>
      </symbol>
      <symbol id="sm-df9">
         <name>PCM_IRQHandler</name>
         <value>0x1223</value>
      </symbol>
      <symbol id="sm-dfa">
         <name>WDT_A_IRQHandler</name>
         <value>0x1223</value>
      </symbol>
      <symbol id="sm-dfb">
         <name>FPU_IRQHandler</name>
         <value>0x1223</value>
      </symbol>
      <symbol id="sm-dfc">
         <name>FLCTL_IRQHandler</name>
         <value>0x1223</value>
      </symbol>
      <symbol id="sm-dfd">
         <name>COMP_E0_IRQHandler</name>
         <value>0x1223</value>
      </symbol>
      <symbol id="sm-dfe">
         <name>COMP_E1_IRQHandler</name>
         <value>0x1223</value>
      </symbol>
      <symbol id="sm-dff">
         <name>TA0_0_IRQHandler</name>
         <value>0x1223</value>
      </symbol>
      <symbol id="sm-e00">
         <name>TA0_N_IRQHandler</name>
         <value>0x1223</value>
      </symbol>
      <symbol id="sm-e01">
         <name>TA1_0_IRQHandler</name>
         <value>0x1223</value>
      </symbol>
      <symbol id="sm-e02">
         <name>TA1_N_IRQHandler</name>
         <value>0x1223</value>
      </symbol>
      <symbol id="sm-e03">
         <name>TA2_0_IRQHandler</name>
         <value>0x1223</value>
      </symbol>
      <symbol id="sm-e04">
         <name>TA2_N_IRQHandler</name>
         <value>0x1223</value>
      </symbol>
      <symbol id="sm-e05">
         <name>TA3_0_IRQHandler</name>
         <value>0x1223</value>
      </symbol>
      <symbol id="sm-e06">
         <name>TA3_N_IRQHandler</name>
         <value>0x1223</value>
      </symbol>
      <symbol id="sm-e07">
         <name>EUSCIA0_IRQHandler</name>
         <value>0x1223</value>
      </symbol>
      <symbol id="sm-e08">
         <name>EUSCIA1_IRQHandler</name>
         <value>0x1223</value>
      </symbol>
      <symbol id="sm-e09">
         <name>EUSCIA2_IRQHandler</name>
         <value>0x1223</value>
      </symbol>
      <symbol id="sm-e0a">
         <name>EUSCIA3_IRQHandler</name>
         <value>0x1223</value>
      </symbol>
      <symbol id="sm-e0b">
         <name>EUSCIB0_IRQHandler</name>
         <value>0x1223</value>
      </symbol>
      <symbol id="sm-e0c">
         <name>EUSCIB1_IRQHandler</name>
         <value>0x1223</value>
      </symbol>
      <symbol id="sm-e0d">
         <name>EUSCIB2_IRQHandler</name>
         <value>0x1223</value>
      </symbol>
      <symbol id="sm-e0e">
         <name>EUSCIB3_IRQHandler</name>
         <value>0x1223</value>
      </symbol>
      <symbol id="sm-e0f">
         <name>ADC14_IRQHandler</name>
         <value>0x5b81</value>
      </symbol>
      <symbol id="sm-e10">
         <name>T32_INT1_IRQHandler</name>
         <value>0x5b09</value>
      </symbol>
      <symbol id="sm-e11">
         <name>T32_INT2_IRQHandler</name>
         <value>0x5fc5</value>
      </symbol>
      <symbol id="sm-e12">
         <name>T32_INTC_IRQHandler</name>
         <value>0x1223</value>
      </symbol>
      <symbol id="sm-e13">
         <name>AES256_IRQHandler</name>
         <value>0x1223</value>
      </symbol>
      <symbol id="sm-e14">
         <name>RTC_C_IRQHandler</name>
         <value>0x1223</value>
      </symbol>
      <symbol id="sm-e15">
         <name>DMA_ERR_IRQHandler</name>
         <value>0x1223</value>
      </symbol>
      <symbol id="sm-e16">
         <name>DMA_INT3_IRQHandler</name>
         <value>0x1223</value>
      </symbol>
      <symbol id="sm-e17">
         <name>DMA_INT2_IRQHandler</name>
         <value>0x1223</value>
      </symbol>
      <symbol id="sm-e18">
         <name>DMA_INT1_IRQHandler</name>
         <value>0x1223</value>
      </symbol>
      <symbol id="sm-e19">
         <name>DMA_INT0_IRQHandler</name>
         <value>0x1223</value>
      </symbol>
      <symbol id="sm-e1a">
         <name>PORT1_IRQHandler</name>
         <value>0x1223</value>
      </symbol>
      <symbol id="sm-e1b">
         <name>PORT2_IRQHandler</name>
         <value>0x1223</value>
      </symbol>
      <symbol id="sm-e1c">
         <name>PORT3_IRQHandler</name>
         <value>0x1223</value>
      </symbol>
      <symbol id="sm-e1d">
         <name>PORT4_IRQHandler</name>
         <value>0x1223</value>
      </symbol>
      <symbol id="sm-e1e">
         <name>PORT5_IRQHandler</name>
         <value>0x1223</value>
      </symbol>
      <symbol id="sm-e1f">
         <name>PORT6_IRQHandler</name>
         <value>0x1223</value>
      </symbol>
      <symbol id="sm-e20">
         <name>remove</name>
         <value>0x5e09</value>
      </symbol>
   </symbol_table>
   <title>Link successful</title>
</link_info>
