******************************************************************************
                  TI ARM Linker Unix v16.9.6                   
******************************************************************************
>> Linked Tue Jul  3 16:12:11 2018

OUTPUT FILE NAME:   <boostxl_edumkii_lightsensor_msp432p401r_MSP_EXP432P401R_nortos_ccs.out>
ENTRY POINT SYMBOL: "_c_int00"  address: 00001611


MEMORY CONFIGURATION

         name            origin    length      used     unused   attr    fill
----------------------  --------  ---------  --------  --------  ----  --------
  MAIN                  00000000   00040000  00001cc2  0003e33e  R  X
  INFO                  00200000   00004000  00000000  00004000  R  X
  SRAM_CODE             01000000   00010000  000002a6  0000fd5a  RW X
  SRAM_DATA             20000000   00010000  000002a6  0000fd5a  RW  


SEGMENT ALLOCATION MAP

run origin  load origin   length   init length attrs members
----------  ----------- ---------- ----------- ----- -------
00000000    00000000    00001cc8   00001cc8    r-x
  00000000    00000000    000000e4   000000e4    r-- .intvecs
  000000e4    000000e4    00001b22   00001b22    r-x .text
  00001c08    00001c08    00000074   00000074    r-- .const
  00001c80    00001c80    00000048   00000048    r-- .cinit
20000000    20000000    000000a6   00000000    rw-
  20000000    20000000    00000080   00000000    rw- .data
  20000080    20000080    00000026   00000000    rw- .bss
2000fe00    2000fe00    00000200   00000000    rw-
  2000fe00    2000fe00    00000200   00000000    rw- .stack


SECTION ALLOCATION MAP

 output                                  attributes/
section   page    origin      length       input sections
--------  ----  ----------  ----------   ----------------
.intvecs   0    00000000    000000e4     
                  00000000    000000e4     startup_msp432p401r_ccs.obj (.intvecs:retain)

.text      0    000000e4    00001b22     
                  000000e4    0000022a     grlib.a : circle.obj (.text:Graphics_fillCircle)
                  0000030e    000001d8     Crystalfontz128x128_ST7735.obj (.text:Crystalfontz128x128_PixelDrawMultiple)
                  000004e6    000001b6     rtsv7M4_T_le_v4SPD16_eabi.lib : fd_add_t2.obj (.text)
                  0000069c    00000148     main.obj (.text:main)
                  000007e4    00000134     Crystalfontz128x128_ST7735.obj (.text:Crystalfontz128x128_SetDrawFrame)
                  00000918    0000012c     Crystalfontz128x128_ST7735.obj (.text:Crystalfontz128x128_Init)
                  00000a44    000000fc     rtsv7M4_T_le_v4SPD16_eabi.lib : fd_mul_t2.obj (.text)
                  00000b40    000000f8                                   : s_floor.obj (.text)
                  00000c38    000000d8     main.obj (.text:T32_INT1_IRQHandler)
                  00000d10    000000c8     main.obj (.text:AccelerometerSetup)
                  00000dd8    000000c0     rtsv7M4_T_le_v4SPD16_eabi.lib : s_round.obj (.text)
                  00000e98    000000b0     msp432p4xx_driverlib.lib : spi.o (.text:SPI_initMaster)
                  00000f48    0000009c     Crystalfontz128x128_ST7735.obj (.text:Crystalfontz128x128_RectFill)
                  00000fe4    0000009c     grlib.a : line.obj (.text:Graphics_drawLineH)
                  00001080    0000009c     rtsv7M4_T_le_v4SPD16_eabi.lib : memcpy_t2.obj (.text)
                  0000111c    00000088     msp432p4xx_driverlib.lib : gpio.o (.text:GPIO_setAsPeripheralModuleFunctionOutputPin)
                  000011a4    00000086     rtsv7M4_T_le_v4SPD16_eabi.lib : fd_cmp_t2.obj (.text:__aeabi_cdcmple)
                  0000122a    00000086                                   : fd_cmp_t2.obj (.text:__aeabi_cdrcmple)
                  000012b0    00000080     main.obj (.text:Setup)
                  00001330    0000007a     rtsv7M4_T_le_v4SPD16_eabi.lib : memset_t2.obj (.text)
                  000013aa    00000002     startup_msp432p401r_ccs.obj (.text:Default_Handler)
                  000013ac    00000078     system_msp432p401r.obj (.text:SystemInit)
                  00001424    00000070     rtsv7M4_T_le_v4SPD16_eabi.lib : autoinit.obj (.text)
                  00001494    00000068                                   : copy_decompress_lzss.obj (.text:decompress:lzss)
                  000014fc    00000060     Crystalfontz128x128_ST7735.obj (.text:Crystalfontz128x128_LineDrawH)
                  0000155c    00000060     Crystalfontz128x128_ST7735.obj (.text:Crystalfontz128x128_LineDrawV)
                  000015bc    00000054     Crystalfontz128x128_ST7735.obj (.text:Crystalfontz128x128_SetOrientation)
                  00001610    00000054     rtsv7M4_T_le_v4SPD16_eabi.lib : boot.obj (.text)
                  00001664    00000054                                   : exit.obj (.text)
                  000016b8    00000052     grlib.a : context.obj (.text:Graphics_initContext)
                  0000170a    00000002     rtsv7M4_T_le_v4SPD16_eabi.lib : mpu_init.obj (.text)
                  0000170c    0000004c     main.obj (.text:ADC14_IRQHandler)
                  00001758    0000004c     rtsv7M4_T_le_v4SPD16_eabi.lib : cpy_tbl.obj (.text)
                  000017a4    00000048     main.obj (.text:__NVIC_SetPriority)
                  000017ec    00000048     rtsv7M4_T_le_v4SPD16_eabi.lib : fd_toi_t2.obj (.text)
                  00001834    00000040     Crystalfontz128x128_ST7735.obj (.text:Crystalfontz128x128_PixelDraw)
                  00001874    00000040     msp432p4xx_driverlib.lib : gpio.o (.text:GPIO_setAsOutputPin)
                  000018b4    00000040     HAL_MSP_EXP432P401R_Crystalfontz128x128_ST7735.obj (.text:HAL_LCD_SpiInit)
                  000018f4    00000040     msp432p4xx_driverlib.lib : spi.o (.text:is_A_Module)
                  00001934    00000038     HAL_MSP_EXP432P401R_Crystalfontz128x128_ST7735.obj (.text:HAL_LCD_writeCommand)
                  0000196c    00000036     grlib.a : display.obj (.text:Graphics_drawHorizontalLineOnDisplay)
                  000019a2    00000030     HAL_MSP_EXP432P401R_Crystalfontz128x128_ST7735.obj (.text:HAL_LCD_PortInit)
                  000019d2    00000002     rtsv7M4_T_le_v4SPD16_eabi.lib : startup.obj (.text)
                  000019d4    00000030     main.obj (.text:__NVIC_EnableIRQ)
                  00001a04    0000002e     rtsv7M4_T_le_v4SPD16_eabi.lib : i_tofd_t2.obj (.text)
                  00001a32    00000002     --HOLE-- [fill = 0]
                  00001a34    0000002c     Crystalfontz128x128_ST7735.obj (.text:Crystalfontz128x128_ClearScreen)
                  00001a60    0000002c     HAL_MSP_EXP432P401R_Crystalfontz128x128_ST7735.obj (.text:HAL_LCD_writeData)
                  00001a8c    00000028     Crystalfontz128x128_ST7735.obj (.text:Crystalfontz128x128_ColorTranslate)
                  00001ab4    00000028     msp432p4xx_driverlib.lib : gpio.o (.text:GPIO_setOutputHighOnPin)
                  00001adc    00000028                              : gpio.o (.text:GPIO_setOutputLowOnPin)
                  00001b04    0000001c                              : spi.o (.text:SPI_enableModule)
                  00001b20    0000001a     grlib.a : display.obj (.text:Graphics_clearDisplayOnDisplay)
                  00001b3a    00000002     --HOLE-- [fill = 0]
                  00001b3c    00000018     rtsv7M4_T_le_v4SPD16_eabi.lib : args_main.obj (.text)
                  00001b54    00000016     msp432p4xx_driverlib.lib : spi.o (.text:EUSCI_A_SPI_enable)
                  00001b6a    00000016                              : spi.o (.text:EUSCI_B_SPI_enable)
                  00001b80    00000016     grlib.a : context.obj (.text:Graphics_setForegroundColor)
                  00001b96    00000016             : display.obj (.text:Graphics_translateColorOnDisplay)
                  00001bac    00000014     rtsv7M4_T_le_v4SPD16_eabi.lib : _lock.obj (.text)
                  00001bc0    00000012     grlib.a : context.obj (.text:Graphics_clearDisplay)
                  00001bd2    0000000e     rtsv7M4_T_le_v4SPD16_eabi.lib : copy_decompress_none.obj (.text:decompress:none)
                  00001be0    0000000c     startup_msp432p401r_ccs.obj (.text:Reset_Handler)
                  00001bec    0000000c     rtsv7M4_T_le_v4SPD16_eabi.lib : copy_zero_init.obj (.text:decompress:ZI)
                  00001bf8    0000000a     Crystalfontz128x128_ST7735.obj (.text:Crystalfontz128x128_Flush)
                  00001c02    00000004     rtsv7M4_T_le_v4SPD16_eabi.lib : pre_init.obj (.text)

.const     0    00001c08    00000074     
                  00001c08    00000030     msp432p4xx_driverlib.lib : gpio.o (.const:GPIO_PORT_TO_BASE)
                  00001c38    00000020     Crystalfontz128x128_ST7735.obj (.const:g_sCrystalfontz128x128_funcs)
                  00001c58    0000001c     HAL_MSP_EXP432P401R_Crystalfontz128x128_ST7735.obj (.const:$P$T0$1)
                  00001c74    00000008     Crystalfontz128x128_ST7735.obj (.const:$P$T0$1)

.cinit     0    00001c80    00000048     
                  00001c80    00000023     (.cinit..data.load) [load image, compression = lzss]
                  00001ca3    00000001     --HOLE-- [fill = 0]
                  00001ca4    0000000c     (__TI_handler_table)
                  00001cb0    00000008     (.cinit..bss.load) [load image, compression = zero_init]
                  00001cb8    00000010     (__TI_cinit_table)

.init_array 
*          0    00000000    00000000     UNINITIALIZED

.binit     0    00000000    00000000     

.data      0    20000000    00000080     UNINITIALIZED
                  20000000    00000058     main.obj (.data)
                  20000058    00000010     Crystalfontz128x128_ST7735.obj (.data:g_sCrystalfontz128x128)
                  20000068    0000000c     rtsv7M4_T_le_v4SPD16_eabi.lib : exit.obj (.data:$O1$$)
                  20000074    00000008                                   : _lock.obj (.data:$O1$$)
                  2000007c    00000004                                   : stkdepth_vars.obj (.data)

.bss       0    20000080    00000026     UNINITIALIZED
                  20000080    0000001c     (.common:g_sContext)
                  2000009c    00000002     (.common:Lcd_ScreenHeigth)
                  2000009e    00000002     (.common:Lcd_ScreenWidth)
                  200000a0    00000002     (.common:Lcd_TouchTrim)
                  200000a2    00000001     (.common:Lcd_FlagRead)
                  200000a3    00000001     (.common:Lcd_FontSolid)
                  200000a4    00000001     (.common:Lcd_Orientation)
                  200000a5    00000001     (.common:Lcd_PenSolid)

.stack     0    2000fe00    00000200     UNINITIALIZED
                  2000fe00    00000200     --HOLE--

MODULE SUMMARY

       Module                                               code   ro data   rw data
       ------                                               ----   -------   -------
    ./
       main.obj                                             1068   0         232    
       system_msp432p401r.obj                               120    0         0      
    +--+----------------------------------------------------+------+---------+---------+
       Total:                                               1188   0         232    
                                                                                    
    ./LcdDriver/
       Crystalfontz128x128_ST7735.obj                       1670   40        52     
       HAL_MSP_EXP432P401R_Crystalfontz128x128_ST7735.obj   212    28        0      
    +--+----------------------------------------------------+------+---------+---------+
       Total:                                               1882   68        52     
                                                                                    
    ./ccs/
       startup_msp432p401r_ccs.obj                          14     228       0      
    +--+----------------------------------------------------+------+---------+---------+
       Total:                                               14     228       0      
                                                                                    
    /home/david/ti/ccsv7/tools/compiler/ti-cgt-arm_16.9.6.LTS/lib/rtsv7M4_T_le_v4SPD16_eabi.lib
       fd_add_t2.obj                                        438    0         0      
       fd_cmp_t2.obj                                        268    0         0      
       fd_mul_t2.obj                                        252    0         0      
       s_floor.obj                                          248    0         0      
       s_round.obj                                          192    0         0      
       memcpy_t2.obj                                        156    0         0      
       memset_t2.obj                                        122    0         0      
       autoinit.obj                                         112    0         0      
       exit.obj                                             84     0         24     
       copy_decompress_lzss.obj                             104    0         0      
       boot.obj                                             84     0         0      
       cpy_tbl.obj                                          76     0         0      
       fd_toi_t2.obj                                        72     0         0      
       i_tofd_t2.obj                                        46     0         0      
       _lock.obj                                            20     0         16     
       args_main.obj                                        24     0         0      
       copy_decompress_none.obj                             14     0         0      
       copy_zero_init.obj                                   12     0         0      
       stkdepth_vars.obj                                    0      0         8      
       pre_init.obj                                         4      0         0      
       mpu_init.obj                                         2      0         0      
       startup.obj                                          2      0         0      
    +--+----------------------------------------------------+------+---------+---------+
       Total:                                               2332   0         48     
                                                                                    
    /home/david/ti/simplelink_msp432p4_sdk_2_20_00_12/source/ti/devices/msp432p4xx/driverlib/ccs/msp432p4xx_driverlib.lib
       gpio.o                                               280    48        0      
       spi.o                                                312    0         0      
    +--+----------------------------------------------------+------+---------+---------+
       Total:                                               592    48        0      
                                                                                    
    /home/david/ti/simplelink_msp432p4_sdk_2_20_00_12/source/ti/grlib/lib/ccs/m4f/grlib.a
       circle.obj                                           554    0         0      
       line.obj                                             156    0         0      
       context.obj                                          122    0         0      
       display.obj                                          102    0         0      
    +--+----------------------------------------------------+------+---------+---------+
       Total:                                               934    0         0      
                                                                                    
       Stack:                                               0      0         1024   
       Linker Generated:                                    0      71        0      
    +--+----------------------------------------------------+------+---------+---------+
       Grand Total:                                         6942   415       1356   


LINKER GENERATED COPY TABLES

__TI_cinit_table @ 00001cb8 records: 2, size/record: 8, table size: 16
	.data: load addr=00001c80, load size=00000023 bytes, run addr=20000000, run size=00000080 bytes, compression=lzss
	.bss: load addr=00001cb0, load size=00000008 bytes, run addr=20000080, run size=00000026 bytes, compression=zero_init


LINKER GENERATED HANDLER TABLE

__TI_handler_table @ 00001ca4 records: 3, size/record: 4, table size: 12
	index: 0, handler: __TI_decompress_lzss
	index: 1, handler: __TI_decompress_none
	index: 2, handler: __TI_zero_init


GLOBAL SYMBOLS: SORTED ALPHABETICALLY BY Name 

address   name                                       
-------   ----                                       
0000170d  ADC14_IRQHandler                           
0000170d  ADC14_IRQHandler                           
000013ab  AES256_IRQHandler                          
00000d11  AccelerometerSetup                         
000013ab  BusFault_Handler                           
00001665  C$$EXIT                                    
000013ab  COMP_E0_IRQHandler                         
000013ab  COMP_E1_IRQHandler                         
000013ab  CS_IRQHandler                              
00000919  Crystalfontz128x128_Init                   
000007e5  Crystalfontz128x128_SetDrawFrame           
000015bd  Crystalfontz128x128_SetOrientation         
000013ab  DMA_ERR_IRQHandler                         
000013ab  DMA_INT0_IRQHandler                        
000013ab  DMA_INT1_IRQHandler                        
000013ab  DMA_INT2_IRQHandler                        
000013ab  DMA_INT3_IRQHandler                        
000013ab  DebugMon_Handler                           
000013ab  Default_Handler                            
000013ab  EUSCIA0_IRQHandler                         
000013ab  EUSCIA1_IRQHandler                         
000013ab  EUSCIA2_IRQHandler                         
000013ab  EUSCIA3_IRQHandler                         
000013ab  EUSCIB0_IRQHandler                         
000013ab  EUSCIB1_IRQHandler                         
000013ab  EUSCIB2_IRQHandler                         
000013ab  EUSCIB3_IRQHandler                         
00001b55  EUSCI_A_SPI_enable                         
00001b6b  EUSCI_B_SPI_enable                         
000013ab  FLCTL_IRQHandler                           
000013ab  FPU_IRQHandler                             
00001875  GPIO_setAsOutputPin                        
0000111d  GPIO_setAsPeripheralModuleFunctionOutputPin
00001ab5  GPIO_setOutputHighOnPin                    
00001add  GPIO_setOutputLowOnPin                     
00001bc1  Graphics_clearDisplay                      
00001b21  Graphics_clearDisplayOnDisplay             
0000196d  Graphics_drawHorizontalLineOnDisplay       
00000fe5  Graphics_drawLineH                         
000000e5  Graphics_fillCircle                        
000016b9  Graphics_initContext                       
00001b81  Graphics_setForegroundColor                
00001b97  Graphics_translateColorOnDisplay           
000019a3  HAL_LCD_PortInit                           
000018b5  HAL_LCD_SpiInit                            
00001935  HAL_LCD_writeCommand                       
00001a61  HAL_LCD_writeData                          
000013ab  HardFault_Handler                          
200000a2  Lcd_FlagRead                               
200000a3  Lcd_FontSolid                              
200000a4  Lcd_Orientation                            
200000a5  Lcd_PenSolid                               
2000009c  Lcd_ScreenHeigth                           
2000009e  Lcd_ScreenWidth                            
200000a0  Lcd_TouchTrim                              
000013ab  MemManage_Handler                          
000013ab  NMI_Handler                                
000013ab  PCM_IRQHandler                             
000013ab  PORT1_IRQHandler                           
000013ab  PORT2_IRQHandler                           
000013ab  PORT3_IRQHandler                           
000013ab  PORT4_IRQHandler                           
000013ab  PORT5_IRQHandler                           
000013ab  PORT6_IRQHandler                           
000013ab  PSS_IRQHandler                             
000013ab  PendSV_Handler                             
000013ab  RTC_C_IRQHandler                           
00001be1  Reset_Handler                              
UNDEFED   SHT$$INIT_ARRAY$$Base                      
UNDEFED   SHT$$INIT_ARRAY$$Limit                     
00001b05  SPI_enableModule                           
00000e99  SPI_initMaster                             
000013ab  SVC_Handler                                
000012b1  Setup                                      
000013ab  SysTick_Handler                            
000013ad  SystemInit                                 
00000c39  T32_INT1_IRQHandler                        
00000c39  T32_INT1_IRQHandler                        
000013ab  T32_INT2_IRQHandler                        
000013ab  T32_INTC_IRQHandler                        
000013ab  TA0_0_IRQHandler                           
000013ab  TA0_N_IRQHandler                           
000013ab  TA1_0_IRQHandler                           
000013ab  TA1_N_IRQHandler                           
000013ab  TA2_0_IRQHandler                           
000013ab  TA2_N_IRQHandler                           
000013ab  TA3_0_IRQHandler                           
000013ab  TA3_N_IRQHandler                           
000013ab  UsageFault_Handler                         
4000480c  WDTCTL_SYM                                 
000013ab  WDT_A_IRQHandler                           
20010000  __STACK_END                                
00000200  __STACK_SIZE                               
00001cb8  __TI_CINIT_Base                            
00001cc8  __TI_CINIT_Limit                           
00001ca4  __TI_Handler_Table_Base                    
00001cb0  __TI_Handler_Table_Limit                   
00001425  __TI_auto_init                             
20000068  __TI_cleanup_ptr                           
00001495  __TI_decompress_lzss                       
00001bd3  __TI_decompress_none                       
2000006c  __TI_dtors_ptr                             
20000070  __TI_enable_exit_profile_output            
ffffffff  __TI_pprof_out_hndl                        
ffffffff  __TI_prof_data_size                        
ffffffff  __TI_prof_data_start                       
00000000  __TI_static_base__                         
00001bed  __TI_zero_init                             
000011a5  __aeabi_cdcmpeq                            
000011a5  __aeabi_cdcmple                            
0000122b  __aeabi_cdrcmple                           
000017ed  __aeabi_d2iz                               
000004f1  __aeabi_dadd                               
00000a45  __aeabi_dmul                               
000004e7  __aeabi_dsub                               
00001a05  __aeabi_i2d                                
00001331  __aeabi_memclr                             
00001331  __aeabi_memclr4                            
00001331  __aeabi_memclr8                            
00001081  __aeabi_memcpy                             
00001081  __aeabi_memcpy4                            
00001081  __aeabi_memcpy8                            
00001333  __aeabi_memset                             
00001333  __aeabi_memset4                            
00001333  __aeabi_memset8                            
ffffffff  __binit__                                  
ffffffff  __c_args__                                 
0000170b  __mpu_init                                 
2000fe00  __stack                                    
00001b3d  _args_main                                 
00001611  _c_int00                                   
20000074  _lock                                      
00001bbb  _nop                                       
00001bb3  _register_lock                             
00001bad  _register_unlock                           
000019d3  _system_post_cinit                         
00001c03  _system_pre_init                           
20000078  _unlock                                    
00001669  abort                                      
20000000  ax                                         
20000004  ay                                         
20000008  az                                         
ffffffff  binit                                      
00001759  copy_in                                    
00001671  exit                                       
00000b41  floor                                      
00000b41  floorl                                     
20000080  g_sContext                                 
20000058  g_sCrystalfontz128x128                     
00001c38  g_sCrystalfontz128x128_funcs               
00000000  interruptVectors                           
0000069d  main                                       
2000007c  main_func_sp                               
00001081  memcpy                                     
00001339  memset                                     
00000dd9  round                                      
00000dd9  roundl                                     
20000010  vx                                         
20000018  vy                                         
20000020  vz                                         
20000028  x                                          
20000040  xold                                       
20000030  y                                          
20000048  yold                                       
20000038  z                                          
20000050  zold                                       


GLOBAL SYMBOLS: SORTED BY Symbol Address 

address   name                                       
-------   ----                                       
00000000  __TI_static_base__                         
00000000  interruptVectors                           
000000e5  Graphics_fillCircle                        
00000200  __STACK_SIZE                               
000004e7  __aeabi_dsub                               
000004f1  __aeabi_dadd                               
0000069d  main                                       
000007e5  Crystalfontz128x128_SetDrawFrame           
00000919  Crystalfontz128x128_Init                   
00000a45  __aeabi_dmul                               
00000b41  floor                                      
00000b41  floorl                                     
00000c39  T32_INT1_IRQHandler                        
00000c39  T32_INT1_IRQHandler                        
00000d11  AccelerometerSetup                         
00000dd9  round                                      
00000dd9  roundl                                     
00000e99  SPI_initMaster                             
00000fe5  Graphics_drawLineH                         
00001081  __aeabi_memcpy                             
00001081  __aeabi_memcpy4                            
00001081  __aeabi_memcpy8                            
00001081  memcpy                                     
0000111d  GPIO_setAsPeripheralModuleFunctionOutputPin
000011a5  __aeabi_cdcmpeq                            
000011a5  __aeabi_cdcmple                            
0000122b  __aeabi_cdrcmple                           
000012b1  Setup                                      
00001331  __aeabi_memclr                             
00001331  __aeabi_memclr4                            
00001331  __aeabi_memclr8                            
00001333  __aeabi_memset                             
00001333  __aeabi_memset4                            
00001333  __aeabi_memset8                            
00001339  memset                                     
000013ab  AES256_IRQHandler                          
000013ab  BusFault_Handler                           
000013ab  COMP_E0_IRQHandler                         
000013ab  COMP_E1_IRQHandler                         
000013ab  CS_IRQHandler                              
000013ab  DMA_ERR_IRQHandler                         
000013ab  DMA_INT0_IRQHandler                        
000013ab  DMA_INT1_IRQHandler                        
000013ab  DMA_INT2_IRQHandler                        
000013ab  DMA_INT3_IRQHandler                        
000013ab  DebugMon_Handler                           
000013ab  Default_Handler                            
000013ab  EUSCIA0_IRQHandler                         
000013ab  EUSCIA1_IRQHandler                         
000013ab  EUSCIA2_IRQHandler                         
000013ab  EUSCIA3_IRQHandler                         
000013ab  EUSCIB0_IRQHandler                         
000013ab  EUSCIB1_IRQHandler                         
000013ab  EUSCIB2_IRQHandler                         
000013ab  EUSCIB3_IRQHandler                         
000013ab  FLCTL_IRQHandler                           
000013ab  FPU_IRQHandler                             
000013ab  HardFault_Handler                          
000013ab  MemManage_Handler                          
000013ab  NMI_Handler                                
000013ab  PCM_IRQHandler                             
000013ab  PORT1_IRQHandler                           
000013ab  PORT2_IRQHandler                           
000013ab  PORT3_IRQHandler                           
000013ab  PORT4_IRQHandler                           
000013ab  PORT5_IRQHandler                           
000013ab  PORT6_IRQHandler                           
000013ab  PSS_IRQHandler                             
000013ab  PendSV_Handler                             
000013ab  RTC_C_IRQHandler                           
000013ab  SVC_Handler                                
000013ab  SysTick_Handler                            
000013ab  T32_INT2_IRQHandler                        
000013ab  T32_INTC_IRQHandler                        
000013ab  TA0_0_IRQHandler                           
000013ab  TA0_N_IRQHandler                           
000013ab  TA1_0_IRQHandler                           
000013ab  TA1_N_IRQHandler                           
000013ab  TA2_0_IRQHandler                           
000013ab  TA2_N_IRQHandler                           
000013ab  TA3_0_IRQHandler                           
000013ab  TA3_N_IRQHandler                           
000013ab  UsageFault_Handler                         
000013ab  WDT_A_IRQHandler                           
000013ad  SystemInit                                 
00001425  __TI_auto_init                             
00001495  __TI_decompress_lzss                       
000015bd  Crystalfontz128x128_SetOrientation         
00001611  _c_int00                                   
00001665  C$$EXIT                                    
00001669  abort                                      
00001671  exit                                       
000016b9  Graphics_initContext                       
0000170b  __mpu_init                                 
0000170d  ADC14_IRQHandler                           
0000170d  ADC14_IRQHandler                           
00001759  copy_in                                    
000017ed  __aeabi_d2iz                               
00001875  GPIO_setAsOutputPin                        
000018b5  HAL_LCD_SpiInit                            
00001935  HAL_LCD_writeCommand                       
0000196d  Graphics_drawHorizontalLineOnDisplay       
000019a3  HAL_LCD_PortInit                           
000019d3  _system_post_cinit                         
00001a05  __aeabi_i2d                                
00001a61  HAL_LCD_writeData                          
00001ab5  GPIO_setOutputHighOnPin                    
00001add  GPIO_setOutputLowOnPin                     
00001b05  SPI_enableModule                           
00001b21  Graphics_clearDisplayOnDisplay             
00001b3d  _args_main                                 
00001b55  EUSCI_A_SPI_enable                         
00001b6b  EUSCI_B_SPI_enable                         
00001b81  Graphics_setForegroundColor                
00001b97  Graphics_translateColorOnDisplay           
00001bad  _register_unlock                           
00001bb3  _register_lock                             
00001bbb  _nop                                       
00001bc1  Graphics_clearDisplay                      
00001bd3  __TI_decompress_none                       
00001be1  Reset_Handler                              
00001bed  __TI_zero_init                             
00001c03  _system_pre_init                           
00001c38  g_sCrystalfontz128x128_funcs               
00001ca4  __TI_Handler_Table_Base                    
00001cb0  __TI_Handler_Table_Limit                   
00001cb8  __TI_CINIT_Base                            
00001cc8  __TI_CINIT_Limit                           
20000000  ax                                         
20000004  ay                                         
20000008  az                                         
20000010  vx                                         
20000018  vy                                         
20000020  vz                                         
20000028  x                                          
20000030  y                                          
20000038  z                                          
20000040  xold                                       
20000048  yold                                       
20000050  zold                                       
20000058  g_sCrystalfontz128x128                     
20000068  __TI_cleanup_ptr                           
2000006c  __TI_dtors_ptr                             
20000070  __TI_enable_exit_profile_output            
20000074  _lock                                      
20000078  _unlock                                    
2000007c  main_func_sp                               
20000080  g_sContext                                 
2000009c  Lcd_ScreenHeigth                           
2000009e  Lcd_ScreenWidth                            
200000a0  Lcd_TouchTrim                              
200000a2  Lcd_FlagRead                               
200000a3  Lcd_FontSolid                              
200000a4  Lcd_Orientation                            
200000a5  Lcd_PenSolid                               
2000fe00  __stack                                    
20010000  __STACK_END                                
4000480c  WDTCTL_SYM                                 
ffffffff  __TI_pprof_out_hndl                        
ffffffff  __TI_prof_data_size                        
ffffffff  __TI_prof_data_start                       
ffffffff  __binit__                                  
ffffffff  __c_args__                                 
ffffffff  binit                                      
UNDEFED   SHT$$INIT_ARRAY$$Base                      
UNDEFED   SHT$$INIT_ARRAY$$Limit                     

[166 symbols]
